[2026-02-16T02:28:44.645+0000] {local_task_job_runner.py:120} INFO - ::group::Pre task execution logs
[2026-02-16T02:28:44.672+0000] {taskinstance.py:2076} INFO - Dependencies all met for dep_context=non-requeueable deps ti=<TaskInstance: produce_json.get_playlist_id manual__2026-02-16T02:24:32+00:00 [queued]>
[2026-02-16T02:28:44.683+0000] {taskinstance.py:2076} INFO - Dependencies all met for dep_context=requeueable deps ti=<TaskInstance: produce_json.get_playlist_id manual__2026-02-16T02:24:32+00:00 [queued]>
[2026-02-16T02:28:44.683+0000] {taskinstance.py:2306} INFO - Starting attempt 1 of 3
[2026-02-16T02:28:44.698+0000] {taskinstance.py:2330} INFO - Executing <Task(_PythonDecoratedOperator): get_playlist_id> on 2026-02-16 02:24:32+00:00
[2026-02-16T02:28:44.704+0000] {warnings.py:112} WARNING - /home/airflow/.local/lib/python3.12/site-packages/airflow/task/task_runner/standard_task_runner.py:61: DeprecationWarning: This process (pid=135) is multi-threaded, use of fork() may lead to deadlocks in the child.
  pid = os.fork()

[2026-02-16T02:28:44.705+0000] {standard_task_runner.py:63} INFO - Started process 137 to run task
[2026-02-16T02:28:44.706+0000] {standard_task_runner.py:90} INFO - Running: ['airflow', 'tasks', 'run', 'produce_json', 'get_playlist_id', 'manual__2026-02-16T02:24:32+00:00', '--job-id', '3', '--raw', '--subdir', 'DAGS_FOLDER/main.py', '--cfg-path', '/tmp/tmpi1klbyga']
[2026-02-16T02:28:44.707+0000] {standard_task_runner.py:91} INFO - Job 3: Subtask get_playlist_id
[2026-02-16T02:28:44.764+0000] {task_command.py:426} INFO - Running <TaskInstance: produce_json.get_playlist_id manual__2026-02-16T02:24:32+00:00 [running]> on host 933a8b56490f
[2026-02-16T02:28:44.847+0000] {taskinstance.py:2648} INFO - Exporting env vars: AIRFLOW_CTX_DAG_EMAIL='data@engineers.com' AIRFLOW_CTX_DAG_OWNER='dataengineers' AIRFLOW_CTX_DAG_ID='produce_json' AIRFLOW_CTX_TASK_ID='get_playlist_id' AIRFLOW_CTX_EXECUTION_DATE='2026-02-16T02:24:32+00:00' AIRFLOW_CTX_TRY_NUMBER='1' AIRFLOW_CTX_DAG_RUN_ID='manual__2026-02-16T02:24:32+00:00'
[2026-02-16T02:28:44.848+0000] {taskinstance.py:430} INFO - ::endgroup::
[2026-02-16T02:28:45.237+0000] {logging_mixin.py:188} INFO - UUX6OQ3DkcsbYNE6H8uQQuVA
[2026-02-16T02:28:45.240+0000] {python.py:237} INFO - Done. Returned value was: UUX6OQ3DkcsbYNE6H8uQQuVA
[2026-02-16T02:28:45.242+0000] {taskinstance.py:441} INFO - ::group::Post task execution logs
[2026-02-16T02:28:45.268+0000] {taskinstance.py:1206} INFO - Marking task as SUCCESS. dag_id=produce_json, task_id=get_playlist_id, run_id=manual__2026-02-16T02:24:32+00:00, execution_date=20260216T022432, start_date=20260216T022844, end_date=20260216T022845
[2026-02-16T02:28:45.322+0000] {local_task_job_runner.py:240} INFO - Task exited with return code 0
[2026-02-16T02:28:45.348+0000] {taskinstance.py:3503} INFO - 0 downstream tasks scheduled from follow-on schedule check
[2026-02-16T02:28:45.350+0000] {local_task_job_runner.py:222} INFO - ::endgroup::
