[2026-02-22T22:40:32.123+0000] {local_task_job_runner.py:120} INFO - ::group::Pre task execution logs
[2026-02-22T22:40:32.166+0000] {taskinstance.py:2076} INFO - Dependencies all met for dep_context=non-requeueable deps ti=<TaskInstance: produce_json.save_to_json scheduled__2026-02-21T14:00:00+00:00 [queued]>
[2026-02-22T22:40:32.182+0000] {taskinstance.py:2076} INFO - Dependencies all met for dep_context=requeueable deps ti=<TaskInstance: produce_json.save_to_json scheduled__2026-02-21T14:00:00+00:00 [queued]>
[2026-02-22T22:40:32.183+0000] {taskinstance.py:2306} INFO - Starting attempt 1 of 3
[2026-02-22T22:40:32.203+0000] {taskinstance.py:2330} INFO - Executing <Task(_PythonDecoratedOperator): save_to_json> on 2026-02-21 14:00:00+00:00
[2026-02-22T22:40:32.216+0000] {warnings.py:112} WARNING - /home/airflow/.local/lib/python3.12/site-packages/airflow/task/task_runner/standard_task_runner.py:61: DeprecationWarning: This process (pid=82) is multi-threaded, use of fork() may lead to deadlocks in the child.
  pid = os.fork()

[2026-02-22T22:40:32.221+0000] {standard_task_runner.py:63} INFO - Started process 83 to run task
[2026-02-22T22:40:32.223+0000] {standard_task_runner.py:90} INFO - Running: ['airflow', 'tasks', 'run', 'produce_json', 'save_to_json', 'scheduled__2026-02-21T14:00:00+00:00', '--job-id', '219', '--raw', '--subdir', 'DAGS_FOLDER/main.py', '--cfg-path', '/tmp/tmpj66bh97v']
[2026-02-22T22:40:32.226+0000] {standard_task_runner.py:91} INFO - Job 219: Subtask save_to_json
[2026-02-22T22:40:32.360+0000] {task_command.py:426} INFO - Running <TaskInstance: produce_json.save_to_json scheduled__2026-02-21T14:00:00+00:00 [running]> on host cda60c614cff
[2026-02-22T22:40:32.598+0000] {taskinstance.py:2648} INFO - Exporting env vars: AIRFLOW_CTX_DAG_EMAIL='data@engineers.com' AIRFLOW_CTX_DAG_OWNER='dataengineers' AIRFLOW_CTX_DAG_ID='produce_json' AIRFLOW_CTX_TASK_ID='save_to_json' AIRFLOW_CTX_EXECUTION_DATE='2026-02-21T14:00:00+00:00' AIRFLOW_CTX_TRY_NUMBER='1' AIRFLOW_CTX_DAG_RUN_ID='scheduled__2026-02-21T14:00:00+00:00'
[2026-02-22T22:40:32.601+0000] {taskinstance.py:430} INFO - ::endgroup::
[2026-02-22T22:40:32.631+0000] {python.py:237} INFO - Done. Returned value was: None
[2026-02-22T22:40:32.632+0000] {taskinstance.py:441} INFO - ::group::Post task execution logs
[2026-02-22T22:40:32.645+0000] {taskinstance.py:1206} INFO - Marking task as SUCCESS. dag_id=produce_json, task_id=save_to_json, run_id=scheduled__2026-02-21T14:00:00+00:00, execution_date=20260221T140000, start_date=20260222T224032, end_date=20260222T224032
[2026-02-22T22:40:32.682+0000] {local_task_job_runner.py:240} INFO - Task exited with return code 0
[2026-02-22T22:40:32.709+0000] {taskinstance.py:3503} INFO - 0 downstream tasks scheduled from follow-on schedule check
[2026-02-22T22:40:32.712+0000] {local_task_job_runner.py:222} INFO - ::endgroup::
[2026-02-22T23:26:44.209+0000] {local_task_job_runner.py:120} INFO - ::group::Pre task execution logs
[2026-02-22T23:26:44.254+0000] {taskinstance.py:2076} INFO - Dependencies all met for dep_context=non-requeueable deps ti=<TaskInstance: produce_json.save_to_json scheduled__2026-02-21T14:00:00+00:00 [queued]>
[2026-02-22T23:26:44.268+0000] {taskinstance.py:2076} INFO - Dependencies all met for dep_context=requeueable deps ti=<TaskInstance: produce_json.save_to_json scheduled__2026-02-21T14:00:00+00:00 [queued]>
[2026-02-22T23:26:44.269+0000] {taskinstance.py:2306} INFO - Starting attempt 1 of 3
[2026-02-22T23:26:44.288+0000] {taskinstance.py:2330} INFO - Executing <Task(_PythonDecoratedOperator): save_to_json> on 2026-02-21 14:00:00+00:00
[2026-02-22T23:26:44.297+0000] {warnings.py:112} WARNING - /home/airflow/.local/lib/python3.12/site-packages/airflow/task/task_runner/standard_task_runner.py:61: DeprecationWarning: This process (pid=530) is multi-threaded, use of fork() may lead to deadlocks in the child.
  pid = os.fork()

[2026-02-22T23:26:44.299+0000] {standard_task_runner.py:63} INFO - Started process 531 to run task
[2026-02-22T23:26:44.300+0000] {standard_task_runner.py:90} INFO - Running: ['airflow', 'tasks', 'run', 'produce_json', 'save_to_json', 'scheduled__2026-02-21T14:00:00+00:00', '--job-id', '233', '--raw', '--subdir', 'DAGS_FOLDER/main.py', '--cfg-path', '/tmp/tmpxpqnjvhz']
[2026-02-22T23:26:44.302+0000] {standard_task_runner.py:91} INFO - Job 233: Subtask save_to_json
[2026-02-22T23:26:44.410+0000] {task_command.py:426} INFO - Running <TaskInstance: produce_json.save_to_json scheduled__2026-02-21T14:00:00+00:00 [running]> on host 74dced0ada0c
[2026-02-22T23:26:44.647+0000] {taskinstance.py:2648} INFO - Exporting env vars: AIRFLOW_CTX_DAG_EMAIL='data@engineers.com' AIRFLOW_CTX_DAG_OWNER='dataengineers' AIRFLOW_CTX_DAG_ID='produce_json' AIRFLOW_CTX_TASK_ID='save_to_json' AIRFLOW_CTX_EXECUTION_DATE='2026-02-21T14:00:00+00:00' AIRFLOW_CTX_TRY_NUMBER='1' AIRFLOW_CTX_DAG_RUN_ID='scheduled__2026-02-21T14:00:00+00:00'
[2026-02-22T23:26:44.649+0000] {taskinstance.py:430} INFO - ::endgroup::
[2026-02-22T23:26:44.684+0000] {python.py:237} INFO - Done. Returned value was: None
[2026-02-22T23:26:44.686+0000] {taskinstance.py:441} INFO - ::group::Post task execution logs
[2026-02-22T23:26:44.700+0000] {taskinstance.py:1206} INFO - Marking task as SUCCESS. dag_id=produce_json, task_id=save_to_json, run_id=scheduled__2026-02-21T14:00:00+00:00, execution_date=20260221T140000, start_date=20260222T232644, end_date=20260222T232644
[2026-02-22T23:26:44.758+0000] {local_task_job_runner.py:240} INFO - Task exited with return code 0
[2026-02-22T23:26:44.773+0000] {local_task_job_runner.py:222} INFO - ::endgroup::
