[2026-02-21T00:05:51.566+0000] {local_task_job_runner.py:120} INFO - ::group::Pre task execution logs
[2026-02-21T00:05:51.593+0000] {taskinstance.py:2076} INFO - Dependencies all met for dep_context=non-requeueable deps ti=<TaskInstance: update_db.staging_table manual__2026-02-20T23:55:47.448343+00:00 [queued]>
[2026-02-21T00:05:51.604+0000] {taskinstance.py:2076} INFO - Dependencies all met for dep_context=requeueable deps ti=<TaskInstance: update_db.staging_table manual__2026-02-20T23:55:47.448343+00:00 [queued]>
[2026-02-21T00:05:51.605+0000] {taskinstance.py:2306} INFO - Starting attempt 3 of 3
[2026-02-21T00:05:51.619+0000] {taskinstance.py:2330} INFO - Executing <Task(_PythonDecoratedOperator): staging_table> on 2026-02-20 23:55:47.448343+00:00
[2026-02-21T00:05:51.625+0000] {warnings.py:112} WARNING - /home/airflow/.local/lib/python3.12/site-packages/airflow/task/task_runner/standard_task_runner.py:61: DeprecationWarning: This process (pid=70) is multi-threaded, use of fork() may lead to deadlocks in the child.
  pid = os.fork()

[2026-02-21T00:05:51.627+0000] {standard_task_runner.py:63} INFO - Started process 71 to run task
[2026-02-21T00:05:51.626+0000] {standard_task_runner.py:90} INFO - Running: ['airflow', 'tasks', 'run', 'update_db', 'staging_table', 'manual__2026-02-20T23:55:47.448343+00:00', '--job-id', '161', '--raw', '--subdir', 'DAGS_FOLDER/main.py', '--cfg-path', '/tmp/tmp0ofu2m5s']
[2026-02-21T00:05:51.628+0000] {standard_task_runner.py:91} INFO - Job 161: Subtask staging_table
[2026-02-21T00:05:51.719+0000] {task_command.py:426} INFO - Running <TaskInstance: update_db.staging_table manual__2026-02-20T23:55:47.448343+00:00 [running]> on host dad303c8dd6b
[2026-02-21T00:05:51.809+0000] {taskinstance.py:2648} INFO - Exporting env vars: AIRFLOW_CTX_DAG_EMAIL='data@engineers.com' AIRFLOW_CTX_DAG_OWNER='dataengineers' AIRFLOW_CTX_DAG_ID='update_db' AIRFLOW_CTX_TASK_ID='staging_table' AIRFLOW_CTX_EXECUTION_DATE='2026-02-20T23:55:47.448343+00:00' AIRFLOW_CTX_TRY_NUMBER='3' AIRFLOW_CTX_DAG_RUN_ID='manual__2026-02-20T23:55:47.448343+00:00'
[2026-02-21T00:05:51.811+0000] {taskinstance.py:430} INFO - ::endgroup::
[2026-02-21T00:05:51.850+0000] {data_utils.py:20} INFO - Database connection established
[2026-02-21T00:05:51.856+0000] {data_loading.py:18} INFO - Loading data from /opt/airflow/data/YT_data_2026-02-20.json
[2026-02-21T00:05:51.869+0000] {data_loading.py:23} INFO - Loaded 945 records from JSON
[2026-02-21T00:05:51.904+0000] {data_utils.py:20} INFO - Database connection established
[2026-02-21T00:05:51.906+0000] {data_utils.py:43} INFO - Schema 'staging' created or already exists
[2026-02-21T00:05:51.907+0000] {data_utils.py:33} INFO - Database connection closed
[2026-02-21T00:05:51.944+0000] {data_utils.py:20} INFO - Database connection established
[2026-02-21T00:05:51.958+0000] {data_utils.py:76} INFO - Table 'staging.yt_api' created or already exists
[2026-02-21T00:05:51.959+0000] {data_utils.py:33} INFO - Database connection closed
[2026-02-21T00:05:51.961+0000] {data_utils.py:89} INFO - Retrieved 0 video IDs from staging
[2026-02-21T00:05:51.962+0000] {data_modification.py:25} ERROR - Error inserting row with Video_Id: hjkbqeWQAM8 - column "Video_Id" of relation "yt_api" does not exist
LINE 1: INSERT INTO staging.yt_api ("Video_Id", "Video_Title", "Uplo...
                                    ^

[2026-02-21T00:05:51.963+0000] {dwh.py:51} ERROR - An error occured during the update of staging table: column "Video_Id" of relation "yt_api" does not exist
LINE 1: INSERT INTO staging.yt_api ("Video_Id", "Video_Title", "Uplo...
                                    ^

[2026-02-21T00:05:51.964+0000] {data_utils.py:33} INFO - Database connection closed
[2026-02-21T00:05:51.970+0000] {taskinstance.py:441} INFO - ::group::Post task execution logs
[2026-02-21T00:05:51.972+0000] {taskinstance.py:2905} ERROR - Task failed with exception
Traceback (most recent call last):
  File "/home/airflow/.local/lib/python3.12/site-packages/airflow/models/taskinstance.py", line 465, in _execute_task
    result = _execute_callable(context=context, **execute_callable_kwargs)
             ^^^^^^^^^^^^^^^^^^^^^^^^^^^^^^^^^^^^^^^^^^^^^^^^^^^^^^^^^^^^^
  File "/home/airflow/.local/lib/python3.12/site-packages/airflow/models/taskinstance.py", line 432, in _execute_callable
    return execute_callable(context=context, **execute_callable_kwargs)
           ^^^^^^^^^^^^^^^^^^^^^^^^^^^^^^^^^^^^^^^^^^^^^^^^^^^^^^^^^^^^
  File "/home/airflow/.local/lib/python3.12/site-packages/airflow/models/baseoperator.py", line 401, in wrapper
    return func(self, *args, **kwargs)
           ^^^^^^^^^^^^^^^^^^^^^^^^^^^
  File "/home/airflow/.local/lib/python3.12/site-packages/airflow/decorators/base.py", line 265, in execute
    return_value = super().execute(context)
                   ^^^^^^^^^^^^^^^^^^^^^^^^
  File "/home/airflow/.local/lib/python3.12/site-packages/airflow/models/baseoperator.py", line 401, in wrapper
    return func(self, *args, **kwargs)
           ^^^^^^^^^^^^^^^^^^^^^^^^^^^
  File "/home/airflow/.local/lib/python3.12/site-packages/airflow/operators/python.py", line 235, in execute
    return_value = self.execute_callable()
                   ^^^^^^^^^^^^^^^^^^^^^^^
  File "/home/airflow/.local/lib/python3.12/site-packages/airflow/operators/python.py", line 252, in execute_callable
    return self.python_callable(*self.op_args, **self.op_kwargs)
           ^^^^^^^^^^^^^^^^^^^^^^^^^^^^^^^^^^^^^^^^^^^^^^^^^^^^^
  File "/opt/airflow/dags/datawarehouse/dwh.py", line 52, in staging_table
    raise e
  File "/opt/airflow/dags/datawarehouse/dwh.py", line 33, in staging_table
    insert_rows(cur, conn, schema, row)
  File "/opt/airflow/dags/datawarehouse/data_modification.py", line 26, in insert_rows
    raise e
  File "/opt/airflow/dags/datawarehouse/data_modification.py", line 10, in insert_rows
    cur.execute(
  File "/home/airflow/.local/lib/python3.12/site-packages/psycopg2/extras.py", line 236, in execute
    return super().execute(query, vars)
           ^^^^^^^^^^^^^^^^^^^^^^^^^^^^
psycopg2.errors.UndefinedColumn: column "Video_Id" of relation "yt_api" does not exist
LINE 1: INSERT INTO staging.yt_api ("Video_Id", "Video_Title", "Uplo...
                                    ^

[2026-02-21T00:05:51.997+0000] {taskinstance.py:1206} INFO - Marking task as FAILED. dag_id=update_db, task_id=staging_table, run_id=manual__2026-02-20T23:55:47.448343+00:00, execution_date=20260220T235547, start_date=20260221T000551, end_date=20260221T000551
[2026-02-21T00:05:52.009+0000] {standard_task_runner.py:110} ERROR - Failed to execute job 161 for task staging_table (column "Video_Id" of relation "yt_api" does not exist
LINE 1: INSERT INTO staging.yt_api ("Video_Id", "Video_Title", "Uplo...
                                    ^
; 71)
[2026-02-21T00:05:52.043+0000] {local_task_job_runner.py:240} INFO - Task exited with return code 1
[2026-02-21T00:05:52.084+0000] {taskinstance.py:3503} INFO - 0 downstream tasks scheduled from follow-on schedule check
[2026-02-21T00:05:52.089+0000] {local_task_job_runner.py:222} INFO - ::endgroup::
