[2026-02-18T23:18:34.630+0000] {local_task_job_runner.py:120} INFO - ::group::Pre task execution logs
[2026-02-18T23:18:34.652+0000] {taskinstance.py:2076} INFO - Dependencies all met for dep_context=non-requeueable deps ti=<TaskInstance: produce_json.get_playlist_id manual__2026-02-18T23:18:33.700933+00:00 [queued]>
[2026-02-18T23:18:34.661+0000] {taskinstance.py:2076} INFO - Dependencies all met for dep_context=requeueable deps ti=<TaskInstance: produce_json.get_playlist_id manual__2026-02-18T23:18:33.700933+00:00 [queued]>
[2026-02-18T23:18:34.662+0000] {taskinstance.py:2306} INFO - Starting attempt 1 of 3
[2026-02-18T23:18:34.675+0000] {taskinstance.py:2330} INFO - Executing <Task(_PythonDecoratedOperator): get_playlist_id> on 2026-02-18 23:18:33.700933+00:00
[2026-02-18T23:18:34.682+0000] {warnings.py:112} WARNING - /home/airflow/.local/lib/python3.12/site-packages/airflow/task/task_runner/standard_task_runner.py:61: DeprecationWarning: This process (pid=366) is multi-threaded, use of fork() may lead to deadlocks in the child.
  pid = os.fork()

[2026-02-18T23:18:34.683+0000] {standard_task_runner.py:63} INFO - Started process 367 to run task
[2026-02-18T23:18:34.684+0000] {standard_task_runner.py:90} INFO - Running: ['airflow', 'tasks', 'run', 'produce_json', 'get_playlist_id', 'manual__2026-02-18T23:18:33.700933+00:00', '--job-id', '45', '--raw', '--subdir', 'DAGS_FOLDER/main.py', '--cfg-path', '/tmp/tmp466s0hha']
[2026-02-18T23:18:34.685+0000] {standard_task_runner.py:91} INFO - Job 45: Subtask get_playlist_id
[2026-02-18T23:18:34.747+0000] {task_command.py:426} INFO - Running <TaskInstance: produce_json.get_playlist_id manual__2026-02-18T23:18:33.700933+00:00 [running]> on host dad303c8dd6b
[2026-02-18T23:18:34.865+0000] {taskinstance.py:2648} INFO - Exporting env vars: AIRFLOW_CTX_DAG_EMAIL='data@engineers.com' AIRFLOW_CTX_DAG_OWNER='dataengineers' AIRFLOW_CTX_DAG_ID='produce_json' AIRFLOW_CTX_TASK_ID='get_playlist_id' AIRFLOW_CTX_EXECUTION_DATE='2026-02-18T23:18:33.700933+00:00' AIRFLOW_CTX_TRY_NUMBER='1' AIRFLOW_CTX_DAG_RUN_ID='manual__2026-02-18T23:18:33.700933+00:00'
[2026-02-18T23:18:34.866+0000] {taskinstance.py:430} INFO - ::endgroup::
[2026-02-18T23:18:35.336+0000] {logging_mixin.py:188} INFO - UUX6OQ3DkcsbYNE6H8uQQuVA
[2026-02-18T23:18:35.338+0000] {python.py:237} INFO - Done. Returned value was: UUX6OQ3DkcsbYNE6H8uQQuVA
[2026-02-18T23:18:35.339+0000] {taskinstance.py:441} INFO - ::group::Post task execution logs
[2026-02-18T23:18:35.370+0000] {taskinstance.py:1206} INFO - Marking task as SUCCESS. dag_id=produce_json, task_id=get_playlist_id, run_id=manual__2026-02-18T23:18:33.700933+00:00, execution_date=20260218T231833, start_date=20260218T231834, end_date=20260218T231835
[2026-02-18T23:18:35.420+0000] {local_task_job_runner.py:240} INFO - Task exited with return code 0
[2026-02-18T23:18:35.445+0000] {taskinstance.py:3503} INFO - 1 downstream tasks scheduled from follow-on schedule check
[2026-02-18T23:18:35.447+0000] {local_task_job_runner.py:222} INFO - ::endgroup::
