[2026-02-22T23:37:19.129+0000] {local_task_job_runner.py:120} INFO - ::group::Pre task execution logs
[2026-02-22T23:37:19.162+0000] {taskinstance.py:2076} INFO - Dependencies all met for dep_context=non-requeueable deps ti=<TaskInstance: update_db.staging_table manual__2026-02-22T23:27:13.561427+00:00 [queued]>
[2026-02-22T23:37:19.174+0000] {taskinstance.py:2076} INFO - Dependencies all met for dep_context=requeueable deps ti=<TaskInstance: update_db.staging_table manual__2026-02-22T23:27:13.561427+00:00 [queued]>
[2026-02-22T23:37:19.175+0000] {taskinstance.py:2306} INFO - Starting attempt 3 of 3
[2026-02-22T23:37:19.194+0000] {taskinstance.py:2330} INFO - Executing <Task(_PythonDecoratedOperator): staging_table> on 2026-02-22 23:27:13.561427+00:00
[2026-02-22T23:37:19.202+0000] {warnings.py:112} WARNING - /home/airflow/.local/lib/python3.12/site-packages/airflow/task/task_runner/standard_task_runner.py:61: DeprecationWarning: This process (pid=675) is multi-threaded, use of fork() may lead to deadlocks in the child.
  pid = os.fork()

[2026-02-22T23:37:19.204+0000] {standard_task_runner.py:63} INFO - Started process 676 to run task
[2026-02-22T23:37:19.204+0000] {standard_task_runner.py:90} INFO - Running: ['airflow', 'tasks', 'run', 'update_db', 'staging_table', 'manual__2026-02-22T23:27:13.561427+00:00', '--job-id', '239', '--raw', '--subdir', 'DAGS_FOLDER/main.py', '--cfg-path', '/tmp/tmpogs1e56l']
[2026-02-22T23:37:19.205+0000] {standard_task_runner.py:91} INFO - Job 239: Subtask staging_table
[2026-02-22T23:37:19.304+0000] {task_command.py:426} INFO - Running <TaskInstance: update_db.staging_table manual__2026-02-22T23:27:13.561427+00:00 [running]> on host 74dced0ada0c
[2026-02-22T23:37:19.478+0000] {taskinstance.py:2648} INFO - Exporting env vars: AIRFLOW_CTX_DAG_EMAIL='data@engineers.com' AIRFLOW_CTX_DAG_OWNER='dataengineers' AIRFLOW_CTX_DAG_ID='update_db' AIRFLOW_CTX_TASK_ID='staging_table' AIRFLOW_CTX_EXECUTION_DATE='2026-02-22T23:27:13.561427+00:00' AIRFLOW_CTX_TRY_NUMBER='3' AIRFLOW_CTX_DAG_RUN_ID='manual__2026-02-22T23:27:13.561427+00:00'
[2026-02-22T23:37:19.480+0000] {taskinstance.py:430} INFO - ::endgroup::
[2026-02-22T23:37:19.492+0000] {base.py:84} INFO - Using connection ID 'postgres_db_yt_elt' for task execution.
[2026-02-22T23:37:19.500+0000] {data_utils.py:13} INFO - Database connection established
[2026-02-22T23:37:19.506+0000] {data_loading.py:18} INFO - Loading data from /opt/airflow/data/YT_data_2026-02-22.json
[2026-02-22T23:37:19.520+0000] {data_loading.py:23} INFO - Loaded 947 records from JSON
[2026-02-22T23:37:19.521+0000] {dwh.py:51} ERROR - An error occured during the update of staging table: create_schema() takes 1 positional argument but 3 were given
[2026-02-22T23:37:19.522+0000] {data_utils.py:20} INFO - Database connection closed
[2026-02-22T23:37:19.525+0000] {taskinstance.py:441} INFO - ::group::Post task execution logs
[2026-02-22T23:37:19.526+0000] {taskinstance.py:2905} ERROR - Task failed with exception
Traceback (most recent call last):
  File "/home/airflow/.local/lib/python3.12/site-packages/airflow/models/taskinstance.py", line 465, in _execute_task
    result = _execute_callable(context=context, **execute_callable_kwargs)
             ^^^^^^^^^^^^^^^^^^^^^^^^^^^^^^^^^^^^^^^^^^^^^^^^^^^^^^^^^^^^^
  File "/home/airflow/.local/lib/python3.12/site-packages/airflow/models/taskinstance.py", line 432, in _execute_callable
    return execute_callable(context=context, **execute_callable_kwargs)
           ^^^^^^^^^^^^^^^^^^^^^^^^^^^^^^^^^^^^^^^^^^^^^^^^^^^^^^^^^^^^
  File "/home/airflow/.local/lib/python3.12/site-packages/airflow/models/baseoperator.py", line 401, in wrapper
    return func(self, *args, **kwargs)
           ^^^^^^^^^^^^^^^^^^^^^^^^^^^
  File "/home/airflow/.local/lib/python3.12/site-packages/airflow/decorators/base.py", line 265, in execute
    return_value = super().execute(context)
                   ^^^^^^^^^^^^^^^^^^^^^^^^
  File "/home/airflow/.local/lib/python3.12/site-packages/airflow/models/baseoperator.py", line 401, in wrapper
    return func(self, *args, **kwargs)
           ^^^^^^^^^^^^^^^^^^^^^^^^^^^
  File "/home/airflow/.local/lib/python3.12/site-packages/airflow/operators/python.py", line 235, in execute
    return_value = self.execute_callable()
                   ^^^^^^^^^^^^^^^^^^^^^^^
  File "/home/airflow/.local/lib/python3.12/site-packages/airflow/operators/python.py", line 252, in execute_callable
    return self.python_callable(*self.op_args, **self.op_kwargs)
           ^^^^^^^^^^^^^^^^^^^^^^^^^^^^^^^^^^^^^^^^^^^^^^^^^^^^^
  File "/opt/airflow/dags/datawarehouse/dwh.py", line 52, in staging_table
    raise e
  File "/opt/airflow/dags/datawarehouse/dwh.py", line 25, in staging_table
    create_schema(cur, conn, schema)
TypeError: create_schema() takes 1 positional argument but 3 were given
[2026-02-22T23:37:19.545+0000] {taskinstance.py:1206} INFO - Marking task as FAILED. dag_id=update_db, task_id=staging_table, run_id=manual__2026-02-22T23:27:13.561427+00:00, execution_date=20260222T232713, start_date=20260222T233719, end_date=20260222T233719
[2026-02-22T23:37:19.572+0000] {standard_task_runner.py:110} ERROR - Failed to execute job 239 for task staging_table (create_schema() takes 1 positional argument but 3 were given; 676)
[2026-02-22T23:37:19.621+0000] {local_task_job_runner.py:240} INFO - Task exited with return code 1
[2026-02-22T23:37:19.653+0000] {taskinstance.py:3503} INFO - 0 downstream tasks scheduled from follow-on schedule check
[2026-02-22T23:37:19.659+0000] {local_task_job_runner.py:222} INFO - ::endgroup::
