[2026-02-22T23:27:14.821+0000] {local_task_job_runner.py:120} INFO - ::group::Pre task execution logs
[2026-02-22T23:27:14.858+0000] {taskinstance.py:2076} INFO - Dependencies all met for dep_context=non-requeueable deps ti=<TaskInstance: update_db.staging_table manual__2026-02-22T23:27:13.561427+00:00 [queued]>
[2026-02-22T23:27:14.871+0000] {taskinstance.py:2076} INFO - Dependencies all met for dep_context=requeueable deps ti=<TaskInstance: update_db.staging_table manual__2026-02-22T23:27:13.561427+00:00 [queued]>
[2026-02-22T23:27:14.873+0000] {taskinstance.py:2306} INFO - Starting attempt 1 of 3
[2026-02-22T23:27:14.896+0000] {taskinstance.py:2330} INFO - Executing <Task(_PythonDecoratedOperator): staging_table> on 2026-02-22 23:27:13.561427+00:00
[2026-02-22T23:27:14.904+0000] {warnings.py:112} WARNING - /home/airflow/.local/lib/python3.12/site-packages/airflow/task/task_runner/standard_task_runner.py:61: DeprecationWarning: This process (pid=541) is multi-threaded, use of fork() may lead to deadlocks in the child.
  pid = os.fork()

[2026-02-22T23:27:14.906+0000] {standard_task_runner.py:63} INFO - Started process 542 to run task
[2026-02-22T23:27:14.908+0000] {standard_task_runner.py:90} INFO - Running: ['airflow', 'tasks', 'run', 'update_db', 'staging_table', 'manual__2026-02-22T23:27:13.561427+00:00', '--job-id', '235', '--raw', '--subdir', 'DAGS_FOLDER/main.py', '--cfg-path', '/tmp/tmpffsc_6f7']
[2026-02-22T23:27:14.910+0000] {standard_task_runner.py:91} INFO - Job 235: Subtask staging_table
[2026-02-22T23:27:15.016+0000] {task_command.py:426} INFO - Running <TaskInstance: update_db.staging_table manual__2026-02-22T23:27:13.561427+00:00 [running]> on host 74dced0ada0c
[2026-02-22T23:27:15.180+0000] {taskinstance.py:2648} INFO - Exporting env vars: AIRFLOW_CTX_DAG_EMAIL='data@engineers.com' AIRFLOW_CTX_DAG_OWNER='dataengineers' AIRFLOW_CTX_DAG_ID='update_db' AIRFLOW_CTX_TASK_ID='staging_table' AIRFLOW_CTX_EXECUTION_DATE='2026-02-22T23:27:13.561427+00:00' AIRFLOW_CTX_TRY_NUMBER='1' AIRFLOW_CTX_DAG_RUN_ID='manual__2026-02-22T23:27:13.561427+00:00'
[2026-02-22T23:27:15.182+0000] {taskinstance.py:430} INFO - ::endgroup::
[2026-02-22T23:27:15.199+0000] {base.py:84} INFO - Using connection ID 'postgres_db_yt_elt' for task execution.
[2026-02-22T23:27:15.207+0000] {data_utils.py:13} INFO - Database connection established
[2026-02-22T23:27:15.212+0000] {data_loading.py:18} INFO - Loading data from /opt/airflow/data/YT_data_2026-02-22.json
[2026-02-22T23:27:15.224+0000] {data_loading.py:23} INFO - Loaded 947 records from JSON
[2026-02-22T23:27:15.227+0000] {base.py:84} INFO - Using connection ID 'postgres_db_yt_elt' for task execution.
[2026-02-22T23:27:15.234+0000] {data_utils.py:13} INFO - Database connection established
[2026-02-22T23:27:15.236+0000] {data_utils.py:27} INFO - Schema staging created or already exists
[2026-02-22T23:27:15.237+0000] {data_utils.py:20} INFO - Database connection closed
[2026-02-22T23:27:15.240+0000] {base.py:84} INFO - Using connection ID 'postgres_db_yt_elt' for task execution.
[2026-02-22T23:27:15.247+0000] {data_utils.py:13} INFO - Database connection established
[2026-02-22T23:27:15.249+0000] {data_utils.py:62} INFO - Table staging.yt_api created or already exists
[2026-02-22T23:27:15.250+0000] {data_utils.py:20} INFO - Database connection closed
[2026-02-22T23:27:15.254+0000] {data_utils.py:70} INFO - Retrieved 0 video IDs from staging
[2026-02-22T23:27:15.256+0000] {data_modification.py:23} ERROR - Error inserting row with video_id: KaUuPNYHFNg - column "title" of relation "yt_api" does not exist
LINE 1: INSERT INTO staging.yt_api (video_id, title, publishedat, du...
                                              ^

[2026-02-22T23:27:15.257+0000] {dwh.py:51} ERROR - An error occured during the update of staging table: column "title" of relation "yt_api" does not exist
LINE 1: INSERT INTO staging.yt_api (video_id, title, publishedat, du...
                                              ^

[2026-02-22T23:27:15.257+0000] {data_utils.py:20} INFO - Database connection closed
[2026-02-22T23:27:15.260+0000] {taskinstance.py:441} INFO - ::group::Post task execution logs
[2026-02-22T23:27:15.261+0000] {taskinstance.py:2905} ERROR - Task failed with exception
Traceback (most recent call last):
  File "/home/airflow/.local/lib/python3.12/site-packages/airflow/models/taskinstance.py", line 465, in _execute_task
    result = _execute_callable(context=context, **execute_callable_kwargs)
             ^^^^^^^^^^^^^^^^^^^^^^^^^^^^^^^^^^^^^^^^^^^^^^^^^^^^^^^^^^^^^
  File "/home/airflow/.local/lib/python3.12/site-packages/airflow/models/taskinstance.py", line 432, in _execute_callable
    return execute_callable(context=context, **execute_callable_kwargs)
           ^^^^^^^^^^^^^^^^^^^^^^^^^^^^^^^^^^^^^^^^^^^^^^^^^^^^^^^^^^^^
  File "/home/airflow/.local/lib/python3.12/site-packages/airflow/models/baseoperator.py", line 401, in wrapper
    return func(self, *args, **kwargs)
           ^^^^^^^^^^^^^^^^^^^^^^^^^^^
  File "/home/airflow/.local/lib/python3.12/site-packages/airflow/decorators/base.py", line 265, in execute
    return_value = super().execute(context)
                   ^^^^^^^^^^^^^^^^^^^^^^^^
  File "/home/airflow/.local/lib/python3.12/site-packages/airflow/models/baseoperator.py", line 401, in wrapper
    return func(self, *args, **kwargs)
           ^^^^^^^^^^^^^^^^^^^^^^^^^^^
  File "/home/airflow/.local/lib/python3.12/site-packages/airflow/operators/python.py", line 235, in execute
    return_value = self.execute_callable()
                   ^^^^^^^^^^^^^^^^^^^^^^^
  File "/home/airflow/.local/lib/python3.12/site-packages/airflow/operators/python.py", line 252, in execute_callable
    return self.python_callable(*self.op_args, **self.op_kwargs)
           ^^^^^^^^^^^^^^^^^^^^^^^^^^^^^^^^^^^^^^^^^^^^^^^^^^^^^
  File "/opt/airflow/dags/datawarehouse/dwh.py", line 52, in staging_table
    raise e
  File "/opt/airflow/dags/datawarehouse/dwh.py", line 33, in staging_table
    insert_rows(cur, conn, schema, row)
  File "/opt/airflow/dags/datawarehouse/data_modification.py", line 24, in insert_rows
    raise e
  File "/opt/airflow/dags/datawarehouse/data_modification.py", line 9, in insert_rows
    cur.execute(
  File "/home/airflow/.local/lib/python3.12/site-packages/psycopg2/extras.py", line 236, in execute
    return super().execute(query, vars)
           ^^^^^^^^^^^^^^^^^^^^^^^^^^^^
psycopg2.errors.UndefinedColumn: column "title" of relation "yt_api" does not exist
LINE 1: INSERT INTO staging.yt_api (video_id, title, publishedat, du...
                                              ^

[2026-02-22T23:27:15.291+0000] {taskinstance.py:1206} INFO - Marking task as UP_FOR_RETRY. dag_id=update_db, task_id=staging_table, run_id=manual__2026-02-22T23:27:13.561427+00:00, execution_date=20260222T232713, start_date=20260222T232714, end_date=20260222T232715
[2026-02-22T23:27:15.313+0000] {standard_task_runner.py:110} ERROR - Failed to execute job 235 for task staging_table (column "title" of relation "yt_api" does not exist
LINE 1: INSERT INTO staging.yt_api (video_id, title, publishedat, du...
                                              ^
; 542)
[2026-02-22T23:27:15.324+0000] {local_task_job_runner.py:240} INFO - Task exited with return code 1
[2026-02-22T23:27:15.358+0000] {taskinstance.py:3503} INFO - 0 downstream tasks scheduled from follow-on schedule check
[2026-02-22T23:27:15.362+0000] {local_task_job_runner.py:222} INFO - ::endgroup::
