[2026-02-21T00:00:25.467+0000] {processor.py:161} INFO - Started process (PID=464) to work on /opt/airflow/dags/main.py
[2026-02-21T00:00:25.468+0000] {processor.py:830} INFO - Processing file /opt/airflow/dags/main.py for tasks to queue
[2026-02-21T00:00:25.471+0000] {logging_mixin.py:188} INFO - [2026-02-21T00:00:25.470+0000] {dagbag.py:545} INFO - Filling up the DagBag from /opt/airflow/dags/main.py
[2026-02-21T00:00:25.595+0000] {processor.py:840} INFO - DAG(s) 'produce_json', 'update_db' retrieved from /opt/airflow/dags/main.py
[2026-02-21T00:00:25.634+0000] {logging_mixin.py:188} INFO - [2026-02-21T00:00:25.633+0000] {dag.py:3096} INFO - Sync 2 DAGs
[2026-02-21T00:00:25.655+0000] {logging_mixin.py:188} INFO - [2026-02-21T00:00:25.655+0000] {dag.py:3954} INFO - Setting next_dagrun for produce_json to 2026-02-20 14:00:00+00:00, run_after=2026-02-21 14:00:00+00:00
[2026-02-21T00:00:25.661+0000] {logging_mixin.py:188} INFO - [2026-02-21T00:00:25.661+0000] {dag.py:3954} INFO - Setting next_dagrun for update_db to 2026-02-20 15:00:00+00:00, run_after=2026-02-21 15:00:00+00:00
[2026-02-21T00:00:25.693+0000] {processor.py:183} INFO - Processing /opt/airflow/dags/main.py took 0.233 seconds
[2026-02-21T00:00:55.894+0000] {processor.py:161} INFO - Started process (PID=477) to work on /opt/airflow/dags/main.py
[2026-02-21T00:00:55.896+0000] {processor.py:830} INFO - Processing file /opt/airflow/dags/main.py for tasks to queue
[2026-02-21T00:00:55.899+0000] {logging_mixin.py:188} INFO - [2026-02-21T00:00:55.898+0000] {dagbag.py:545} INFO - Filling up the DagBag from /opt/airflow/dags/main.py
[2026-02-21T00:00:56.007+0000] {processor.py:840} INFO - DAG(s) 'update_db', 'produce_json' retrieved from /opt/airflow/dags/main.py
[2026-02-21T00:00:56.040+0000] {logging_mixin.py:188} INFO - [2026-02-21T00:00:56.040+0000] {dag.py:3096} INFO - Sync 2 DAGs
[2026-02-21T00:00:56.061+0000] {logging_mixin.py:188} INFO - [2026-02-21T00:00:56.061+0000] {dag.py:3954} INFO - Setting next_dagrun for produce_json to 2026-02-20 14:00:00+00:00, run_after=2026-02-21 14:00:00+00:00
[2026-02-21T00:00:56.067+0000] {logging_mixin.py:188} INFO - [2026-02-21T00:00:56.067+0000] {dag.py:3954} INFO - Setting next_dagrun for update_db to 2026-02-20 15:00:00+00:00, run_after=2026-02-21 15:00:00+00:00
[2026-02-21T00:00:56.089+0000] {processor.py:183} INFO - Processing /opt/airflow/dags/main.py took 0.200 seconds
[2026-02-21T00:01:26.214+0000] {processor.py:161} INFO - Started process (PID=484) to work on /opt/airflow/dags/main.py
[2026-02-21T00:01:26.218+0000] {processor.py:830} INFO - Processing file /opt/airflow/dags/main.py for tasks to queue
[2026-02-21T00:01:26.221+0000] {logging_mixin.py:188} INFO - [2026-02-21T00:01:26.221+0000] {dagbag.py:545} INFO - Filling up the DagBag from /opt/airflow/dags/main.py
[2026-02-21T00:01:26.392+0000] {processor.py:840} INFO - DAG(s) 'produce_json', 'update_db' retrieved from /opt/airflow/dags/main.py
[2026-02-21T00:01:26.426+0000] {logging_mixin.py:188} INFO - [2026-02-21T00:01:26.426+0000] {dag.py:3096} INFO - Sync 2 DAGs
[2026-02-21T00:01:26.457+0000] {logging_mixin.py:188} INFO - [2026-02-21T00:01:26.456+0000] {dag.py:3954} INFO - Setting next_dagrun for produce_json to 2026-02-20 14:00:00+00:00, run_after=2026-02-21 14:00:00+00:00
[2026-02-21T00:01:26.462+0000] {logging_mixin.py:188} INFO - [2026-02-21T00:01:26.462+0000] {dag.py:3954} INFO - Setting next_dagrun for update_db to 2026-02-20 15:00:00+00:00, run_after=2026-02-21 15:00:00+00:00
[2026-02-21T00:01:26.492+0000] {processor.py:183} INFO - Processing /opt/airflow/dags/main.py took 0.290 seconds
[2026-02-21T00:01:56.769+0000] {processor.py:161} INFO - Started process (PID=491) to work on /opt/airflow/dags/main.py
[2026-02-21T00:01:56.770+0000] {processor.py:830} INFO - Processing file /opt/airflow/dags/main.py for tasks to queue
[2026-02-21T00:01:56.780+0000] {logging_mixin.py:188} INFO - [2026-02-21T00:01:56.780+0000] {dagbag.py:545} INFO - Filling up the DagBag from /opt/airflow/dags/main.py
[2026-02-21T00:01:56.949+0000] {processor.py:840} INFO - DAG(s) 'update_db', 'produce_json' retrieved from /opt/airflow/dags/main.py
[2026-02-21T00:01:56.993+0000] {logging_mixin.py:188} INFO - [2026-02-21T00:01:56.993+0000] {dag.py:3096} INFO - Sync 2 DAGs
[2026-02-21T00:01:57.024+0000] {logging_mixin.py:188} INFO - [2026-02-21T00:01:57.024+0000] {dag.py:3954} INFO - Setting next_dagrun for produce_json to 2026-02-20 14:00:00+00:00, run_after=2026-02-21 14:00:00+00:00
[2026-02-21T00:01:57.032+0000] {logging_mixin.py:188} INFO - [2026-02-21T00:01:57.032+0000] {dag.py:3954} INFO - Setting next_dagrun for update_db to 2026-02-20 15:00:00+00:00, run_after=2026-02-21 15:00:00+00:00
[2026-02-21T00:01:57.057+0000] {processor.py:183} INFO - Processing /opt/airflow/dags/main.py took 0.295 seconds
[2026-02-21T00:02:27.267+0000] {processor.py:161} INFO - Started process (PID=498) to work on /opt/airflow/dags/main.py
[2026-02-21T00:02:27.268+0000] {processor.py:830} INFO - Processing file /opt/airflow/dags/main.py for tasks to queue
[2026-02-21T00:02:27.271+0000] {logging_mixin.py:188} INFO - [2026-02-21T00:02:27.270+0000] {dagbag.py:545} INFO - Filling up the DagBag from /opt/airflow/dags/main.py
[2026-02-21T00:02:27.438+0000] {processor.py:840} INFO - DAG(s) 'produce_json', 'update_db' retrieved from /opt/airflow/dags/main.py
[2026-02-21T00:02:27.472+0000] {logging_mixin.py:188} INFO - [2026-02-21T00:02:27.471+0000] {dag.py:3096} INFO - Sync 2 DAGs
[2026-02-21T00:02:27.493+0000] {logging_mixin.py:188} INFO - [2026-02-21T00:02:27.492+0000] {dag.py:3954} INFO - Setting next_dagrun for produce_json to 2026-02-20 14:00:00+00:00, run_after=2026-02-21 14:00:00+00:00
[2026-02-21T00:02:27.498+0000] {logging_mixin.py:188} INFO - [2026-02-21T00:02:27.498+0000] {dag.py:3954} INFO - Setting next_dagrun for update_db to 2026-02-20 15:00:00+00:00, run_after=2026-02-21 15:00:00+00:00
[2026-02-21T00:02:27.518+0000] {processor.py:183} INFO - Processing /opt/airflow/dags/main.py took 0.257 seconds
[2026-02-21T00:02:57.726+0000] {processor.py:161} INFO - Started process (PID=505) to work on /opt/airflow/dags/main.py
[2026-02-21T00:02:57.728+0000] {processor.py:830} INFO - Processing file /opt/airflow/dags/main.py for tasks to queue
[2026-02-21T00:02:57.730+0000] {logging_mixin.py:188} INFO - [2026-02-21T00:02:57.729+0000] {dagbag.py:545} INFO - Filling up the DagBag from /opt/airflow/dags/main.py
[2026-02-21T00:02:57.869+0000] {processor.py:840} INFO - DAG(s) 'update_db', 'produce_json' retrieved from /opt/airflow/dags/main.py
[2026-02-21T00:02:57.906+0000] {logging_mixin.py:188} INFO - [2026-02-21T00:02:57.905+0000] {dag.py:3096} INFO - Sync 2 DAGs
[2026-02-21T00:02:57.926+0000] {logging_mixin.py:188} INFO - [2026-02-21T00:02:57.926+0000] {dag.py:3954} INFO - Setting next_dagrun for produce_json to 2026-02-20 14:00:00+00:00, run_after=2026-02-21 14:00:00+00:00
[2026-02-21T00:02:57.931+0000] {logging_mixin.py:188} INFO - [2026-02-21T00:02:57.931+0000] {dag.py:3954} INFO - Setting next_dagrun for update_db to 2026-02-20 15:00:00+00:00, run_after=2026-02-21 15:00:00+00:00
[2026-02-21T00:02:57.962+0000] {processor.py:183} INFO - Processing /opt/airflow/dags/main.py took 0.242 seconds
[2026-02-21T00:03:28.131+0000] {processor.py:161} INFO - Started process (PID=512) to work on /opt/airflow/dags/main.py
[2026-02-21T00:03:28.132+0000] {processor.py:830} INFO - Processing file /opt/airflow/dags/main.py for tasks to queue
[2026-02-21T00:03:28.135+0000] {logging_mixin.py:188} INFO - [2026-02-21T00:03:28.134+0000] {dagbag.py:545} INFO - Filling up the DagBag from /opt/airflow/dags/main.py
[2026-02-21T00:03:28.266+0000] {processor.py:840} INFO - DAG(s) 'update_db', 'produce_json' retrieved from /opt/airflow/dags/main.py
[2026-02-21T00:03:28.301+0000] {logging_mixin.py:188} INFO - [2026-02-21T00:03:28.301+0000] {dag.py:3096} INFO - Sync 2 DAGs
[2026-02-21T00:03:28.323+0000] {logging_mixin.py:188} INFO - [2026-02-21T00:03:28.322+0000] {dag.py:3954} INFO - Setting next_dagrun for produce_json to 2026-02-20 14:00:00+00:00, run_after=2026-02-21 14:00:00+00:00
[2026-02-21T00:03:28.329+0000] {logging_mixin.py:188} INFO - [2026-02-21T00:03:28.329+0000] {dag.py:3954} INFO - Setting next_dagrun for update_db to 2026-02-20 15:00:00+00:00, run_after=2026-02-21 15:00:00+00:00
[2026-02-21T00:03:28.355+0000] {processor.py:183} INFO - Processing /opt/airflow/dags/main.py took 0.231 seconds
[2026-02-21T00:03:58.507+0000] {processor.py:161} INFO - Started process (PID=519) to work on /opt/airflow/dags/main.py
[2026-02-21T00:03:58.508+0000] {processor.py:830} INFO - Processing file /opt/airflow/dags/main.py for tasks to queue
[2026-02-21T00:03:58.511+0000] {logging_mixin.py:188} INFO - [2026-02-21T00:03:58.511+0000] {dagbag.py:545} INFO - Filling up the DagBag from /opt/airflow/dags/main.py
[2026-02-21T00:03:58.623+0000] {processor.py:840} INFO - DAG(s) 'update_db', 'produce_json' retrieved from /opt/airflow/dags/main.py
[2026-02-21T00:03:58.673+0000] {logging_mixin.py:188} INFO - [2026-02-21T00:03:58.673+0000] {dag.py:3096} INFO - Sync 2 DAGs
[2026-02-21T00:03:58.709+0000] {logging_mixin.py:188} INFO - [2026-02-21T00:03:58.709+0000] {dag.py:3954} INFO - Setting next_dagrun for produce_json to 2026-02-20 14:00:00+00:00, run_after=2026-02-21 14:00:00+00:00
[2026-02-21T00:03:58.722+0000] {logging_mixin.py:188} INFO - [2026-02-21T00:03:58.722+0000] {dag.py:3954} INFO - Setting next_dagrun for update_db to 2026-02-20 15:00:00+00:00, run_after=2026-02-21 15:00:00+00:00
[2026-02-21T00:03:58.748+0000] {processor.py:183} INFO - Processing /opt/airflow/dags/main.py took 0.247 seconds
[2026-02-21T00:04:28.916+0000] {processor.py:161} INFO - Started process (PID=533) to work on /opt/airflow/dags/main.py
[2026-02-21T00:04:28.918+0000] {processor.py:830} INFO - Processing file /opt/airflow/dags/main.py for tasks to queue
[2026-02-21T00:04:28.920+0000] {logging_mixin.py:188} INFO - [2026-02-21T00:04:28.920+0000] {dagbag.py:545} INFO - Filling up the DagBag from /opt/airflow/dags/main.py
[2026-02-21T00:04:29.023+0000] {processor.py:840} INFO - DAG(s) 'update_db', 'produce_json' retrieved from /opt/airflow/dags/main.py
[2026-02-21T00:04:29.059+0000] {logging_mixin.py:188} INFO - [2026-02-21T00:04:29.058+0000] {dag.py:3096} INFO - Sync 2 DAGs
[2026-02-21T00:04:29.078+0000] {logging_mixin.py:188} INFO - [2026-02-21T00:04:29.078+0000] {dag.py:3954} INFO - Setting next_dagrun for produce_json to 2026-02-20 14:00:00+00:00, run_after=2026-02-21 14:00:00+00:00
[2026-02-21T00:04:29.084+0000] {logging_mixin.py:188} INFO - [2026-02-21T00:04:29.084+0000] {dag.py:3954} INFO - Setting next_dagrun for update_db to 2026-02-20 15:00:00+00:00, run_after=2026-02-21 15:00:00+00:00
[2026-02-21T00:04:29.112+0000] {processor.py:183} INFO - Processing /opt/airflow/dags/main.py took 0.202 seconds
[2026-02-21T00:05:01.333+0000] {processor.py:161} INFO - Started process (PID=42) to work on /opt/airflow/dags/main.py
[2026-02-21T00:05:01.335+0000] {processor.py:830} INFO - Processing file /opt/airflow/dags/main.py for tasks to queue
[2026-02-21T00:05:01.338+0000] {logging_mixin.py:188} INFO - [2026-02-21T00:05:01.338+0000] {dagbag.py:545} INFO - Filling up the DagBag from /opt/airflow/dags/main.py
[2026-02-21T00:05:01.435+0000] {processor.py:840} INFO - DAG(s) 'produce_json', 'update_db' retrieved from /opt/airflow/dags/main.py
[2026-02-21T00:05:01.505+0000] {logging_mixin.py:188} INFO - [2026-02-21T00:05:01.505+0000] {dag.py:3096} INFO - Sync 2 DAGs
[2026-02-21T00:05:01.548+0000] {logging_mixin.py:188} INFO - [2026-02-21T00:05:01.548+0000] {dag.py:3954} INFO - Setting next_dagrun for produce_json to 2026-02-20 14:00:00+00:00, run_after=2026-02-21 14:00:00+00:00
[2026-02-21T00:05:01.555+0000] {logging_mixin.py:188} INFO - [2026-02-21T00:05:01.555+0000] {dag.py:3954} INFO - Setting next_dagrun for update_db to 2026-02-20 15:00:00+00:00, run_after=2026-02-21 15:00:00+00:00
[2026-02-21T00:05:01.581+0000] {processor.py:183} INFO - Processing /opt/airflow/dags/main.py took 0.255 seconds
[2026-02-21T00:05:31.705+0000] {processor.py:161} INFO - Started process (PID=61) to work on /opt/airflow/dags/main.py
[2026-02-21T00:05:31.706+0000] {processor.py:830} INFO - Processing file /opt/airflow/dags/main.py for tasks to queue
[2026-02-21T00:05:31.709+0000] {logging_mixin.py:188} INFO - [2026-02-21T00:05:31.708+0000] {dagbag.py:545} INFO - Filling up the DagBag from /opt/airflow/dags/main.py
[2026-02-21T00:05:31.797+0000] {processor.py:840} INFO - DAG(s) 'update_db', 'produce_json' retrieved from /opt/airflow/dags/main.py
[2026-02-21T00:05:31.836+0000] {logging_mixin.py:188} INFO - [2026-02-21T00:05:31.836+0000] {dag.py:3096} INFO - Sync 2 DAGs
[2026-02-21T00:05:31.860+0000] {logging_mixin.py:188} INFO - [2026-02-21T00:05:31.860+0000] {dag.py:3954} INFO - Setting next_dagrun for produce_json to 2026-02-20 14:00:00+00:00, run_after=2026-02-21 14:00:00+00:00
[2026-02-21T00:05:31.866+0000] {logging_mixin.py:188} INFO - [2026-02-21T00:05:31.866+0000] {dag.py:3954} INFO - Setting next_dagrun for update_db to 2026-02-20 15:00:00+00:00, run_after=2026-02-21 15:00:00+00:00
[2026-02-21T00:05:31.899+0000] {processor.py:183} INFO - Processing /opt/airflow/dags/main.py took 0.201 seconds
[2026-02-21T00:06:02.037+0000] {processor.py:161} INFO - Started process (PID=68) to work on /opt/airflow/dags/main.py
[2026-02-21T00:06:02.038+0000] {processor.py:830} INFO - Processing file /opt/airflow/dags/main.py for tasks to queue
[2026-02-21T00:06:02.041+0000] {logging_mixin.py:188} INFO - [2026-02-21T00:06:02.040+0000] {dagbag.py:545} INFO - Filling up the DagBag from /opt/airflow/dags/main.py
[2026-02-21T00:06:02.143+0000] {processor.py:840} INFO - DAG(s) 'update_db', 'produce_json' retrieved from /opt/airflow/dags/main.py
[2026-02-21T00:06:02.175+0000] {logging_mixin.py:188} INFO - [2026-02-21T00:06:02.175+0000] {dag.py:3096} INFO - Sync 2 DAGs
[2026-02-21T00:06:02.197+0000] {logging_mixin.py:188} INFO - [2026-02-21T00:06:02.196+0000] {dag.py:3954} INFO - Setting next_dagrun for produce_json to 2026-02-20 14:00:00+00:00, run_after=2026-02-21 14:00:00+00:00
[2026-02-21T00:06:02.203+0000] {logging_mixin.py:188} INFO - [2026-02-21T00:06:02.202+0000] {dag.py:3954} INFO - Setting next_dagrun for update_db to 2026-02-20 15:00:00+00:00, run_after=2026-02-21 15:00:00+00:00
[2026-02-21T00:06:02.225+0000] {processor.py:183} INFO - Processing /opt/airflow/dags/main.py took 0.194 seconds
[2026-02-21T00:06:32.361+0000] {processor.py:161} INFO - Started process (PID=75) to work on /opt/airflow/dags/main.py
[2026-02-21T00:06:32.363+0000] {processor.py:830} INFO - Processing file /opt/airflow/dags/main.py for tasks to queue
[2026-02-21T00:06:32.365+0000] {logging_mixin.py:188} INFO - [2026-02-21T00:06:32.365+0000] {dagbag.py:545} INFO - Filling up the DagBag from /opt/airflow/dags/main.py
[2026-02-21T00:06:32.481+0000] {processor.py:840} INFO - DAG(s) 'update_db', 'produce_json' retrieved from /opt/airflow/dags/main.py
[2026-02-21T00:06:32.513+0000] {logging_mixin.py:188} INFO - [2026-02-21T00:06:32.512+0000] {dag.py:3096} INFO - Sync 2 DAGs
[2026-02-21T00:06:32.539+0000] {logging_mixin.py:188} INFO - [2026-02-21T00:06:32.539+0000] {dag.py:3954} INFO - Setting next_dagrun for produce_json to 2026-02-20 14:00:00+00:00, run_after=2026-02-21 14:00:00+00:00
[2026-02-21T00:06:32.548+0000] {logging_mixin.py:188} INFO - [2026-02-21T00:06:32.547+0000] {dag.py:3954} INFO - Setting next_dagrun for update_db to 2026-02-20 15:00:00+00:00, run_after=2026-02-21 15:00:00+00:00
[2026-02-21T00:06:32.593+0000] {processor.py:183} INFO - Processing /opt/airflow/dags/main.py took 0.237 seconds
[2026-02-21T00:07:02.766+0000] {processor.py:161} INFO - Started process (PID=94) to work on /opt/airflow/dags/main.py
[2026-02-21T00:07:02.768+0000] {processor.py:830} INFO - Processing file /opt/airflow/dags/main.py for tasks to queue
[2026-02-21T00:07:02.772+0000] {logging_mixin.py:188} INFO - [2026-02-21T00:07:02.771+0000] {dagbag.py:545} INFO - Filling up the DagBag from /opt/airflow/dags/main.py
[2026-02-21T00:07:02.869+0000] {processor.py:840} INFO - DAG(s) 'produce_json', 'update_db' retrieved from /opt/airflow/dags/main.py
[2026-02-21T00:07:02.905+0000] {logging_mixin.py:188} INFO - [2026-02-21T00:07:02.904+0000] {dag.py:3096} INFO - Sync 2 DAGs
[2026-02-21T00:07:02.951+0000] {logging_mixin.py:188} INFO - [2026-02-21T00:07:02.950+0000] {dag.py:3954} INFO - Setting next_dagrun for produce_json to 2026-02-20 14:00:00+00:00, run_after=2026-02-21 14:00:00+00:00
[2026-02-21T00:07:02.957+0000] {logging_mixin.py:188} INFO - [2026-02-21T00:07:02.957+0000] {dag.py:3954} INFO - Setting next_dagrun for update_db to 2026-02-20 15:00:00+00:00, run_after=2026-02-21 15:00:00+00:00
[2026-02-21T00:07:02.990+0000] {processor.py:183} INFO - Processing /opt/airflow/dags/main.py took 0.231 seconds
[2026-02-21T00:07:33.113+0000] {processor.py:161} INFO - Started process (PID=108) to work on /opt/airflow/dags/main.py
[2026-02-21T00:07:33.115+0000] {processor.py:830} INFO - Processing file /opt/airflow/dags/main.py for tasks to queue
[2026-02-21T00:07:33.118+0000] {logging_mixin.py:188} INFO - [2026-02-21T00:07:33.117+0000] {dagbag.py:545} INFO - Filling up the DagBag from /opt/airflow/dags/main.py
[2026-02-21T00:07:33.409+0000] {processor.py:840} INFO - DAG(s) 'produce_json', 'update_db' retrieved from /opt/airflow/dags/main.py
[2026-02-21T00:07:33.451+0000] {logging_mixin.py:188} INFO - [2026-02-21T00:07:33.451+0000] {dag.py:3096} INFO - Sync 2 DAGs
[2026-02-21T00:07:33.479+0000] {logging_mixin.py:188} INFO - [2026-02-21T00:07:33.479+0000] {dag.py:3954} INFO - Setting next_dagrun for produce_json to 2026-02-20 14:00:00+00:00, run_after=2026-02-21 14:00:00+00:00
[2026-02-21T00:07:33.485+0000] {logging_mixin.py:188} INFO - [2026-02-21T00:07:33.485+0000] {dag.py:3954} INFO - Setting next_dagrun for update_db to 2026-02-20 15:00:00+00:00, run_after=2026-02-21 15:00:00+00:00
[2026-02-21T00:07:33.507+0000] {processor.py:183} INFO - Processing /opt/airflow/dags/main.py took 0.400 seconds
[2026-02-21T00:08:03.632+0000] {processor.py:161} INFO - Started process (PID=115) to work on /opt/airflow/dags/main.py
[2026-02-21T00:08:03.634+0000] {processor.py:830} INFO - Processing file /opt/airflow/dags/main.py for tasks to queue
[2026-02-21T00:08:03.637+0000] {logging_mixin.py:188} INFO - [2026-02-21T00:08:03.636+0000] {dagbag.py:545} INFO - Filling up the DagBag from /opt/airflow/dags/main.py
[2026-02-21T00:08:03.775+0000] {processor.py:840} INFO - DAG(s) 'update_db', 'produce_json' retrieved from /opt/airflow/dags/main.py
[2026-02-21T00:08:03.822+0000] {logging_mixin.py:188} INFO - [2026-02-21T00:08:03.821+0000] {dag.py:3096} INFO - Sync 2 DAGs
[2026-02-21T00:08:03.859+0000] {logging_mixin.py:188} INFO - [2026-02-21T00:08:03.859+0000] {dag.py:3954} INFO - Setting next_dagrun for produce_json to 2026-02-20 14:00:00+00:00, run_after=2026-02-21 14:00:00+00:00
[2026-02-21T00:08:03.867+0000] {logging_mixin.py:188} INFO - [2026-02-21T00:08:03.867+0000] {dag.py:3954} INFO - Setting next_dagrun for update_db to 2026-02-20 15:00:00+00:00, run_after=2026-02-21 15:00:00+00:00
[2026-02-21T00:08:03.890+0000] {processor.py:183} INFO - Processing /opt/airflow/dags/main.py took 0.269 seconds
[2026-02-21T00:08:33.996+0000] {processor.py:161} INFO - Started process (PID=122) to work on /opt/airflow/dags/main.py
[2026-02-21T00:08:33.997+0000] {processor.py:830} INFO - Processing file /opt/airflow/dags/main.py for tasks to queue
[2026-02-21T00:08:33.999+0000] {logging_mixin.py:188} INFO - [2026-02-21T00:08:33.999+0000] {dagbag.py:545} INFO - Filling up the DagBag from /opt/airflow/dags/main.py
[2026-02-21T00:08:34.122+0000] {processor.py:840} INFO - DAG(s) 'update_db', 'produce_json' retrieved from /opt/airflow/dags/main.py
[2026-02-21T00:08:34.154+0000] {logging_mixin.py:188} INFO - [2026-02-21T00:08:34.154+0000] {dag.py:3096} INFO - Sync 2 DAGs
[2026-02-21T00:08:34.179+0000] {logging_mixin.py:188} INFO - [2026-02-21T00:08:34.179+0000] {dag.py:3954} INFO - Setting next_dagrun for produce_json to 2026-02-20 14:00:00+00:00, run_after=2026-02-21 14:00:00+00:00
[2026-02-21T00:08:34.186+0000] {logging_mixin.py:188} INFO - [2026-02-21T00:08:34.186+0000] {dag.py:3954} INFO - Setting next_dagrun for update_db to 2026-02-20 15:00:00+00:00, run_after=2026-02-21 15:00:00+00:00
[2026-02-21T00:08:34.218+0000] {processor.py:183} INFO - Processing /opt/airflow/dags/main.py took 0.229 seconds
[2026-02-21T00:09:04.299+0000] {processor.py:161} INFO - Started process (PID=129) to work on /opt/airflow/dags/main.py
[2026-02-21T00:09:04.301+0000] {processor.py:830} INFO - Processing file /opt/airflow/dags/main.py for tasks to queue
[2026-02-21T00:09:04.303+0000] {logging_mixin.py:188} INFO - [2026-02-21T00:09:04.303+0000] {dagbag.py:545} INFO - Filling up the DagBag from /opt/airflow/dags/main.py
[2026-02-21T00:09:04.429+0000] {processor.py:840} INFO - DAG(s) 'update_db', 'produce_json' retrieved from /opt/airflow/dags/main.py
[2026-02-21T00:09:04.468+0000] {logging_mixin.py:188} INFO - [2026-02-21T00:09:04.468+0000] {dag.py:3096} INFO - Sync 2 DAGs
[2026-02-21T00:09:04.490+0000] {logging_mixin.py:188} INFO - [2026-02-21T00:09:04.489+0000] {dag.py:3954} INFO - Setting next_dagrun for produce_json to 2026-02-20 14:00:00+00:00, run_after=2026-02-21 14:00:00+00:00
[2026-02-21T00:09:04.495+0000] {logging_mixin.py:188} INFO - [2026-02-21T00:09:04.495+0000] {dag.py:3954} INFO - Setting next_dagrun for update_db to 2026-02-20 15:00:00+00:00, run_after=2026-02-21 15:00:00+00:00
[2026-02-21T00:09:04.528+0000] {processor.py:183} INFO - Processing /opt/airflow/dags/main.py took 0.235 seconds
[2026-02-21T00:09:35.293+0000] {processor.py:161} INFO - Started process (PID=137) to work on /opt/airflow/dags/main.py
[2026-02-21T00:09:35.295+0000] {processor.py:830} INFO - Processing file /opt/airflow/dags/main.py for tasks to queue
[2026-02-21T00:09:35.297+0000] {logging_mixin.py:188} INFO - [2026-02-21T00:09:35.296+0000] {dagbag.py:545} INFO - Filling up the DagBag from /opt/airflow/dags/main.py
[2026-02-21T00:09:35.424+0000] {processor.py:840} INFO - DAG(s) 'update_db', 'produce_json' retrieved from /opt/airflow/dags/main.py
[2026-02-21T00:09:35.470+0000] {logging_mixin.py:188} INFO - [2026-02-21T00:09:35.469+0000] {dag.py:3096} INFO - Sync 2 DAGs
[2026-02-21T00:09:35.501+0000] {logging_mixin.py:188} INFO - [2026-02-21T00:09:35.501+0000] {dag.py:3954} INFO - Setting next_dagrun for produce_json to 2026-02-20 14:00:00+00:00, run_after=2026-02-21 14:00:00+00:00
[2026-02-21T00:09:35.507+0000] {logging_mixin.py:188} INFO - [2026-02-21T00:09:35.507+0000] {dag.py:3954} INFO - Setting next_dagrun for update_db to 2026-02-20 15:00:00+00:00, run_after=2026-02-21 15:00:00+00:00
[2026-02-21T00:09:35.529+0000] {processor.py:183} INFO - Processing /opt/airflow/dags/main.py took 0.242 seconds
[2026-02-21T00:10:05.809+0000] {processor.py:161} INFO - Started process (PID=144) to work on /opt/airflow/dags/main.py
[2026-02-21T00:10:05.811+0000] {processor.py:830} INFO - Processing file /opt/airflow/dags/main.py for tasks to queue
[2026-02-21T00:10:05.813+0000] {logging_mixin.py:188} INFO - [2026-02-21T00:10:05.813+0000] {dagbag.py:545} INFO - Filling up the DagBag from /opt/airflow/dags/main.py
[2026-02-21T00:10:05.906+0000] {processor.py:840} INFO - DAG(s) 'update_db', 'produce_json' retrieved from /opt/airflow/dags/main.py
[2026-02-21T00:10:05.938+0000] {logging_mixin.py:188} INFO - [2026-02-21T00:10:05.938+0000] {dag.py:3096} INFO - Sync 2 DAGs
[2026-02-21T00:10:05.965+0000] {logging_mixin.py:188} INFO - [2026-02-21T00:10:05.965+0000] {dag.py:3954} INFO - Setting next_dagrun for produce_json to 2026-02-20 14:00:00+00:00, run_after=2026-02-21 14:00:00+00:00
[2026-02-21T00:10:05.972+0000] {logging_mixin.py:188} INFO - [2026-02-21T00:10:05.971+0000] {dag.py:3954} INFO - Setting next_dagrun for update_db to 2026-02-20 15:00:00+00:00, run_after=2026-02-21 15:00:00+00:00
[2026-02-21T00:10:06.003+0000] {processor.py:183} INFO - Processing /opt/airflow/dags/main.py took 0.199 seconds
[2026-02-21T00:10:36.887+0000] {processor.py:161} INFO - Started process (PID=151) to work on /opt/airflow/dags/main.py
[2026-02-21T00:10:36.889+0000] {processor.py:830} INFO - Processing file /opt/airflow/dags/main.py for tasks to queue
[2026-02-21T00:10:36.892+0000] {logging_mixin.py:188} INFO - [2026-02-21T00:10:36.891+0000] {dagbag.py:545} INFO - Filling up the DagBag from /opt/airflow/dags/main.py
[2026-02-21T00:10:37.034+0000] {processor.py:840} INFO - DAG(s) 'produce_json', 'update_db' retrieved from /opt/airflow/dags/main.py
[2026-02-21T00:10:37.071+0000] {logging_mixin.py:188} INFO - [2026-02-21T00:10:37.070+0000] {dag.py:3096} INFO - Sync 2 DAGs
[2026-02-21T00:10:37.103+0000] {logging_mixin.py:188} INFO - [2026-02-21T00:10:37.103+0000] {dag.py:3954} INFO - Setting next_dagrun for produce_json to 2026-02-20 14:00:00+00:00, run_after=2026-02-21 14:00:00+00:00
[2026-02-21T00:10:37.110+0000] {logging_mixin.py:188} INFO - [2026-02-21T00:10:37.110+0000] {dag.py:3954} INFO - Setting next_dagrun for update_db to 2026-02-20 15:00:00+00:00, run_after=2026-02-21 15:00:00+00:00
[2026-02-21T00:10:37.137+0000] {processor.py:183} INFO - Processing /opt/airflow/dags/main.py took 0.256 seconds
[2026-02-21T00:11:07.235+0000] {processor.py:161} INFO - Started process (PID=171) to work on /opt/airflow/dags/main.py
[2026-02-21T00:11:07.244+0000] {processor.py:830} INFO - Processing file /opt/airflow/dags/main.py for tasks to queue
[2026-02-21T00:11:07.247+0000] {logging_mixin.py:188} INFO - [2026-02-21T00:11:07.247+0000] {dagbag.py:545} INFO - Filling up the DagBag from /opt/airflow/dags/main.py
[2026-02-21T00:11:07.375+0000] {processor.py:840} INFO - DAG(s) 'produce_json', 'update_db' retrieved from /opt/airflow/dags/main.py
[2026-02-21T00:11:07.424+0000] {logging_mixin.py:188} INFO - [2026-02-21T00:11:07.423+0000] {dag.py:3096} INFO - Sync 2 DAGs
[2026-02-21T00:11:07.474+0000] {logging_mixin.py:188} INFO - [2026-02-21T00:11:07.473+0000] {dag.py:3954} INFO - Setting next_dagrun for produce_json to 2026-02-20 14:00:00+00:00, run_after=2026-02-21 14:00:00+00:00
[2026-02-21T00:11:07.483+0000] {logging_mixin.py:188} INFO - [2026-02-21T00:11:07.483+0000] {dag.py:3954} INFO - Setting next_dagrun for update_db to 2026-02-20 15:00:00+00:00, run_after=2026-02-21 15:00:00+00:00
[2026-02-21T00:11:07.509+0000] {processor.py:183} INFO - Processing /opt/airflow/dags/main.py took 0.280 seconds
[2026-02-21T00:11:37.699+0000] {processor.py:161} INFO - Started process (PID=178) to work on /opt/airflow/dags/main.py
[2026-02-21T00:11:37.700+0000] {processor.py:830} INFO - Processing file /opt/airflow/dags/main.py for tasks to queue
[2026-02-21T00:11:37.702+0000] {logging_mixin.py:188} INFO - [2026-02-21T00:11:37.702+0000] {dagbag.py:545} INFO - Filling up the DagBag from /opt/airflow/dags/main.py
[2026-02-21T00:11:37.808+0000] {processor.py:840} INFO - DAG(s) 'produce_json', 'update_db' retrieved from /opt/airflow/dags/main.py
[2026-02-21T00:11:37.841+0000] {logging_mixin.py:188} INFO - [2026-02-21T00:11:37.841+0000] {dag.py:3096} INFO - Sync 2 DAGs
[2026-02-21T00:11:37.864+0000] {logging_mixin.py:188} INFO - [2026-02-21T00:11:37.864+0000] {dag.py:3954} INFO - Setting next_dagrun for produce_json to 2026-02-20 14:00:00+00:00, run_after=2026-02-21 14:00:00+00:00
[2026-02-21T00:11:37.869+0000] {logging_mixin.py:188} INFO - [2026-02-21T00:11:37.869+0000] {dag.py:3954} INFO - Setting next_dagrun for update_db to 2026-02-20 15:00:00+00:00, run_after=2026-02-21 15:00:00+00:00
[2026-02-21T00:11:37.901+0000] {processor.py:183} INFO - Processing /opt/airflow/dags/main.py took 0.208 seconds
[2026-02-21T00:12:08.045+0000] {processor.py:161} INFO - Started process (PID=185) to work on /opt/airflow/dags/main.py
[2026-02-21T00:12:08.047+0000] {processor.py:830} INFO - Processing file /opt/airflow/dags/main.py for tasks to queue
[2026-02-21T00:12:08.051+0000] {logging_mixin.py:188} INFO - [2026-02-21T00:12:08.051+0000] {dagbag.py:545} INFO - Filling up the DagBag from /opt/airflow/dags/main.py
[2026-02-21T00:12:08.226+0000] {processor.py:840} INFO - DAG(s) 'produce_json', 'update_db' retrieved from /opt/airflow/dags/main.py
[2026-02-21T00:12:08.262+0000] {logging_mixin.py:188} INFO - [2026-02-21T00:12:08.262+0000] {dag.py:3096} INFO - Sync 2 DAGs
[2026-02-21T00:12:08.285+0000] {logging_mixin.py:188} INFO - [2026-02-21T00:12:08.285+0000] {dag.py:3954} INFO - Setting next_dagrun for produce_json to 2026-02-20 14:00:00+00:00, run_after=2026-02-21 14:00:00+00:00
[2026-02-21T00:12:08.291+0000] {logging_mixin.py:188} INFO - [2026-02-21T00:12:08.290+0000] {dag.py:3954} INFO - Setting next_dagrun for update_db to 2026-02-20 15:00:00+00:00, run_after=2026-02-21 15:00:00+00:00
[2026-02-21T00:12:08.324+0000] {processor.py:183} INFO - Processing /opt/airflow/dags/main.py took 0.286 seconds
[2026-02-21T00:12:38.495+0000] {processor.py:161} INFO - Started process (PID=198) to work on /opt/airflow/dags/main.py
[2026-02-21T00:12:38.509+0000] {processor.py:830} INFO - Processing file /opt/airflow/dags/main.py for tasks to queue
[2026-02-21T00:12:38.513+0000] {logging_mixin.py:188} INFO - [2026-02-21T00:12:38.512+0000] {dagbag.py:545} INFO - Filling up the DagBag from /opt/airflow/dags/main.py
[2026-02-21T00:12:38.649+0000] {processor.py:840} INFO - DAG(s) 'update_db', 'produce_json' retrieved from /opt/airflow/dags/main.py
[2026-02-21T00:12:38.694+0000] {logging_mixin.py:188} INFO - [2026-02-21T00:12:38.693+0000] {dag.py:3096} INFO - Sync 2 DAGs
[2026-02-21T00:12:38.720+0000] {logging_mixin.py:188} INFO - [2026-02-21T00:12:38.720+0000] {dag.py:3954} INFO - Setting next_dagrun for produce_json to 2026-02-20 14:00:00+00:00, run_after=2026-02-21 14:00:00+00:00
[2026-02-21T00:12:38.728+0000] {logging_mixin.py:188} INFO - [2026-02-21T00:12:38.727+0000] {dag.py:3954} INFO - Setting next_dagrun for update_db to 2026-02-20 15:00:00+00:00, run_after=2026-02-21 15:00:00+00:00
[2026-02-21T00:12:38.763+0000] {processor.py:183} INFO - Processing /opt/airflow/dags/main.py took 0.274 seconds
[2026-02-21T00:13:08.954+0000] {processor.py:161} INFO - Started process (PID=205) to work on /opt/airflow/dags/main.py
[2026-02-21T00:13:08.957+0000] {processor.py:830} INFO - Processing file /opt/airflow/dags/main.py for tasks to queue
[2026-02-21T00:13:08.959+0000] {logging_mixin.py:188} INFO - [2026-02-21T00:13:08.959+0000] {dagbag.py:545} INFO - Filling up the DagBag from /opt/airflow/dags/main.py
[2026-02-21T00:13:09.141+0000] {processor.py:840} INFO - DAG(s) 'produce_json', 'update_db' retrieved from /opt/airflow/dags/main.py
[2026-02-21T00:13:09.181+0000] {logging_mixin.py:188} INFO - [2026-02-21T00:13:09.181+0000] {dag.py:3096} INFO - Sync 2 DAGs
[2026-02-21T00:13:09.205+0000] {logging_mixin.py:188} INFO - [2026-02-21T00:13:09.205+0000] {dag.py:3954} INFO - Setting next_dagrun for produce_json to 2026-02-20 14:00:00+00:00, run_after=2026-02-21 14:00:00+00:00
[2026-02-21T00:13:09.211+0000] {logging_mixin.py:188} INFO - [2026-02-21T00:13:09.211+0000] {dag.py:3954} INFO - Setting next_dagrun for update_db to 2026-02-20 15:00:00+00:00, run_after=2026-02-21 15:00:00+00:00
[2026-02-21T00:13:09.235+0000] {processor.py:183} INFO - Processing /opt/airflow/dags/main.py took 0.287 seconds
[2026-02-21T00:13:39.435+0000] {processor.py:161} INFO - Started process (PID=212) to work on /opt/airflow/dags/main.py
[2026-02-21T00:13:39.436+0000] {processor.py:830} INFO - Processing file /opt/airflow/dags/main.py for tasks to queue
[2026-02-21T00:13:39.438+0000] {logging_mixin.py:188} INFO - [2026-02-21T00:13:39.438+0000] {dagbag.py:545} INFO - Filling up the DagBag from /opt/airflow/dags/main.py
[2026-02-21T00:13:39.573+0000] {processor.py:840} INFO - DAG(s) 'produce_json', 'update_db' retrieved from /opt/airflow/dags/main.py
[2026-02-21T00:13:39.614+0000] {logging_mixin.py:188} INFO - [2026-02-21T00:13:39.614+0000] {dag.py:3096} INFO - Sync 2 DAGs
[2026-02-21T00:13:39.637+0000] {logging_mixin.py:188} INFO - [2026-02-21T00:13:39.637+0000] {dag.py:3954} INFO - Setting next_dagrun for produce_json to 2026-02-20 14:00:00+00:00, run_after=2026-02-21 14:00:00+00:00
[2026-02-21T00:13:39.643+0000] {logging_mixin.py:188} INFO - [2026-02-21T00:13:39.643+0000] {dag.py:3954} INFO - Setting next_dagrun for update_db to 2026-02-20 15:00:00+00:00, run_after=2026-02-21 15:00:00+00:00
[2026-02-21T00:13:39.678+0000] {processor.py:183} INFO - Processing /opt/airflow/dags/main.py took 0.249 seconds
[2026-02-21T00:14:09.827+0000] {processor.py:161} INFO - Started process (PID=225) to work on /opt/airflow/dags/main.py
[2026-02-21T00:14:09.828+0000] {processor.py:830} INFO - Processing file /opt/airflow/dags/main.py for tasks to queue
[2026-02-21T00:14:09.831+0000] {logging_mixin.py:188} INFO - [2026-02-21T00:14:09.830+0000] {dagbag.py:545} INFO - Filling up the DagBag from /opt/airflow/dags/main.py
[2026-02-21T00:14:09.983+0000] {processor.py:840} INFO - DAG(s) 'produce_json', 'update_db' retrieved from /opt/airflow/dags/main.py
[2026-02-21T00:14:10.027+0000] {logging_mixin.py:188} INFO - [2026-02-21T00:14:10.027+0000] {dag.py:3096} INFO - Sync 2 DAGs
[2026-02-21T00:14:10.051+0000] {logging_mixin.py:188} INFO - [2026-02-21T00:14:10.051+0000] {dag.py:3954} INFO - Setting next_dagrun for produce_json to 2026-02-20 14:00:00+00:00, run_after=2026-02-21 14:00:00+00:00
[2026-02-21T00:14:10.056+0000] {logging_mixin.py:188} INFO - [2026-02-21T00:14:10.056+0000] {dag.py:3954} INFO - Setting next_dagrun for update_db to 2026-02-20 15:00:00+00:00, run_after=2026-02-21 15:00:00+00:00
[2026-02-21T00:14:10.077+0000] {processor.py:183} INFO - Processing /opt/airflow/dags/main.py took 0.256 seconds
[2026-02-21T00:14:40.227+0000] {processor.py:161} INFO - Started process (PID=232) to work on /opt/airflow/dags/main.py
[2026-02-21T00:14:40.229+0000] {processor.py:830} INFO - Processing file /opt/airflow/dags/main.py for tasks to queue
[2026-02-21T00:14:40.232+0000] {logging_mixin.py:188} INFO - [2026-02-21T00:14:40.232+0000] {dagbag.py:545} INFO - Filling up the DagBag from /opt/airflow/dags/main.py
[2026-02-21T00:14:40.337+0000] {processor.py:840} INFO - DAG(s) 'produce_json', 'update_db' retrieved from /opt/airflow/dags/main.py
[2026-02-21T00:14:40.376+0000] {logging_mixin.py:188} INFO - [2026-02-21T00:14:40.376+0000] {dag.py:3096} INFO - Sync 2 DAGs
[2026-02-21T00:14:40.404+0000] {logging_mixin.py:188} INFO - [2026-02-21T00:14:40.404+0000] {dag.py:3954} INFO - Setting next_dagrun for produce_json to 2026-02-20 14:00:00+00:00, run_after=2026-02-21 14:00:00+00:00
[2026-02-21T00:14:40.410+0000] {logging_mixin.py:188} INFO - [2026-02-21T00:14:40.409+0000] {dag.py:3954} INFO - Setting next_dagrun for update_db to 2026-02-20 15:00:00+00:00, run_after=2026-02-21 15:00:00+00:00
[2026-02-21T00:14:40.433+0000] {processor.py:183} INFO - Processing /opt/airflow/dags/main.py took 0.214 seconds
[2026-02-21T00:15:10.507+0000] {processor.py:161} INFO - Started process (PID=245) to work on /opt/airflow/dags/main.py
[2026-02-21T00:15:10.509+0000] {processor.py:830} INFO - Processing file /opt/airflow/dags/main.py for tasks to queue
[2026-02-21T00:15:10.511+0000] {logging_mixin.py:188} INFO - [2026-02-21T00:15:10.511+0000] {dagbag.py:545} INFO - Filling up the DagBag from /opt/airflow/dags/main.py
[2026-02-21T00:15:10.665+0000] {processor.py:840} INFO - DAG(s) 'produce_json', 'update_db' retrieved from /opt/airflow/dags/main.py
[2026-02-21T00:15:10.705+0000] {logging_mixin.py:188} INFO - [2026-02-21T00:15:10.705+0000] {dag.py:3096} INFO - Sync 2 DAGs
[2026-02-21T00:15:10.738+0000] {logging_mixin.py:188} INFO - [2026-02-21T00:15:10.737+0000] {dag.py:3954} INFO - Setting next_dagrun for produce_json to 2026-02-20 14:00:00+00:00, run_after=2026-02-21 14:00:00+00:00
[2026-02-21T00:15:10.743+0000] {logging_mixin.py:188} INFO - [2026-02-21T00:15:10.743+0000] {dag.py:3954} INFO - Setting next_dagrun for update_db to 2026-02-20 15:00:00+00:00, run_after=2026-02-21 15:00:00+00:00
[2026-02-21T00:15:10.759+0000] {processor.py:183} INFO - Processing /opt/airflow/dags/main.py took 0.257 seconds
[2026-02-21T00:15:40.885+0000] {processor.py:161} INFO - Started process (PID=252) to work on /opt/airflow/dags/main.py
[2026-02-21T00:15:40.886+0000] {processor.py:830} INFO - Processing file /opt/airflow/dags/main.py for tasks to queue
[2026-02-21T00:15:40.889+0000] {logging_mixin.py:188} INFO - [2026-02-21T00:15:40.889+0000] {dagbag.py:545} INFO - Filling up the DagBag from /opt/airflow/dags/main.py
[2026-02-21T00:15:41.043+0000] {processor.py:840} INFO - DAG(s) 'produce_json', 'update_db' retrieved from /opt/airflow/dags/main.py
[2026-02-21T00:15:41.088+0000] {logging_mixin.py:188} INFO - [2026-02-21T00:15:41.088+0000] {dag.py:3096} INFO - Sync 2 DAGs
[2026-02-21T00:15:41.116+0000] {logging_mixin.py:188} INFO - [2026-02-21T00:15:41.116+0000] {dag.py:3954} INFO - Setting next_dagrun for produce_json to 2026-02-20 14:00:00+00:00, run_after=2026-02-21 14:00:00+00:00
[2026-02-21T00:15:41.122+0000] {logging_mixin.py:188} INFO - [2026-02-21T00:15:41.122+0000] {dag.py:3954} INFO - Setting next_dagrun for update_db to 2026-02-20 15:00:00+00:00, run_after=2026-02-21 15:00:00+00:00
[2026-02-21T00:15:41.157+0000] {processor.py:183} INFO - Processing /opt/airflow/dags/main.py took 0.278 seconds
[2026-02-21T00:16:11.294+0000] {processor.py:161} INFO - Started process (PID=259) to work on /opt/airflow/dags/main.py
[2026-02-21T00:16:11.295+0000] {processor.py:830} INFO - Processing file /opt/airflow/dags/main.py for tasks to queue
[2026-02-21T00:16:11.297+0000] {logging_mixin.py:188} INFO - [2026-02-21T00:16:11.297+0000] {dagbag.py:545} INFO - Filling up the DagBag from /opt/airflow/dags/main.py
[2026-02-21T00:16:11.439+0000] {processor.py:840} INFO - DAG(s) 'update_db', 'produce_json' retrieved from /opt/airflow/dags/main.py
[2026-02-21T00:16:11.479+0000] {logging_mixin.py:188} INFO - [2026-02-21T00:16:11.478+0000] {dag.py:3096} INFO - Sync 2 DAGs
[2026-02-21T00:16:11.508+0000] {logging_mixin.py:188} INFO - [2026-02-21T00:16:11.508+0000] {dag.py:3954} INFO - Setting next_dagrun for produce_json to 2026-02-20 14:00:00+00:00, run_after=2026-02-21 14:00:00+00:00
[2026-02-21T00:16:11.514+0000] {logging_mixin.py:188} INFO - [2026-02-21T00:16:11.514+0000] {dag.py:3954} INFO - Setting next_dagrun for update_db to 2026-02-20 15:00:00+00:00, run_after=2026-02-21 15:00:00+00:00
[2026-02-21T00:16:11.410+0000] {processor.py:183} INFO - Processing /opt/airflow/dags/main.py took 0.255 seconds
[2026-02-21T00:16:41.568+0000] {processor.py:161} INFO - Started process (PID=266) to work on /opt/airflow/dags/main.py
[2026-02-21T00:16:41.570+0000] {processor.py:830} INFO - Processing file /opt/airflow/dags/main.py for tasks to queue
[2026-02-21T00:16:41.572+0000] {logging_mixin.py:188} INFO - [2026-02-21T00:16:41.572+0000] {dagbag.py:545} INFO - Filling up the DagBag from /opt/airflow/dags/main.py
[2026-02-21T00:16:41.682+0000] {processor.py:840} INFO - DAG(s) 'produce_json', 'update_db' retrieved from /opt/airflow/dags/main.py
[2026-02-21T00:16:41.713+0000] {logging_mixin.py:188} INFO - [2026-02-21T00:16:41.713+0000] {dag.py:3096} INFO - Sync 2 DAGs
[2026-02-21T00:16:41.737+0000] {logging_mixin.py:188} INFO - [2026-02-21T00:16:41.736+0000] {dag.py:3954} INFO - Setting next_dagrun for produce_json to 2026-02-20 14:00:00+00:00, run_after=2026-02-21 14:00:00+00:00
[2026-02-21T00:16:41.745+0000] {logging_mixin.py:188} INFO - [2026-02-21T00:16:41.745+0000] {dag.py:3954} INFO - Setting next_dagrun for update_db to 2026-02-20 15:00:00+00:00, run_after=2026-02-21 15:00:00+00:00
[2026-02-21T00:16:41.767+0000] {processor.py:183} INFO - Processing /opt/airflow/dags/main.py took 0.210 seconds
[2026-02-21T00:17:11.899+0000] {processor.py:161} INFO - Started process (PID=273) to work on /opt/airflow/dags/main.py
[2026-02-21T00:17:11.901+0000] {processor.py:830} INFO - Processing file /opt/airflow/dags/main.py for tasks to queue
[2026-02-21T00:17:11.904+0000] {logging_mixin.py:188} INFO - [2026-02-21T00:17:11.903+0000] {dagbag.py:545} INFO - Filling up the DagBag from /opt/airflow/dags/main.py
[2026-02-21T00:17:12.003+0000] {processor.py:840} INFO - DAG(s) 'update_db', 'produce_json' retrieved from /opt/airflow/dags/main.py
[2026-02-21T00:17:12.034+0000] {logging_mixin.py:188} INFO - [2026-02-21T00:17:12.034+0000] {dag.py:3096} INFO - Sync 2 DAGs
[2026-02-21T00:17:12.056+0000] {logging_mixin.py:188} INFO - [2026-02-21T00:17:12.056+0000] {dag.py:3954} INFO - Setting next_dagrun for produce_json to 2026-02-20 14:00:00+00:00, run_after=2026-02-21 14:00:00+00:00
[2026-02-21T00:17:12.062+0000] {logging_mixin.py:188} INFO - [2026-02-21T00:17:12.061+0000] {dag.py:3954} INFO - Setting next_dagrun for update_db to 2026-02-20 15:00:00+00:00, run_after=2026-02-21 15:00:00+00:00
[2026-02-21T00:17:12.096+0000] {processor.py:183} INFO - Processing /opt/airflow/dags/main.py took 0.207 seconds
[2026-02-21T00:17:42.264+0000] {processor.py:161} INFO - Started process (PID=280) to work on /opt/airflow/dags/main.py
[2026-02-21T00:17:42.265+0000] {processor.py:830} INFO - Processing file /opt/airflow/dags/main.py for tasks to queue
[2026-02-21T00:17:42.267+0000] {logging_mixin.py:188} INFO - [2026-02-21T00:17:42.267+0000] {dagbag.py:545} INFO - Filling up the DagBag from /opt/airflow/dags/main.py
[2026-02-21T00:17:42.386+0000] {processor.py:840} INFO - DAG(s) 'produce_json', 'update_db' retrieved from /opt/airflow/dags/main.py
[2026-02-21T00:17:42.420+0000] {logging_mixin.py:188} INFO - [2026-02-21T00:17:42.419+0000] {dag.py:3096} INFO - Sync 2 DAGs
[2026-02-21T00:17:42.443+0000] {logging_mixin.py:188} INFO - [2026-02-21T00:17:42.442+0000] {dag.py:3954} INFO - Setting next_dagrun for produce_json to 2026-02-20 14:00:00+00:00, run_after=2026-02-21 14:00:00+00:00
[2026-02-21T00:17:42.448+0000] {logging_mixin.py:188} INFO - [2026-02-21T00:17:42.448+0000] {dag.py:3954} INFO - Setting next_dagrun for update_db to 2026-02-20 15:00:00+00:00, run_after=2026-02-21 15:00:00+00:00
[2026-02-21T00:17:42.473+0000] {processor.py:183} INFO - Processing /opt/airflow/dags/main.py took 0.215 seconds
[2026-02-21T00:18:12.713+0000] {processor.py:161} INFO - Started process (PID=287) to work on /opt/airflow/dags/main.py
[2026-02-21T00:18:12.715+0000] {processor.py:830} INFO - Processing file /opt/airflow/dags/main.py for tasks to queue
[2026-02-21T00:18:12.718+0000] {logging_mixin.py:188} INFO - [2026-02-21T00:18:12.718+0000] {dagbag.py:545} INFO - Filling up the DagBag from /opt/airflow/dags/main.py
[2026-02-21T00:18:12.913+0000] {processor.py:840} INFO - DAG(s) 'update_db', 'produce_json' retrieved from /opt/airflow/dags/main.py
[2026-02-21T00:18:12.966+0000] {logging_mixin.py:188} INFO - [2026-02-21T00:18:12.965+0000] {dag.py:3096} INFO - Sync 2 DAGs
[2026-02-21T00:18:13.006+0000] {logging_mixin.py:188} INFO - [2026-02-21T00:18:13.005+0000] {dag.py:3954} INFO - Setting next_dagrun for produce_json to 2026-02-20 14:00:00+00:00, run_after=2026-02-21 14:00:00+00:00
[2026-02-21T00:18:13.013+0000] {logging_mixin.py:188} INFO - [2026-02-21T00:18:13.012+0000] {dag.py:3954} INFO - Setting next_dagrun for update_db to 2026-02-20 15:00:00+00:00, run_after=2026-02-21 15:00:00+00:00
[2026-02-21T00:18:13.037+0000] {processor.py:183} INFO - Processing /opt/airflow/dags/main.py took 0.330 seconds
[2026-02-21T00:18:43.582+0000] {processor.py:161} INFO - Started process (PID=294) to work on /opt/airflow/dags/main.py
[2026-02-21T00:18:43.584+0000] {processor.py:830} INFO - Processing file /opt/airflow/dags/main.py for tasks to queue
[2026-02-21T00:18:43.586+0000] {logging_mixin.py:188} INFO - [2026-02-21T00:18:43.586+0000] {dagbag.py:545} INFO - Filling up the DagBag from /opt/airflow/dags/main.py
[2026-02-21T00:18:43.706+0000] {processor.py:840} INFO - DAG(s) 'produce_json', 'update_db' retrieved from /opt/airflow/dags/main.py
[2026-02-21T00:18:43.745+0000] {logging_mixin.py:188} INFO - [2026-02-21T00:18:43.744+0000] {dag.py:3096} INFO - Sync 2 DAGs
[2026-02-21T00:18:43.767+0000] {logging_mixin.py:188} INFO - [2026-02-21T00:18:43.767+0000] {dag.py:3954} INFO - Setting next_dagrun for produce_json to 2026-02-20 14:00:00+00:00, run_after=2026-02-21 14:00:00+00:00
[2026-02-21T00:18:43.774+0000] {logging_mixin.py:188} INFO - [2026-02-21T00:18:43.774+0000] {dag.py:3954} INFO - Setting next_dagrun for update_db to 2026-02-20 15:00:00+00:00, run_after=2026-02-21 15:00:00+00:00
[2026-02-21T00:18:43.809+0000] {processor.py:183} INFO - Processing /opt/airflow/dags/main.py took 0.233 seconds
[2026-02-21T00:19:13.951+0000] {processor.py:161} INFO - Started process (PID=301) to work on /opt/airflow/dags/main.py
[2026-02-21T00:19:13.953+0000] {processor.py:830} INFO - Processing file /opt/airflow/dags/main.py for tasks to queue
[2026-02-21T00:19:13.955+0000] {logging_mixin.py:188} INFO - [2026-02-21T00:19:13.955+0000] {dagbag.py:545} INFO - Filling up the DagBag from /opt/airflow/dags/main.py
[2026-02-21T00:19:14.119+0000] {processor.py:840} INFO - DAG(s) 'update_db', 'produce_json' retrieved from /opt/airflow/dags/main.py
[2026-02-21T00:19:14.159+0000] {logging_mixin.py:188} INFO - [2026-02-21T00:19:14.159+0000] {dag.py:3096} INFO - Sync 2 DAGs
[2026-02-21T00:19:14.181+0000] {logging_mixin.py:188} INFO - [2026-02-21T00:19:14.180+0000] {dag.py:3954} INFO - Setting next_dagrun for produce_json to 2026-02-20 14:00:00+00:00, run_after=2026-02-21 14:00:00+00:00
[2026-02-21T00:19:14.186+0000] {logging_mixin.py:188} INFO - [2026-02-21T00:19:14.186+0000] {dag.py:3954} INFO - Setting next_dagrun for update_db to 2026-02-20 15:00:00+00:00, run_after=2026-02-21 15:00:00+00:00
[2026-02-21T00:19:14.217+0000] {processor.py:183} INFO - Processing /opt/airflow/dags/main.py took 0.271 seconds
[2026-02-21T00:19:44.798+0000] {processor.py:161} INFO - Started process (PID=308) to work on /opt/airflow/dags/main.py
[2026-02-21T00:19:44.799+0000] {processor.py:830} INFO - Processing file /opt/airflow/dags/main.py for tasks to queue
[2026-02-21T00:19:44.803+0000] {logging_mixin.py:188} INFO - [2026-02-21T00:19:44.803+0000] {dagbag.py:545} INFO - Filling up the DagBag from /opt/airflow/dags/main.py
[2026-02-21T00:19:44.927+0000] {processor.py:840} INFO - DAG(s) 'update_db', 'produce_json' retrieved from /opt/airflow/dags/main.py
[2026-02-21T00:19:44.985+0000] {logging_mixin.py:188} INFO - [2026-02-21T00:19:44.984+0000] {dag.py:3096} INFO - Sync 2 DAGs
[2026-02-21T00:19:45.040+0000] {logging_mixin.py:188} INFO - [2026-02-21T00:19:45.040+0000] {dag.py:3954} INFO - Setting next_dagrun for produce_json to 2026-02-20 14:00:00+00:00, run_after=2026-02-21 14:00:00+00:00
[2026-02-21T00:19:45.057+0000] {logging_mixin.py:188} INFO - [2026-02-21T00:19:45.057+0000] {dag.py:3954} INFO - Setting next_dagrun for update_db to 2026-02-20 15:00:00+00:00, run_after=2026-02-21 15:00:00+00:00
[2026-02-21T00:19:45.100+0000] {processor.py:183} INFO - Processing /opt/airflow/dags/main.py took 0.312 seconds
[2026-02-21T00:20:15.673+0000] {processor.py:161} INFO - Started process (PID=315) to work on /opt/airflow/dags/main.py
[2026-02-21T00:20:15.675+0000] {processor.py:830} INFO - Processing file /opt/airflow/dags/main.py for tasks to queue
[2026-02-21T00:20:15.731+0000] {logging_mixin.py:188} INFO - [2026-02-21T00:20:15.730+0000] {dagbag.py:545} INFO - Filling up the DagBag from /opt/airflow/dags/main.py
[2026-02-21T00:20:16.030+0000] {processor.py:840} INFO - DAG(s) 'update_db', 'produce_json' retrieved from /opt/airflow/dags/main.py
[2026-02-21T00:20:16.073+0000] {logging_mixin.py:188} INFO - [2026-02-21T00:20:16.072+0000] {dag.py:3096} INFO - Sync 2 DAGs
[2026-02-21T00:20:16.104+0000] {logging_mixin.py:188} INFO - [2026-02-21T00:20:16.103+0000] {dag.py:3954} INFO - Setting next_dagrun for produce_json to 2026-02-20 14:00:00+00:00, run_after=2026-02-21 14:00:00+00:00
[2026-02-21T00:20:16.109+0000] {logging_mixin.py:188} INFO - [2026-02-21T00:20:16.109+0000] {dag.py:3954} INFO - Setting next_dagrun for update_db to 2026-02-20 15:00:00+00:00, run_after=2026-02-21 15:00:00+00:00
[2026-02-21T00:20:16.128+0000] {processor.py:183} INFO - Processing /opt/airflow/dags/main.py took 0.469 seconds
[2026-02-21T00:20:46.411+0000] {processor.py:161} INFO - Started process (PID=322) to work on /opt/airflow/dags/main.py
[2026-02-21T00:20:46.412+0000] {processor.py:830} INFO - Processing file /opt/airflow/dags/main.py for tasks to queue
[2026-02-21T00:20:46.414+0000] {logging_mixin.py:188} INFO - [2026-02-21T00:20:46.414+0000] {dagbag.py:545} INFO - Filling up the DagBag from /opt/airflow/dags/main.py
[2026-02-21T00:20:46.534+0000] {processor.py:840} INFO - DAG(s) 'produce_json', 'update_db' retrieved from /opt/airflow/dags/main.py
[2026-02-21T00:20:46.577+0000] {logging_mixin.py:188} INFO - [2026-02-21T00:20:46.577+0000] {dag.py:3096} INFO - Sync 2 DAGs
[2026-02-21T00:20:46.616+0000] {logging_mixin.py:188} INFO - [2026-02-21T00:20:46.615+0000] {dag.py:3954} INFO - Setting next_dagrun for produce_json to 2026-02-20 14:00:00+00:00, run_after=2026-02-21 14:00:00+00:00
[2026-02-21T00:20:46.621+0000] {logging_mixin.py:188} INFO - [2026-02-21T00:20:46.621+0000] {dag.py:3954} INFO - Setting next_dagrun for update_db to 2026-02-20 15:00:00+00:00, run_after=2026-02-21 15:00:00+00:00
[2026-02-21T00:20:46.639+0000] {processor.py:183} INFO - Processing /opt/airflow/dags/main.py took 0.235 seconds
[2026-02-21T00:21:16.715+0000] {processor.py:161} INFO - Started process (PID=329) to work on /opt/airflow/dags/main.py
[2026-02-21T00:21:16.716+0000] {processor.py:830} INFO - Processing file /opt/airflow/dags/main.py for tasks to queue
[2026-02-21T00:21:16.720+0000] {logging_mixin.py:188} INFO - [2026-02-21T00:21:16.720+0000] {dagbag.py:545} INFO - Filling up the DagBag from /opt/airflow/dags/main.py
[2026-02-21T00:21:16.882+0000] {processor.py:840} INFO - DAG(s) 'produce_json', 'update_db' retrieved from /opt/airflow/dags/main.py
[2026-02-21T00:21:16.915+0000] {logging_mixin.py:188} INFO - [2026-02-21T00:21:16.915+0000] {dag.py:3096} INFO - Sync 2 DAGs
[2026-02-21T00:21:16.946+0000] {logging_mixin.py:188} INFO - [2026-02-21T00:21:16.946+0000] {dag.py:3954} INFO - Setting next_dagrun for produce_json to 2026-02-20 14:00:00+00:00, run_after=2026-02-21 14:00:00+00:00
[2026-02-21T00:21:16.952+0000] {logging_mixin.py:188} INFO - [2026-02-21T00:21:16.952+0000] {dag.py:3954} INFO - Setting next_dagrun for update_db to 2026-02-20 15:00:00+00:00, run_after=2026-02-21 15:00:00+00:00
[2026-02-21T00:21:16.972+0000] {processor.py:183} INFO - Processing /opt/airflow/dags/main.py took 0.264 seconds
[2026-02-21T00:21:47.199+0000] {processor.py:161} INFO - Started process (PID=336) to work on /opt/airflow/dags/main.py
[2026-02-21T00:21:47.201+0000] {processor.py:830} INFO - Processing file /opt/airflow/dags/main.py for tasks to queue
[2026-02-21T00:21:47.203+0000] {logging_mixin.py:188} INFO - [2026-02-21T00:21:47.203+0000] {dagbag.py:545} INFO - Filling up the DagBag from /opt/airflow/dags/main.py
[2026-02-21T00:21:47.364+0000] {processor.py:840} INFO - DAG(s) 'update_db', 'produce_json' retrieved from /opt/airflow/dags/main.py
[2026-02-21T00:21:47.399+0000] {logging_mixin.py:188} INFO - [2026-02-21T00:21:47.398+0000] {dag.py:3096} INFO - Sync 2 DAGs
[2026-02-21T00:21:47.423+0000] {logging_mixin.py:188} INFO - [2026-02-21T00:21:47.423+0000] {dag.py:3954} INFO - Setting next_dagrun for produce_json to 2026-02-20 14:00:00+00:00, run_after=2026-02-21 14:00:00+00:00
[2026-02-21T00:21:47.429+0000] {logging_mixin.py:188} INFO - [2026-02-21T00:21:47.428+0000] {dag.py:3954} INFO - Setting next_dagrun for update_db to 2026-02-20 15:00:00+00:00, run_after=2026-02-21 15:00:00+00:00
[2026-02-21T00:21:47.448+0000] {processor.py:183} INFO - Processing /opt/airflow/dags/main.py took 0.255 seconds
[2026-02-21T00:22:17.674+0000] {processor.py:161} INFO - Started process (PID=343) to work on /opt/airflow/dags/main.py
[2026-02-21T00:22:17.676+0000] {processor.py:830} INFO - Processing file /opt/airflow/dags/main.py for tasks to queue
[2026-02-21T00:22:17.679+0000] {logging_mixin.py:188} INFO - [2026-02-21T00:22:17.678+0000] {dagbag.py:545} INFO - Filling up the DagBag from /opt/airflow/dags/main.py
[2026-02-21T00:22:17.807+0000] {processor.py:840} INFO - DAG(s) 'produce_json', 'update_db' retrieved from /opt/airflow/dags/main.py
[2026-02-21T00:22:17.841+0000] {logging_mixin.py:188} INFO - [2026-02-21T00:22:17.840+0000] {dag.py:3096} INFO - Sync 2 DAGs
[2026-02-21T00:22:17.867+0000] {logging_mixin.py:188} INFO - [2026-02-21T00:22:17.867+0000] {dag.py:3954} INFO - Setting next_dagrun for produce_json to 2026-02-20 14:00:00+00:00, run_after=2026-02-21 14:00:00+00:00
[2026-02-21T00:22:17.874+0000] {logging_mixin.py:188} INFO - [2026-02-21T00:22:17.874+0000] {dag.py:3954} INFO - Setting next_dagrun for update_db to 2026-02-20 15:00:00+00:00, run_after=2026-02-21 15:00:00+00:00
[2026-02-21T00:22:17.896+0000] {processor.py:183} INFO - Processing /opt/airflow/dags/main.py took 0.228 seconds
[2026-02-21T00:22:48.071+0000] {processor.py:161} INFO - Started process (PID=350) to work on /opt/airflow/dags/main.py
[2026-02-21T00:22:48.073+0000] {processor.py:830} INFO - Processing file /opt/airflow/dags/main.py for tasks to queue
[2026-02-21T00:22:48.075+0000] {logging_mixin.py:188} INFO - [2026-02-21T00:22:48.075+0000] {dagbag.py:545} INFO - Filling up the DagBag from /opt/airflow/dags/main.py
[2026-02-21T00:22:48.220+0000] {processor.py:840} INFO - DAG(s) 'produce_json', 'update_db' retrieved from /opt/airflow/dags/main.py
[2026-02-21T00:22:48.258+0000] {logging_mixin.py:188} INFO - [2026-02-21T00:22:48.258+0000] {dag.py:3096} INFO - Sync 2 DAGs
[2026-02-21T00:22:48.286+0000] {logging_mixin.py:188} INFO - [2026-02-21T00:22:48.286+0000] {dag.py:3954} INFO - Setting next_dagrun for produce_json to 2026-02-20 14:00:00+00:00, run_after=2026-02-21 14:00:00+00:00
[2026-02-21T00:22:48.294+0000] {logging_mixin.py:188} INFO - [2026-02-21T00:22:48.294+0000] {dag.py:3954} INFO - Setting next_dagrun for update_db to 2026-02-20 15:00:00+00:00, run_after=2026-02-21 15:00:00+00:00
[2026-02-21T00:22:48.324+0000] {processor.py:183} INFO - Processing /opt/airflow/dags/main.py took 0.259 seconds
[2026-02-21T00:23:18.499+0000] {processor.py:161} INFO - Started process (PID=357) to work on /opt/airflow/dags/main.py
[2026-02-21T00:23:18.501+0000] {processor.py:830} INFO - Processing file /opt/airflow/dags/main.py for tasks to queue
[2026-02-21T00:23:18.503+0000] {logging_mixin.py:188} INFO - [2026-02-21T00:23:18.502+0000] {dagbag.py:545} INFO - Filling up the DagBag from /opt/airflow/dags/main.py
[2026-02-21T00:23:18.610+0000] {processor.py:840} INFO - DAG(s) 'update_db', 'produce_json' retrieved from /opt/airflow/dags/main.py
[2026-02-21T00:23:18.644+0000] {logging_mixin.py:188} INFO - [2026-02-21T00:23:18.644+0000] {dag.py:3096} INFO - Sync 2 DAGs
[2026-02-21T00:23:18.670+0000] {logging_mixin.py:188} INFO - [2026-02-21T00:23:18.670+0000] {dag.py:3954} INFO - Setting next_dagrun for produce_json to 2026-02-20 14:00:00+00:00, run_after=2026-02-21 14:00:00+00:00
[2026-02-21T00:23:18.675+0000] {logging_mixin.py:188} INFO - [2026-02-21T00:23:18.675+0000] {dag.py:3954} INFO - Setting next_dagrun for update_db to 2026-02-20 15:00:00+00:00, run_after=2026-02-21 15:00:00+00:00
[2026-02-21T00:23:18.696+0000] {processor.py:183} INFO - Processing /opt/airflow/dags/main.py took 0.203 seconds
[2026-02-21T00:23:48.914+0000] {processor.py:161} INFO - Started process (PID=364) to work on /opt/airflow/dags/main.py
[2026-02-21T00:23:48.916+0000] {processor.py:830} INFO - Processing file /opt/airflow/dags/main.py for tasks to queue
[2026-02-21T00:23:48.918+0000] {logging_mixin.py:188} INFO - [2026-02-21T00:23:48.918+0000] {dagbag.py:545} INFO - Filling up the DagBag from /opt/airflow/dags/main.py
[2026-02-21T00:23:49.035+0000] {processor.py:840} INFO - DAG(s) 'update_db', 'produce_json' retrieved from /opt/airflow/dags/main.py
[2026-02-21T00:23:49.068+0000] {logging_mixin.py:188} INFO - [2026-02-21T00:23:49.068+0000] {dag.py:3096} INFO - Sync 2 DAGs
[2026-02-21T00:23:49.091+0000] {logging_mixin.py:188} INFO - [2026-02-21T00:23:49.091+0000] {dag.py:3954} INFO - Setting next_dagrun for produce_json to 2026-02-20 14:00:00+00:00, run_after=2026-02-21 14:00:00+00:00
[2026-02-21T00:23:49.096+0000] {logging_mixin.py:188} INFO - [2026-02-21T00:23:49.096+0000] {dag.py:3954} INFO - Setting next_dagrun for update_db to 2026-02-20 15:00:00+00:00, run_after=2026-02-21 15:00:00+00:00
[2026-02-21T00:23:49.135+0000] {processor.py:183} INFO - Processing /opt/airflow/dags/main.py took 0.228 seconds
[2026-02-21T00:24:19.337+0000] {processor.py:161} INFO - Started process (PID=371) to work on /opt/airflow/dags/main.py
[2026-02-21T00:24:19.338+0000] {processor.py:830} INFO - Processing file /opt/airflow/dags/main.py for tasks to queue
[2026-02-21T00:24:19.341+0000] {logging_mixin.py:188} INFO - [2026-02-21T00:24:19.340+0000] {dagbag.py:545} INFO - Filling up the DagBag from /opt/airflow/dags/main.py
[2026-02-21T00:24:19.459+0000] {processor.py:840} INFO - DAG(s) 'produce_json', 'update_db' retrieved from /opt/airflow/dags/main.py
[2026-02-21T00:24:19.495+0000] {logging_mixin.py:188} INFO - [2026-02-21T00:24:19.494+0000] {dag.py:3096} INFO - Sync 2 DAGs
[2026-02-21T00:24:19.523+0000] {logging_mixin.py:188} INFO - [2026-02-21T00:24:19.523+0000] {dag.py:3954} INFO - Setting next_dagrun for produce_json to 2026-02-20 14:00:00+00:00, run_after=2026-02-21 14:00:00+00:00
[2026-02-21T00:24:19.529+0000] {logging_mixin.py:188} INFO - [2026-02-21T00:24:19.529+0000] {dag.py:3954} INFO - Setting next_dagrun for update_db to 2026-02-20 15:00:00+00:00, run_after=2026-02-21 15:00:00+00:00
[2026-02-21T00:24:19.563+0000] {processor.py:183} INFO - Processing /opt/airflow/dags/main.py took 0.234 seconds
[2026-02-21T00:24:49.772+0000] {processor.py:161} INFO - Started process (PID=378) to work on /opt/airflow/dags/main.py
[2026-02-21T00:24:49.774+0000] {processor.py:830} INFO - Processing file /opt/airflow/dags/main.py for tasks to queue
[2026-02-21T00:24:49.777+0000] {logging_mixin.py:188} INFO - [2026-02-21T00:24:49.776+0000] {dagbag.py:545} INFO - Filling up the DagBag from /opt/airflow/dags/main.py
[2026-02-21T00:24:49.877+0000] {processor.py:840} INFO - DAG(s) 'produce_json', 'update_db' retrieved from /opt/airflow/dags/main.py
[2026-02-21T00:24:49.933+0000] {logging_mixin.py:188} INFO - [2026-02-21T00:24:49.933+0000] {dag.py:3096} INFO - Sync 2 DAGs
[2026-02-21T00:24:49.979+0000] {logging_mixin.py:188} INFO - [2026-02-21T00:24:49.979+0000] {dag.py:3954} INFO - Setting next_dagrun for produce_json to 2026-02-20 14:00:00+00:00, run_after=2026-02-21 14:00:00+00:00
[2026-02-21T00:24:49.990+0000] {logging_mixin.py:188} INFO - [2026-02-21T00:24:49.990+0000] {dag.py:3954} INFO - Setting next_dagrun for update_db to 2026-02-20 15:00:00+00:00, run_after=2026-02-21 15:00:00+00:00
[2026-02-21T00:24:50.025+0000] {processor.py:183} INFO - Processing /opt/airflow/dags/main.py took 0.260 seconds
[2026-02-21T00:25:20.238+0000] {processor.py:161} INFO - Started process (PID=385) to work on /opt/airflow/dags/main.py
[2026-02-21T00:25:20.239+0000] {processor.py:830} INFO - Processing file /opt/airflow/dags/main.py for tasks to queue
[2026-02-21T00:25:20.242+0000] {logging_mixin.py:188} INFO - [2026-02-21T00:25:20.241+0000] {dagbag.py:545} INFO - Filling up the DagBag from /opt/airflow/dags/main.py
[2026-02-21T00:25:20.384+0000] {processor.py:840} INFO - DAG(s) 'produce_json', 'update_db' retrieved from /opt/airflow/dags/main.py
[2026-02-21T00:25:20.414+0000] {logging_mixin.py:188} INFO - [2026-02-21T00:25:20.414+0000] {dag.py:3096} INFO - Sync 2 DAGs
[2026-02-21T00:25:20.441+0000] {logging_mixin.py:188} INFO - [2026-02-21T00:25:20.441+0000] {dag.py:3954} INFO - Setting next_dagrun for produce_json to 2026-02-20 14:00:00+00:00, run_after=2026-02-21 14:00:00+00:00
[2026-02-21T00:25:20.446+0000] {logging_mixin.py:188} INFO - [2026-02-21T00:25:20.446+0000] {dag.py:3954} INFO - Setting next_dagrun for update_db to 2026-02-20 15:00:00+00:00, run_after=2026-02-21 15:00:00+00:00
[2026-02-21T00:25:20.466+0000] {processor.py:183} INFO - Processing /opt/airflow/dags/main.py took 0.234 seconds
[2026-02-21T00:25:50.703+0000] {processor.py:161} INFO - Started process (PID=392) to work on /opt/airflow/dags/main.py
[2026-02-21T00:25:50.705+0000] {processor.py:830} INFO - Processing file /opt/airflow/dags/main.py for tasks to queue
[2026-02-21T00:25:50.710+0000] {logging_mixin.py:188} INFO - [2026-02-21T00:25:50.709+0000] {dagbag.py:545} INFO - Filling up the DagBag from /opt/airflow/dags/main.py
[2026-02-21T00:25:50.907+0000] {processor.py:840} INFO - DAG(s) 'update_db', 'produce_json' retrieved from /opt/airflow/dags/main.py
[2026-02-21T00:25:50.959+0000] {logging_mixin.py:188} INFO - [2026-02-21T00:25:50.959+0000] {dag.py:3096} INFO - Sync 2 DAGs
[2026-02-21T00:25:50.988+0000] {logging_mixin.py:188} INFO - [2026-02-21T00:25:50.988+0000] {dag.py:3954} INFO - Setting next_dagrun for produce_json to 2026-02-20 14:00:00+00:00, run_after=2026-02-21 14:00:00+00:00
[2026-02-21T00:25:50.999+0000] {logging_mixin.py:188} INFO - [2026-02-21T00:25:50.999+0000] {dag.py:3954} INFO - Setting next_dagrun for update_db to 2026-02-20 15:00:00+00:00, run_after=2026-02-21 15:00:00+00:00
[2026-02-21T00:25:51.025+0000] {processor.py:183} INFO - Processing /opt/airflow/dags/main.py took 0.330 seconds
[2026-02-21T00:26:21.365+0000] {processor.py:161} INFO - Started process (PID=399) to work on /opt/airflow/dags/main.py
[2026-02-21T00:26:21.369+0000] {processor.py:830} INFO - Processing file /opt/airflow/dags/main.py for tasks to queue
[2026-02-21T00:26:21.372+0000] {logging_mixin.py:188} INFO - [2026-02-21T00:26:21.372+0000] {dagbag.py:545} INFO - Filling up the DagBag from /opt/airflow/dags/main.py
[2026-02-21T00:26:21.533+0000] {processor.py:840} INFO - DAG(s) 'update_db', 'produce_json' retrieved from /opt/airflow/dags/main.py
[2026-02-21T00:26:21.592+0000] {logging_mixin.py:188} INFO - [2026-02-21T00:26:21.591+0000] {dag.py:3096} INFO - Sync 2 DAGs
[2026-02-21T00:26:21.639+0000] {logging_mixin.py:188} INFO - [2026-02-21T00:26:21.639+0000] {dag.py:3954} INFO - Setting next_dagrun for produce_json to 2026-02-20 14:00:00+00:00, run_after=2026-02-21 14:00:00+00:00
[2026-02-21T00:26:21.648+0000] {logging_mixin.py:188} INFO - [2026-02-21T00:26:21.648+0000] {dag.py:3954} INFO - Setting next_dagrun for update_db to 2026-02-20 15:00:00+00:00, run_after=2026-02-21 15:00:00+00:00
[2026-02-21T00:26:21.682+0000] {processor.py:183} INFO - Processing /opt/airflow/dags/main.py took 0.335 seconds
[2026-02-21T00:26:51.931+0000] {processor.py:161} INFO - Started process (PID=406) to work on /opt/airflow/dags/main.py
[2026-02-21T00:26:51.932+0000] {processor.py:830} INFO - Processing file /opt/airflow/dags/main.py for tasks to queue
[2026-02-21T00:26:51.935+0000] {logging_mixin.py:188} INFO - [2026-02-21T00:26:51.934+0000] {dagbag.py:545} INFO - Filling up the DagBag from /opt/airflow/dags/main.py
[2026-02-21T00:26:52.071+0000] {processor.py:840} INFO - DAG(s) 'update_db', 'produce_json' retrieved from /opt/airflow/dags/main.py
[2026-02-21T00:26:52.108+0000] {logging_mixin.py:188} INFO - [2026-02-21T00:26:52.108+0000] {dag.py:3096} INFO - Sync 2 DAGs
[2026-02-21T00:26:52.138+0000] {logging_mixin.py:188} INFO - [2026-02-21T00:26:52.138+0000] {dag.py:3954} INFO - Setting next_dagrun for produce_json to 2026-02-20 14:00:00+00:00, run_after=2026-02-21 14:00:00+00:00
[2026-02-21T00:26:52.144+0000] {logging_mixin.py:188} INFO - [2026-02-21T00:26:52.144+0000] {dag.py:3954} INFO - Setting next_dagrun for update_db to 2026-02-20 15:00:00+00:00, run_after=2026-02-21 15:00:00+00:00
[2026-02-21T00:26:52.181+0000] {processor.py:183} INFO - Processing /opt/airflow/dags/main.py took 0.255 seconds
[2026-02-21T23:55:47.464+0000] {processor.py:161} INFO - Started process (PID=72) to work on /opt/airflow/dags/main.py
[2026-02-21T23:55:47.469+0000] {processor.py:830} INFO - Processing file /opt/airflow/dags/main.py for tasks to queue
[2026-02-21T23:55:47.475+0000] {logging_mixin.py:188} INFO - [2026-02-21T23:55:47.474+0000] {dagbag.py:545} INFO - Filling up the DagBag from /opt/airflow/dags/main.py
[2026-02-21T23:55:47.879+0000] {processor.py:840} INFO - DAG(s) 'produce_json', 'update_db' retrieved from /opt/airflow/dags/main.py
[2026-02-21T23:55:48.323+0000] {logging_mixin.py:188} INFO - [2026-02-21T23:55:48.323+0000] {dag.py:3096} INFO - Sync 2 DAGs
[2026-02-21T23:55:48.447+0000] {logging_mixin.py:188} INFO - [2026-02-21T23:55:48.447+0000] {dag.py:3954} INFO - Setting next_dagrun for produce_json to 2026-02-20 14:00:00+00:00, run_after=2026-02-21 14:00:00+00:00
[2026-02-21T23:55:48.460+0000] {logging_mixin.py:188} INFO - [2026-02-21T23:55:48.460+0000] {dag.py:3954} INFO - Setting next_dagrun for update_db to 2026-02-20 15:00:00+00:00, run_after=2026-02-21 15:00:00+00:00
[2026-02-21T23:55:48.528+0000] {processor.py:183} INFO - Processing /opt/airflow/dags/main.py took 1.083 seconds
[2026-02-21T23:56:19.214+0000] {processor.py:161} INFO - Started process (PID=82) to work on /opt/airflow/dags/main.py
[2026-02-21T23:56:19.217+0000] {processor.py:830} INFO - Processing file /opt/airflow/dags/main.py for tasks to queue
[2026-02-21T23:56:19.224+0000] {logging_mixin.py:188} INFO - [2026-02-21T23:56:19.223+0000] {dagbag.py:545} INFO - Filling up the DagBag from /opt/airflow/dags/main.py
[2026-02-21T23:56:19.515+0000] {processor.py:840} INFO - DAG(s) 'update_db', 'produce_json' retrieved from /opt/airflow/dags/main.py
[2026-02-21T23:56:19.582+0000] {logging_mixin.py:188} INFO - [2026-02-21T23:56:19.580+0000] {dag.py:3096} INFO - Sync 2 DAGs
[2026-02-21T23:56:19.656+0000] {logging_mixin.py:188} INFO - [2026-02-21T23:56:19.656+0000] {dag.py:3954} INFO - Setting next_dagrun for produce_json to 2026-02-21 14:00:00+00:00, run_after=2026-02-22 14:00:00+00:00
[2026-02-21T23:56:19.668+0000] {logging_mixin.py:188} INFO - [2026-02-21T23:56:19.667+0000] {dag.py:3954} INFO - Setting next_dagrun for update_db to 2026-02-21 15:00:00+00:00, run_after=2026-02-22 15:00:00+00:00
[2026-02-21T23:56:19.698+0000] {processor.py:183} INFO - Processing /opt/airflow/dags/main.py took 0.501 seconds
[2026-02-21T23:56:50.023+0000] {processor.py:161} INFO - Started process (PID=89) to work on /opt/airflow/dags/main.py
[2026-02-21T23:56:50.025+0000] {processor.py:830} INFO - Processing file /opt/airflow/dags/main.py for tasks to queue
[2026-02-21T23:56:50.030+0000] {logging_mixin.py:188} INFO - [2026-02-21T23:56:50.029+0000] {dagbag.py:545} INFO - Filling up the DagBag from /opt/airflow/dags/main.py
[2026-02-21T23:56:50.244+0000] {processor.py:840} INFO - DAG(s) 'produce_json', 'update_db' retrieved from /opt/airflow/dags/main.py
[2026-02-21T23:56:50.295+0000] {logging_mixin.py:188} INFO - [2026-02-21T23:56:50.295+0000] {dag.py:3096} INFO - Sync 2 DAGs
[2026-02-21T23:56:50.333+0000] {logging_mixin.py:188} INFO - [2026-02-21T23:56:50.333+0000] {dag.py:3954} INFO - Setting next_dagrun for produce_json to 2026-02-21 14:00:00+00:00, run_after=2026-02-22 14:00:00+00:00
[2026-02-21T23:56:50.344+0000] {logging_mixin.py:188} INFO - [2026-02-21T23:56:50.344+0000] {dag.py:3954} INFO - Setting next_dagrun for update_db to 2026-02-21 15:00:00+00:00, run_after=2026-02-22 15:00:00+00:00
[2026-02-21T23:56:50.378+0000] {processor.py:183} INFO - Processing /opt/airflow/dags/main.py took 0.370 seconds
[2026-02-21T23:57:20.711+0000] {processor.py:161} INFO - Started process (PID=96) to work on /opt/airflow/dags/main.py
[2026-02-21T23:57:20.714+0000] {processor.py:830} INFO - Processing file /opt/airflow/dags/main.py for tasks to queue
[2026-02-21T23:57:20.718+0000] {logging_mixin.py:188} INFO - [2026-02-21T23:57:20.718+0000] {dagbag.py:545} INFO - Filling up the DagBag from /opt/airflow/dags/main.py
[2026-02-21T23:57:20.910+0000] {processor.py:840} INFO - DAG(s) 'produce_json', 'update_db' retrieved from /opt/airflow/dags/main.py
[2026-02-21T23:57:20.965+0000] {logging_mixin.py:188} INFO - [2026-02-21T23:57:20.965+0000] {dag.py:3096} INFO - Sync 2 DAGs
[2026-02-21T23:57:21.000+0000] {logging_mixin.py:188} INFO - [2026-02-21T23:57:21.000+0000] {dag.py:3954} INFO - Setting next_dagrun for produce_json to 2026-02-21 14:00:00+00:00, run_after=2026-02-22 14:00:00+00:00
[2026-02-21T23:57:21.008+0000] {logging_mixin.py:188} INFO - [2026-02-21T23:57:21.008+0000] {dag.py:3954} INFO - Setting next_dagrun for update_db to 2026-02-21 15:00:00+00:00, run_after=2026-02-22 15:00:00+00:00
[2026-02-21T23:57:21.031+0000] {processor.py:183} INFO - Processing /opt/airflow/dags/main.py took 0.336 seconds
[2026-02-21T23:57:51.411+0000] {processor.py:161} INFO - Started process (PID=103) to work on /opt/airflow/dags/main.py
[2026-02-21T23:57:51.413+0000] {processor.py:830} INFO - Processing file /opt/airflow/dags/main.py for tasks to queue
[2026-02-21T23:57:51.418+0000] {logging_mixin.py:188} INFO - [2026-02-21T23:57:51.417+0000] {dagbag.py:545} INFO - Filling up the DagBag from /opt/airflow/dags/main.py
[2026-02-21T23:57:51.689+0000] {processor.py:840} INFO - DAG(s) 'update_db', 'produce_json' retrieved from /opt/airflow/dags/main.py
[2026-02-21T23:57:51.773+0000] {logging_mixin.py:188} INFO - [2026-02-21T23:57:51.772+0000] {dag.py:3096} INFO - Sync 2 DAGs
[2026-02-21T23:57:51.841+0000] {logging_mixin.py:188} INFO - [2026-02-21T23:57:51.841+0000] {dag.py:3954} INFO - Setting next_dagrun for produce_json to 2026-02-21 14:00:00+00:00, run_after=2026-02-22 14:00:00+00:00
[2026-02-21T23:57:51.852+0000] {logging_mixin.py:188} INFO - [2026-02-21T23:57:51.852+0000] {dag.py:3954} INFO - Setting next_dagrun for update_db to 2026-02-21 15:00:00+00:00, run_after=2026-02-22 15:00:00+00:00
[2026-02-21T23:57:51.886+0000] {processor.py:183} INFO - Processing /opt/airflow/dags/main.py took 0.491 seconds
[2026-02-21T23:58:22.259+0000] {processor.py:161} INFO - Started process (PID=110) to work on /opt/airflow/dags/main.py
[2026-02-21T23:58:22.260+0000] {processor.py:830} INFO - Processing file /opt/airflow/dags/main.py for tasks to queue
[2026-02-21T23:58:22.264+0000] {logging_mixin.py:188} INFO - [2026-02-21T23:58:22.263+0000] {dagbag.py:545} INFO - Filling up the DagBag from /opt/airflow/dags/main.py
[2026-02-21T23:58:22.468+0000] {processor.py:840} INFO - DAG(s) 'produce_json', 'update_db' retrieved from /opt/airflow/dags/main.py
[2026-02-21T23:58:22.527+0000] {logging_mixin.py:188} INFO - [2026-02-21T23:58:22.527+0000] {dag.py:3096} INFO - Sync 2 DAGs
[2026-02-21T23:58:22.579+0000] {logging_mixin.py:188} INFO - [2026-02-21T23:58:22.578+0000] {dag.py:3954} INFO - Setting next_dagrun for produce_json to 2026-02-21 14:00:00+00:00, run_after=2026-02-22 14:00:00+00:00
[2026-02-21T23:58:22.591+0000] {logging_mixin.py:188} INFO - [2026-02-21T23:58:22.591+0000] {dag.py:3954} INFO - Setting next_dagrun for update_db to 2026-02-21 15:00:00+00:00, run_after=2026-02-22 15:00:00+00:00
[2026-02-21T23:58:22.675+0000] {processor.py:183} INFO - Processing /opt/airflow/dags/main.py took 0.429 seconds
[2026-02-21T23:58:53.004+0000] {processor.py:161} INFO - Started process (PID=123) to work on /opt/airflow/dags/main.py
[2026-02-21T23:58:53.006+0000] {processor.py:830} INFO - Processing file /opt/airflow/dags/main.py for tasks to queue
[2026-02-21T23:58:53.009+0000] {logging_mixin.py:188} INFO - [2026-02-21T23:58:53.008+0000] {dagbag.py:545} INFO - Filling up the DagBag from /opt/airflow/dags/main.py
[2026-02-21T23:58:53.236+0000] {processor.py:840} INFO - DAG(s) 'update_db', 'produce_json' retrieved from /opt/airflow/dags/main.py
[2026-02-21T23:58:53.289+0000] {logging_mixin.py:188} INFO - [2026-02-21T23:58:53.289+0000] {dag.py:3096} INFO - Sync 2 DAGs
[2026-02-21T23:58:53.332+0000] {logging_mixin.py:188} INFO - [2026-02-21T23:58:53.332+0000] {dag.py:3954} INFO - Setting next_dagrun for produce_json to 2026-02-21 14:00:00+00:00, run_after=2026-02-22 14:00:00+00:00
[2026-02-21T23:58:53.342+0000] {logging_mixin.py:188} INFO - [2026-02-21T23:58:53.342+0000] {dag.py:3954} INFO - Setting next_dagrun for update_db to 2026-02-21 15:00:00+00:00, run_after=2026-02-22 15:00:00+00:00
[2026-02-21T23:58:53.419+0000] {processor.py:183} INFO - Processing /opt/airflow/dags/main.py took 0.423 seconds
[2026-02-21T23:59:23.776+0000] {processor.py:161} INFO - Started process (PID=130) to work on /opt/airflow/dags/main.py
[2026-02-21T23:59:23.777+0000] {processor.py:830} INFO - Processing file /opt/airflow/dags/main.py for tasks to queue
[2026-02-21T23:59:23.780+0000] {logging_mixin.py:188} INFO - [2026-02-21T23:59:23.780+0000] {dagbag.py:545} INFO - Filling up the DagBag from /opt/airflow/dags/main.py
[2026-02-21T23:59:23.943+0000] {processor.py:840} INFO - DAG(s) 'produce_json', 'update_db' retrieved from /opt/airflow/dags/main.py
[2026-02-21T23:59:23.988+0000] {logging_mixin.py:188} INFO - [2026-02-21T23:59:23.988+0000] {dag.py:3096} INFO - Sync 2 DAGs
[2026-02-21T23:59:24.022+0000] {logging_mixin.py:188} INFO - [2026-02-21T23:59:24.022+0000] {dag.py:3954} INFO - Setting next_dagrun for produce_json to 2026-02-21 14:00:00+00:00, run_after=2026-02-22 14:00:00+00:00
[2026-02-21T23:59:24.029+0000] {logging_mixin.py:188} INFO - [2026-02-21T23:59:24.029+0000] {dag.py:3954} INFO - Setting next_dagrun for update_db to 2026-02-21 15:00:00+00:00, run_after=2026-02-22 15:00:00+00:00
[2026-02-21T23:59:24.091+0000] {processor.py:183} INFO - Processing /opt/airflow/dags/main.py took 0.326 seconds
[2026-02-21T23:59:54.452+0000] {processor.py:161} INFO - Started process (PID=137) to work on /opt/airflow/dags/main.py
[2026-02-21T23:59:54.453+0000] {processor.py:830} INFO - Processing file /opt/airflow/dags/main.py for tasks to queue
[2026-02-21T23:59:54.457+0000] {logging_mixin.py:188} INFO - [2026-02-21T23:59:54.457+0000] {dagbag.py:545} INFO - Filling up the DagBag from /opt/airflow/dags/main.py
[2026-02-21T23:59:54.617+0000] {processor.py:840} INFO - DAG(s) 'produce_json', 'update_db' retrieved from /opt/airflow/dags/main.py
[2026-02-21T23:59:54.666+0000] {logging_mixin.py:188} INFO - [2026-02-21T23:59:54.666+0000] {dag.py:3096} INFO - Sync 2 DAGs
[2026-02-21T23:59:54.701+0000] {logging_mixin.py:188} INFO - [2026-02-21T23:59:54.701+0000] {dag.py:3954} INFO - Setting next_dagrun for produce_json to 2026-02-21 14:00:00+00:00, run_after=2026-02-22 14:00:00+00:00
[2026-02-21T23:59:54.709+0000] {logging_mixin.py:188} INFO - [2026-02-21T23:59:54.709+0000] {dag.py:3954} INFO - Setting next_dagrun for update_db to 2026-02-21 15:00:00+00:00, run_after=2026-02-22 15:00:00+00:00
[2026-02-21T23:59:54.773+0000] {processor.py:183} INFO - Processing /opt/airflow/dags/main.py took 0.330 seconds
