[2026-02-22T00:06:05.721+0000] {local_task_job_runner.py:120} INFO - ::group::Pre task execution logs
[2026-02-22T00:06:05.758+0000] {taskinstance.py:2076} INFO - Dependencies all met for dep_context=non-requeueable deps ti=<TaskInstance: update_db.staging_table scheduled__2026-02-20T15:00:00+00:00 [queued]>
[2026-02-22T00:06:05.770+0000] {taskinstance.py:2076} INFO - Dependencies all met for dep_context=requeueable deps ti=<TaskInstance: update_db.staging_table scheduled__2026-02-20T15:00:00+00:00 [queued]>
[2026-02-22T00:06:05.771+0000] {taskinstance.py:2306} INFO - Starting attempt 3 of 3
[2026-02-22T00:06:05.788+0000] {taskinstance.py:2330} INFO - Executing <Task(_PythonDecoratedOperator): staging_table> on 2026-02-20 15:00:00+00:00
[2026-02-22T00:06:05.796+0000] {warnings.py:112} WARNING - /home/airflow/.local/lib/python3.12/site-packages/airflow/task/task_runner/standard_task_runner.py:61: DeprecationWarning: This process (pid=77) is multi-threaded, use of fork() may lead to deadlocks in the child.
  pid = os.fork()

[2026-02-22T00:06:05.797+0000] {standard_task_runner.py:90} INFO - Running: ['airflow', 'tasks', 'run', 'update_db', 'staging_table', 'scheduled__2026-02-20T15:00:00+00:00', '--job-id', '173', '--raw', '--subdir', 'DAGS_FOLDER/main.py', '--cfg-path', '/tmp/tmpszufm0hd']
[2026-02-22T00:06:05.800+0000] {standard_task_runner.py:63} INFO - Started process 78 to run task
[2026-02-22T00:06:05.800+0000] {standard_task_runner.py:91} INFO - Job 173: Subtask staging_table
[2026-02-22T00:06:05.911+0000] {task_command.py:426} INFO - Running <TaskInstance: update_db.staging_table scheduled__2026-02-20T15:00:00+00:00 [running]> on host dad303c8dd6b
[2026-02-22T00:06:06.058+0000] {taskinstance.py:2648} INFO - Exporting env vars: AIRFLOW_CTX_DAG_EMAIL='data@engineers.com' AIRFLOW_CTX_DAG_OWNER='dataengineers' AIRFLOW_CTX_DAG_ID='update_db' AIRFLOW_CTX_TASK_ID='staging_table' AIRFLOW_CTX_EXECUTION_DATE='2026-02-20T15:00:00+00:00' AIRFLOW_CTX_TRY_NUMBER='3' AIRFLOW_CTX_DAG_RUN_ID='scheduled__2026-02-20T15:00:00+00:00'
[2026-02-22T00:06:06.062+0000] {taskinstance.py:430} INFO - ::endgroup::
[2026-02-22T00:06:06.090+0000] {base.py:84} INFO - Using connection ID 'postgres_db_yt_elt' for task execution.
[2026-02-22T00:06:06.096+0000] {data_utils.py:13} INFO - Database connection established
[2026-02-22T00:06:06.101+0000] {data_loading.py:18} INFO - Loading data from /opt/airflow/data/YT_data_2026-02-21.json
[2026-02-22T00:06:06.113+0000] {data_loading.py:23} INFO - Loaded 946 records from JSON
[2026-02-22T00:06:06.118+0000] {base.py:84} INFO - Using connection ID 'postgres_db_yt_elt' for task execution.
[2026-02-22T00:06:06.127+0000] {data_utils.py:13} INFO - Database connection established
[2026-02-22T00:06:06.130+0000] {data_utils.py:27} INFO - Schema staging created or already exists
[2026-02-22T00:06:06.131+0000] {data_utils.py:20} INFO - Database connection closed
[2026-02-22T00:06:06.134+0000] {base.py:84} INFO - Using connection ID 'postgres_db_yt_elt' for task execution.
[2026-02-22T00:06:06.139+0000] {data_utils.py:13} INFO - Database connection established
[2026-02-22T00:06:06.141+0000] {data_utils.py:62} INFO - Table staging.yt_api created or already exists
[2026-02-22T00:06:06.142+0000] {data_utils.py:20} INFO - Database connection closed
[2026-02-22T00:06:06.143+0000] {dwh.py:51} ERROR - An error occured during the update of staging table: column "Video_Id" does not exist
LINE 1: SELECT "Video_Id" FROM staging.yt_api;
               ^
HINT:  Perhaps you meant to reference the column "yt_api.video_id".

[2026-02-22T00:06:06.144+0000] {data_utils.py:20} INFO - Database connection closed
[2026-02-22T00:06:06.145+0000] {taskinstance.py:441} INFO - ::group::Post task execution logs
[2026-02-22T00:06:06.146+0000] {taskinstance.py:2905} ERROR - Task failed with exception
Traceback (most recent call last):
  File "/home/airflow/.local/lib/python3.12/site-packages/airflow/models/taskinstance.py", line 465, in _execute_task
    result = _execute_callable(context=context, **execute_callable_kwargs)
             ^^^^^^^^^^^^^^^^^^^^^^^^^^^^^^^^^^^^^^^^^^^^^^^^^^^^^^^^^^^^^
  File "/home/airflow/.local/lib/python3.12/site-packages/airflow/models/taskinstance.py", line 432, in _execute_callable
    return execute_callable(context=context, **execute_callable_kwargs)
           ^^^^^^^^^^^^^^^^^^^^^^^^^^^^^^^^^^^^^^^^^^^^^^^^^^^^^^^^^^^^
  File "/home/airflow/.local/lib/python3.12/site-packages/airflow/models/baseoperator.py", line 401, in wrapper
    return func(self, *args, **kwargs)
           ^^^^^^^^^^^^^^^^^^^^^^^^^^^
  File "/home/airflow/.local/lib/python3.12/site-packages/airflow/decorators/base.py", line 265, in execute
    return_value = super().execute(context)
                   ^^^^^^^^^^^^^^^^^^^^^^^^
  File "/home/airflow/.local/lib/python3.12/site-packages/airflow/models/baseoperator.py", line 401, in wrapper
    return func(self, *args, **kwargs)
           ^^^^^^^^^^^^^^^^^^^^^^^^^^^
  File "/home/airflow/.local/lib/python3.12/site-packages/airflow/operators/python.py", line 235, in execute
    return_value = self.execute_callable()
                   ^^^^^^^^^^^^^^^^^^^^^^^
  File "/home/airflow/.local/lib/python3.12/site-packages/airflow/operators/python.py", line 252, in execute_callable
    return self.python_callable(*self.op_args, **self.op_kwargs)
           ^^^^^^^^^^^^^^^^^^^^^^^^^^^^^^^^^^^^^^^^^^^^^^^^^^^^^
  File "/opt/airflow/dags/datawarehouse/dwh.py", line 52, in staging_table
    raise e
  File "/opt/airflow/dags/datawarehouse/dwh.py", line 28, in staging_table
    table_ids = get_video_ids(cur, schema)
                ^^^^^^^^^^^^^^^^^^^^^^^^^^
  File "/opt/airflow/dags/datawarehouse/data_utils.py", line 67, in get_video_ids
    cur.execute(f"SELECT \"Video_Id\" FROM {schema}.{table};")
  File "/home/airflow/.local/lib/python3.12/site-packages/psycopg2/extras.py", line 236, in execute
    return super().execute(query, vars)
           ^^^^^^^^^^^^^^^^^^^^^^^^^^^^
psycopg2.errors.UndefinedColumn: column "Video_Id" does not exist
LINE 1: SELECT "Video_Id" FROM staging.yt_api;
               ^
HINT:  Perhaps you meant to reference the column "yt_api.video_id".

[2026-02-22T00:06:06.177+0000] {taskinstance.py:1206} INFO - Marking task as FAILED. dag_id=update_db, task_id=staging_table, run_id=scheduled__2026-02-20T15:00:00+00:00, execution_date=20260220T150000, start_date=20260222T000605, end_date=20260222T000606
[2026-02-22T00:06:06.196+0000] {standard_task_runner.py:110} ERROR - Failed to execute job 173 for task staging_table (column "Video_Id" does not exist
LINE 1: SELECT "Video_Id" FROM staging.yt_api;
               ^
HINT:  Perhaps you meant to reference the column "yt_api.video_id".
; 78)
[2026-02-22T00:06:06.219+0000] {local_task_job_runner.py:240} INFO - Task exited with return code 1
[2026-02-22T00:06:06.248+0000] {taskinstance.py:3503} INFO - 0 downstream tasks scheduled from follow-on schedule check
[2026-02-22T00:06:06.254+0000] {local_task_job_runner.py:222} INFO - ::endgroup::
[2026-02-22T00:22:54.758+0000] {local_task_job_runner.py:120} INFO - ::group::Pre task execution logs
[2026-02-22T00:22:54.820+0000] {taskinstance.py:2076} INFO - Dependencies all met for dep_context=non-requeueable deps ti=<TaskInstance: update_db.staging_table scheduled__2026-02-20T15:00:00+00:00 [queued]>
[2026-02-22T00:22:54.842+0000] {taskinstance.py:2076} INFO - Dependencies all met for dep_context=requeueable deps ti=<TaskInstance: update_db.staging_table scheduled__2026-02-20T15:00:00+00:00 [queued]>
[2026-02-22T00:22:54.843+0000] {taskinstance.py:2306} INFO - Starting attempt 3 of 3
[2026-02-22T00:22:54.873+0000] {taskinstance.py:2330} INFO - Executing <Task(_PythonDecoratedOperator): staging_table> on 2026-02-20 15:00:00+00:00
[2026-02-22T00:22:54.893+0000] {standard_task_runner.py:90} INFO - Running: ['airflow', 'tasks', 'run', 'update_db', 'staging_table', 'scheduled__2026-02-20T15:00:00+00:00', '--job-id', '181', '--raw', '--subdir', 'DAGS_FOLDER/main.py', '--cfg-path', '/tmp/tmp_0j6lh6k']
[2026-02-22T00:22:54.889+0000] {warnings.py:112} WARNING - /home/airflow/.local/lib/python3.12/site-packages/airflow/task/task_runner/standard_task_runner.py:61: DeprecationWarning: This process (pid=208) is multi-threaded, use of fork() may lead to deadlocks in the child.
  pid = os.fork()

[2026-02-22T00:22:54.896+0000] {standard_task_runner.py:91} INFO - Job 181: Subtask staging_table
[2026-02-22T00:22:54.897+0000] {standard_task_runner.py:63} INFO - Started process 209 to run task
[2026-02-22T00:22:55.124+0000] {task_command.py:426} INFO - Running <TaskInstance: update_db.staging_table scheduled__2026-02-20T15:00:00+00:00 [running]> on host 45cda66b0026
[2026-02-22T00:22:55.334+0000] {taskinstance.py:2648} INFO - Exporting env vars: AIRFLOW_CTX_DAG_EMAIL='data@engineers.com' AIRFLOW_CTX_DAG_OWNER='dataengineers' AIRFLOW_CTX_DAG_ID='update_db' AIRFLOW_CTX_TASK_ID='staging_table' AIRFLOW_CTX_EXECUTION_DATE='2026-02-20T15:00:00+00:00' AIRFLOW_CTX_TRY_NUMBER='3' AIRFLOW_CTX_DAG_RUN_ID='scheduled__2026-02-20T15:00:00+00:00'
[2026-02-22T00:22:55.335+0000] {taskinstance.py:430} INFO - ::endgroup::
[2026-02-22T00:22:55.357+0000] {base.py:84} INFO - Using connection ID 'postgres_db_yt_elt' for task execution.
[2026-02-22T00:22:55.384+0000] {data_utils.py:13} INFO - Database connection established
[2026-02-22T00:22:55.393+0000] {data_loading.py:18} INFO - Loading data from /opt/airflow/data/YT_data_2026-02-21.json
[2026-02-22T00:22:55.412+0000] {data_loading.py:23} INFO - Loaded 946 records from JSON
[2026-02-22T00:22:55.416+0000] {base.py:84} INFO - Using connection ID 'postgres_db_yt_elt' for task execution.
[2026-02-22T00:22:55.424+0000] {data_utils.py:13} INFO - Database connection established
[2026-02-22T00:22:55.427+0000] {data_utils.py:27} INFO - Schema staging created or already exists
[2026-02-22T00:22:55.429+0000] {data_utils.py:20} INFO - Database connection closed
[2026-02-22T00:22:55.431+0000] {base.py:84} INFO - Using connection ID 'postgres_db_yt_elt' for task execution.
[2026-02-22T00:22:55.437+0000] {data_utils.py:13} INFO - Database connection established
[2026-02-22T00:22:55.439+0000] {data_utils.py:62} INFO - Table staging.yt_api created or already exists
[2026-02-22T00:22:55.440+0000] {data_utils.py:20} INFO - Database connection closed
[2026-02-22T00:22:55.442+0000] {dwh.py:51} ERROR - An error occured during the update of staging table: column "Video_Id" does not exist
LINE 1: SELECT "Video_Id" FROM staging.yt_api;
               ^
HINT:  Perhaps you meant to reference the column "yt_api.video_id".

[2026-02-22T00:22:55.444+0000] {data_utils.py:20} INFO - Database connection closed
[2026-02-22T00:22:55.444+0000] {taskinstance.py:441} INFO - ::group::Post task execution logs
[2026-02-22T00:22:55.445+0000] {taskinstance.py:2905} ERROR - Task failed with exception
Traceback (most recent call last):
  File "/home/airflow/.local/lib/python3.12/site-packages/airflow/models/taskinstance.py", line 465, in _execute_task
    result = _execute_callable(context=context, **execute_callable_kwargs)
             ^^^^^^^^^^^^^^^^^^^^^^^^^^^^^^^^^^^^^^^^^^^^^^^^^^^^^^^^^^^^^
  File "/home/airflow/.local/lib/python3.12/site-packages/airflow/models/taskinstance.py", line 432, in _execute_callable
    return execute_callable(context=context, **execute_callable_kwargs)
           ^^^^^^^^^^^^^^^^^^^^^^^^^^^^^^^^^^^^^^^^^^^^^^^^^^^^^^^^^^^^
  File "/home/airflow/.local/lib/python3.12/site-packages/airflow/models/baseoperator.py", line 401, in wrapper
    return func(self, *args, **kwargs)
           ^^^^^^^^^^^^^^^^^^^^^^^^^^^
  File "/home/airflow/.local/lib/python3.12/site-packages/airflow/decorators/base.py", line 265, in execute
    return_value = super().execute(context)
                   ^^^^^^^^^^^^^^^^^^^^^^^^
  File "/home/airflow/.local/lib/python3.12/site-packages/airflow/models/baseoperator.py", line 401, in wrapper
    return func(self, *args, **kwargs)
           ^^^^^^^^^^^^^^^^^^^^^^^^^^^
  File "/home/airflow/.local/lib/python3.12/site-packages/airflow/operators/python.py", line 235, in execute
    return_value = self.execute_callable()
                   ^^^^^^^^^^^^^^^^^^^^^^^
  File "/home/airflow/.local/lib/python3.12/site-packages/airflow/operators/python.py", line 252, in execute_callable
    return self.python_callable(*self.op_args, **self.op_kwargs)
           ^^^^^^^^^^^^^^^^^^^^^^^^^^^^^^^^^^^^^^^^^^^^^^^^^^^^^
  File "/opt/airflow/dags/datawarehouse/dwh.py", line 52, in staging_table
    raise e
  File "/opt/airflow/dags/datawarehouse/dwh.py", line 28, in staging_table
    table_ids = get_video_ids(cur, schema)
                ^^^^^^^^^^^^^^^^^^^^^^^^^^
  File "/opt/airflow/dags/datawarehouse/data_utils.py", line 67, in get_video_ids
    cur.execute(f"SELECT \"Video_Id\" FROM {schema}.{table};")
  File "/home/airflow/.local/lib/python3.12/site-packages/psycopg2/extras.py", line 236, in execute
    return super().execute(query, vars)
           ^^^^^^^^^^^^^^^^^^^^^^^^^^^^
psycopg2.errors.UndefinedColumn: column "Video_Id" does not exist
LINE 1: SELECT "Video_Id" FROM staging.yt_api;
               ^
HINT:  Perhaps you meant to reference the column "yt_api.video_id".

[2026-02-22T00:22:55.476+0000] {taskinstance.py:1206} INFO - Marking task as FAILED. dag_id=update_db, task_id=staging_table, run_id=scheduled__2026-02-20T15:00:00+00:00, execution_date=20260220T150000, start_date=20260222T002254, end_date=20260222T002255
[2026-02-22T00:22:55.500+0000] {standard_task_runner.py:110} ERROR - Failed to execute job 181 for task staging_table (column "Video_Id" does not exist
LINE 1: SELECT "Video_Id" FROM staging.yt_api;
               ^
HINT:  Perhaps you meant to reference the column "yt_api.video_id".
; 209)
[2026-02-22T00:22:55.518+0000] {local_task_job_runner.py:240} INFO - Task exited with return code 1
[2026-02-22T00:22:55.568+0000] {taskinstance.py:3503} INFO - 0 downstream tasks scheduled from follow-on schedule check
[2026-02-22T00:22:55.576+0000] {local_task_job_runner.py:222} INFO - ::endgroup::
[2026-02-22T01:12:06.285+0000] {local_task_job_runner.py:120} INFO - ::group::Pre task execution logs
[2026-02-22T01:12:06.318+0000] {taskinstance.py:2076} INFO - Dependencies all met for dep_context=non-requeueable deps ti=<TaskInstance: update_db.staging_table scheduled__2026-02-20T15:00:00+00:00 [queued]>
[2026-02-22T01:12:06.328+0000] {taskinstance.py:2076} INFO - Dependencies all met for dep_context=requeueable deps ti=<TaskInstance: update_db.staging_table scheduled__2026-02-20T15:00:00+00:00 [queued]>
[2026-02-22T01:12:06.330+0000] {taskinstance.py:2306} INFO - Starting attempt 3 of 3
[2026-02-22T01:12:06.356+0000] {taskinstance.py:2330} INFO - Executing <Task(_PythonDecoratedOperator): staging_table> on 2026-02-20 15:00:00+00:00
[2026-02-22T01:12:06.364+0000] {warnings.py:112} WARNING - /home/airflow/.local/lib/python3.12/site-packages/airflow/task/task_runner/standard_task_runner.py:61: DeprecationWarning: This process (pid=75) is multi-threaded, use of fork() may lead to deadlocks in the child.
  pid = os.fork()

[2026-02-22T01:12:06.367+0000] {standard_task_runner.py:63} INFO - Started process 76 to run task
[2026-02-22T01:12:06.366+0000] {standard_task_runner.py:90} INFO - Running: ['airflow', 'tasks', 'run', 'update_db', 'staging_table', 'scheduled__2026-02-20T15:00:00+00:00', '--job-id', '192', '--raw', '--subdir', 'DAGS_FOLDER/main.py', '--cfg-path', '/tmp/tmpsk31xjgo']
[2026-02-22T01:12:06.368+0000] {standard_task_runner.py:91} INFO - Job 192: Subtask staging_table
[2026-02-22T01:12:06.483+0000] {task_command.py:426} INFO - Running <TaskInstance: update_db.staging_table scheduled__2026-02-20T15:00:00+00:00 [running]> on host 45cda66b0026
[2026-02-22T01:12:06.596+0000] {taskinstance.py:2648} INFO - Exporting env vars: AIRFLOW_CTX_DAG_EMAIL='data@engineers.com' AIRFLOW_CTX_DAG_OWNER='dataengineers' AIRFLOW_CTX_DAG_ID='update_db' AIRFLOW_CTX_TASK_ID='staging_table' AIRFLOW_CTX_EXECUTION_DATE='2026-02-20T15:00:00+00:00' AIRFLOW_CTX_TRY_NUMBER='3' AIRFLOW_CTX_DAG_RUN_ID='scheduled__2026-02-20T15:00:00+00:00'
[2026-02-22T01:12:06.598+0000] {taskinstance.py:430} INFO - ::endgroup::
[2026-02-22T01:12:06.609+0000] {base.py:84} INFO - Using connection ID 'postgres_db_yt_elt' for task execution.
[2026-02-22T01:12:06.618+0000] {data_utils.py:13} INFO - Database connection established
[2026-02-22T01:12:06.624+0000] {data_loading.py:18} INFO - Loading data from /opt/airflow/data/YT_data_2026-02-21.json
[2026-02-22T01:12:06.639+0000] {data_loading.py:23} INFO - Loaded 946 records from JSON
[2026-02-22T01:12:06.641+0000] {base.py:84} INFO - Using connection ID 'postgres_db_yt_elt' for task execution.
[2026-02-22T01:12:06.648+0000] {data_utils.py:13} INFO - Database connection established
[2026-02-22T01:12:06.650+0000] {data_utils.py:27} INFO - Schema staging created or already exists
[2026-02-22T01:12:06.651+0000] {data_utils.py:20} INFO - Database connection closed
[2026-02-22T01:12:06.652+0000] {base.py:84} INFO - Using connection ID 'postgres_db_yt_elt' for task execution.
[2026-02-22T01:12:06.659+0000] {data_utils.py:13} INFO - Database connection established
[2026-02-22T01:12:06.662+0000] {data_utils.py:62} INFO - Table staging.yt_api created or already exists
[2026-02-22T01:12:06.663+0000] {data_utils.py:20} INFO - Database connection closed
[2026-02-22T01:12:06.675+0000] {data_utils.py:70} INFO - Retrieved 0 video IDs from staging
[2026-02-22T01:12:06.678+0000] {data_modification.py:25} ERROR - Error inserting row with Video_Id: 5OLs1GWB4OA - column "Video_Id" of relation "yt_api" does not exist
LINE 1: INSERT INTO staging.yt_api ("Video_Id", "Video_Title", "Uplo...
                                    ^

[2026-02-22T01:12:06.679+0000] {dwh.py:51} ERROR - An error occured during the update of staging table: column "Video_Id" of relation "yt_api" does not exist
LINE 1: INSERT INTO staging.yt_api ("Video_Id", "Video_Title", "Uplo...
                                    ^

[2026-02-22T01:12:06.680+0000] {data_utils.py:20} INFO - Database connection closed
[2026-02-22T01:12:06.683+0000] {taskinstance.py:441} INFO - ::group::Post task execution logs
[2026-02-22T01:12:06.684+0000] {taskinstance.py:2905} ERROR - Task failed with exception
Traceback (most recent call last):
  File "/home/airflow/.local/lib/python3.12/site-packages/airflow/models/taskinstance.py", line 465, in _execute_task
    result = _execute_callable(context=context, **execute_callable_kwargs)
             ^^^^^^^^^^^^^^^^^^^^^^^^^^^^^^^^^^^^^^^^^^^^^^^^^^^^^^^^^^^^^
  File "/home/airflow/.local/lib/python3.12/site-packages/airflow/models/taskinstance.py", line 432, in _execute_callable
    return execute_callable(context=context, **execute_callable_kwargs)
           ^^^^^^^^^^^^^^^^^^^^^^^^^^^^^^^^^^^^^^^^^^^^^^^^^^^^^^^^^^^^
  File "/home/airflow/.local/lib/python3.12/site-packages/airflow/models/baseoperator.py", line 401, in wrapper
    return func(self, *args, **kwargs)
           ^^^^^^^^^^^^^^^^^^^^^^^^^^^
  File "/home/airflow/.local/lib/python3.12/site-packages/airflow/decorators/base.py", line 265, in execute
    return_value = super().execute(context)
                   ^^^^^^^^^^^^^^^^^^^^^^^^
  File "/home/airflow/.local/lib/python3.12/site-packages/airflow/models/baseoperator.py", line 401, in wrapper
    return func(self, *args, **kwargs)
           ^^^^^^^^^^^^^^^^^^^^^^^^^^^
  File "/home/airflow/.local/lib/python3.12/site-packages/airflow/operators/python.py", line 235, in execute
    return_value = self.execute_callable()
                   ^^^^^^^^^^^^^^^^^^^^^^^
  File "/home/airflow/.local/lib/python3.12/site-packages/airflow/operators/python.py", line 252, in execute_callable
    return self.python_callable(*self.op_args, **self.op_kwargs)
           ^^^^^^^^^^^^^^^^^^^^^^^^^^^^^^^^^^^^^^^^^^^^^^^^^^^^^
  File "/opt/airflow/dags/datawarehouse/dwh.py", line 52, in staging_table
    raise e
  File "/opt/airflow/dags/datawarehouse/dwh.py", line 33, in staging_table
    insert_rows(cur, conn, schema, row)
  File "/opt/airflow/dags/datawarehouse/data_modification.py", line 26, in insert_rows
    raise e
  File "/opt/airflow/dags/datawarehouse/data_modification.py", line 10, in insert_rows
    cur.execute(
  File "/home/airflow/.local/lib/python3.12/site-packages/psycopg2/extras.py", line 236, in execute
    return super().execute(query, vars)
           ^^^^^^^^^^^^^^^^^^^^^^^^^^^^
psycopg2.errors.UndefinedColumn: column "Video_Id" of relation "yt_api" does not exist
LINE 1: INSERT INTO staging.yt_api ("Video_Id", "Video_Title", "Uplo...
                                    ^

[2026-02-22T01:12:06.715+0000] {taskinstance.py:1206} INFO - Marking task as FAILED. dag_id=update_db, task_id=staging_table, run_id=scheduled__2026-02-20T15:00:00+00:00, execution_date=20260220T150000, start_date=20260222T011206, end_date=20260222T011206
[2026-02-22T01:12:06.731+0000] {standard_task_runner.py:110} ERROR - Failed to execute job 192 for task staging_table (column "Video_Id" of relation "yt_api" does not exist
LINE 1: INSERT INTO staging.yt_api ("Video_Id", "Video_Title", "Uplo...
                                    ^
; 76)
[2026-02-22T01:12:06.743+0000] {local_task_job_runner.py:240} INFO - Task exited with return code 1
[2026-02-22T01:12:06.756+0000] {local_task_job_runner.py:222} INFO - ::endgroup::
[2026-02-22T01:45:40.942+0000] {local_task_job_runner.py:120} INFO - ::group::Pre task execution logs
[2026-02-22T01:45:40.966+0000] {taskinstance.py:2076} INFO - Dependencies all met for dep_context=non-requeueable deps ti=<TaskInstance: update_db.staging_table scheduled__2026-02-20T15:00:00+00:00 [queued]>
[2026-02-22T01:45:40.974+0000] {taskinstance.py:2076} INFO - Dependencies all met for dep_context=requeueable deps ti=<TaskInstance: update_db.staging_table scheduled__2026-02-20T15:00:00+00:00 [queued]>
[2026-02-22T01:45:40.975+0000] {taskinstance.py:2306} INFO - Starting attempt 3 of 3
[2026-02-22T01:45:40.988+0000] {taskinstance.py:2330} INFO - Executing <Task(_PythonDecoratedOperator): staging_table> on 2026-02-20 15:00:00+00:00
[2026-02-22T01:45:40.992+0000] {warnings.py:112} WARNING - /home/airflow/.local/lib/python3.12/site-packages/airflow/task/task_runner/standard_task_runner.py:61: DeprecationWarning: This process (pid=102) is multi-threaded, use of fork() may lead to deadlocks in the child.
  pid = os.fork()

[2026-02-22T01:45:40.994+0000] {standard_task_runner.py:63} INFO - Started process 103 to run task
[2026-02-22T01:45:40.994+0000] {standard_task_runner.py:90} INFO - Running: ['airflow', 'tasks', 'run', 'update_db', 'staging_table', 'scheduled__2026-02-20T15:00:00+00:00', '--job-id', '210', '--raw', '--subdir', 'DAGS_FOLDER/main.py', '--cfg-path', '/tmp/tmptkbr1ih2']
[2026-02-22T01:45:40.996+0000] {standard_task_runner.py:91} INFO - Job 210: Subtask staging_table
[2026-02-22T01:45:41.056+0000] {task_command.py:426} INFO - Running <TaskInstance: update_db.staging_table scheduled__2026-02-20T15:00:00+00:00 [running]> on host 45cda66b0026
[2026-02-22T01:45:41.134+0000] {taskinstance.py:2648} INFO - Exporting env vars: AIRFLOW_CTX_DAG_EMAIL='data@engineers.com' AIRFLOW_CTX_DAG_OWNER='dataengineers' AIRFLOW_CTX_DAG_ID='update_db' AIRFLOW_CTX_TASK_ID='staging_table' AIRFLOW_CTX_EXECUTION_DATE='2026-02-20T15:00:00+00:00' AIRFLOW_CTX_TRY_NUMBER='3' AIRFLOW_CTX_DAG_RUN_ID='scheduled__2026-02-20T15:00:00+00:00'
[2026-02-22T01:45:41.136+0000] {taskinstance.py:430} INFO - ::endgroup::
[2026-02-22T01:45:41.149+0000] {base.py:84} INFO - Using connection ID 'postgres_db_yt_elt' for task execution.
[2026-02-22T01:45:41.155+0000] {data_utils.py:13} INFO - Database connection established
[2026-02-22T01:45:41.159+0000] {data_loading.py:18} INFO - Loading data from /opt/airflow/data/YT_data_2026-02-21.json
[2026-02-22T01:45:41.165+0000] {data_loading.py:23} INFO - Loaded 946 records from JSON
[2026-02-22T01:45:41.167+0000] {base.py:84} INFO - Using connection ID 'postgres_db_yt_elt' for task execution.
[2026-02-22T01:45:41.171+0000] {data_utils.py:13} INFO - Database connection established
[2026-02-22T01:45:41.172+0000] {data_utils.py:27} INFO - Schema staging created or already exists
[2026-02-22T01:45:41.173+0000] {data_utils.py:20} INFO - Database connection closed
[2026-02-22T01:45:41.174+0000] {base.py:84} INFO - Using connection ID 'postgres_db_yt_elt' for task execution.
[2026-02-22T01:45:41.178+0000] {data_utils.py:13} INFO - Database connection established
[2026-02-22T01:45:41.179+0000] {data_utils.py:62} INFO - Table staging.yt_api created or already exists
[2026-02-22T01:45:41.180+0000] {data_utils.py:20} INFO - Database connection closed
[2026-02-22T01:45:41.181+0000] {data_utils.py:70} INFO - Retrieved 0 video IDs from staging
[2026-02-22T01:45:41.182+0000] {data_modification.py:23} ERROR - Error inserting row with video_id: 5OLs1GWB4OA - column "title" of relation "yt_api" does not exist
LINE 1: INSERT INTO staging.yt_api (video_id, title, publishedat, du...
                                              ^

[2026-02-22T01:45:41.183+0000] {dwh.py:51} ERROR - An error occured during the update of staging table: column "title" of relation "yt_api" does not exist
LINE 1: INSERT INTO staging.yt_api (video_id, title, publishedat, du...
                                              ^

[2026-02-22T01:45:41.183+0000] {data_utils.py:20} INFO - Database connection closed
[2026-02-22T01:45:41.185+0000] {taskinstance.py:441} INFO - ::group::Post task execution logs
[2026-02-22T01:45:41.185+0000] {taskinstance.py:2905} ERROR - Task failed with exception
Traceback (most recent call last):
  File "/home/airflow/.local/lib/python3.12/site-packages/airflow/models/taskinstance.py", line 465, in _execute_task
    result = _execute_callable(context=context, **execute_callable_kwargs)
             ^^^^^^^^^^^^^^^^^^^^^^^^^^^^^^^^^^^^^^^^^^^^^^^^^^^^^^^^^^^^^
  File "/home/airflow/.local/lib/python3.12/site-packages/airflow/models/taskinstance.py", line 432, in _execute_callable
    return execute_callable(context=context, **execute_callable_kwargs)
           ^^^^^^^^^^^^^^^^^^^^^^^^^^^^^^^^^^^^^^^^^^^^^^^^^^^^^^^^^^^^
  File "/home/airflow/.local/lib/python3.12/site-packages/airflow/models/baseoperator.py", line 401, in wrapper
    return func(self, *args, **kwargs)
           ^^^^^^^^^^^^^^^^^^^^^^^^^^^
  File "/home/airflow/.local/lib/python3.12/site-packages/airflow/decorators/base.py", line 265, in execute
    return_value = super().execute(context)
                   ^^^^^^^^^^^^^^^^^^^^^^^^
  File "/home/airflow/.local/lib/python3.12/site-packages/airflow/models/baseoperator.py", line 401, in wrapper
    return func(self, *args, **kwargs)
           ^^^^^^^^^^^^^^^^^^^^^^^^^^^
  File "/home/airflow/.local/lib/python3.12/site-packages/airflow/operators/python.py", line 235, in execute
    return_value = self.execute_callable()
                   ^^^^^^^^^^^^^^^^^^^^^^^
  File "/home/airflow/.local/lib/python3.12/site-packages/airflow/operators/python.py", line 252, in execute_callable
    return self.python_callable(*self.op_args, **self.op_kwargs)
           ^^^^^^^^^^^^^^^^^^^^^^^^^^^^^^^^^^^^^^^^^^^^^^^^^^^^^
  File "/opt/airflow/dags/datawarehouse/dwh.py", line 52, in staging_table
    raise e
  File "/opt/airflow/dags/datawarehouse/dwh.py", line 33, in staging_table
    insert_rows(cur, conn, schema, row)
  File "/opt/airflow/dags/datawarehouse/data_modification.py", line 24, in insert_rows
    raise e
  File "/opt/airflow/dags/datawarehouse/data_modification.py", line 9, in insert_rows
    cur.execute(
  File "/home/airflow/.local/lib/python3.12/site-packages/psycopg2/extras.py", line 236, in execute
    return super().execute(query, vars)
           ^^^^^^^^^^^^^^^^^^^^^^^^^^^^
psycopg2.errors.UndefinedColumn: column "title" of relation "yt_api" does not exist
LINE 1: INSERT INTO staging.yt_api (video_id, title, publishedat, du...
                                              ^

[2026-02-22T01:45:41.199+0000] {taskinstance.py:1206} INFO - Marking task as FAILED. dag_id=update_db, task_id=staging_table, run_id=scheduled__2026-02-20T15:00:00+00:00, execution_date=20260220T150000, start_date=20260222T014540, end_date=20260222T014541
[2026-02-22T01:45:41.210+0000] {standard_task_runner.py:110} ERROR - Failed to execute job 210 for task staging_table (column "title" of relation "yt_api" does not exist
LINE 1: INSERT INTO staging.yt_api (video_id, title, publishedat, du...
                                              ^
; 103)
[2026-02-22T01:45:41.249+0000] {local_task_job_runner.py:240} INFO - Task exited with return code 1
[2026-02-22T01:45:41.267+0000] {taskinstance.py:3503} INFO - 0 downstream tasks scheduled from follow-on schedule check
[2026-02-22T01:45:41.271+0000] {local_task_job_runner.py:222} INFO - ::endgroup::
