[2026-02-20T22:55:40.767+0000] {local_task_job_runner.py:120} INFO - ::group::Pre task execution logs
[2026-02-20T22:55:40.831+0000] {taskinstance.py:2076} INFO - Dependencies all met for dep_context=non-requeueable deps ti=<TaskInstance: update_db.staging_table scheduled__2026-02-19T15:00:00+00:00 [queued]>
[2026-02-20T22:55:40.851+0000] {taskinstance.py:2076} INFO - Dependencies all met for dep_context=requeueable deps ti=<TaskInstance: update_db.staging_table scheduled__2026-02-19T15:00:00+00:00 [queued]>
[2026-02-20T22:55:40.852+0000] {taskinstance.py:2306} INFO - Starting attempt 3 of 3
[2026-02-20T22:55:40.879+0000] {taskinstance.py:2330} INFO - Executing <Task(_PythonDecoratedOperator): staging_table> on 2026-02-19 15:00:00+00:00
[2026-02-20T22:55:40.888+0000] {warnings.py:112} WARNING - /home/airflow/.local/lib/python3.12/site-packages/airflow/task/task_runner/standard_task_runner.py:61: DeprecationWarning: This process (pid=202) is multi-threaded, use of fork() may lead to deadlocks in the child.
  pid = os.fork()

[2026-02-20T22:55:40.890+0000] {standard_task_runner.py:63} INFO - Started process 203 to run task
[2026-02-20T22:55:40.892+0000] {standard_task_runner.py:90} INFO - Running: ['airflow', 'tasks', 'run', 'update_db', 'staging_table', 'scheduled__2026-02-19T15:00:00+00:00', '--job-id', '152', '--raw', '--subdir', 'DAGS_FOLDER/main.py', '--cfg-path', '/tmp/tmpwvtsy8v6']
[2026-02-20T22:55:40.894+0000] {standard_task_runner.py:91} INFO - Job 152: Subtask staging_table
[2026-02-20T22:55:41.001+0000] {task_command.py:426} INFO - Running <TaskInstance: update_db.staging_table scheduled__2026-02-19T15:00:00+00:00 [running]> on host dad303c8dd6b
[2026-02-20T22:55:41.197+0000] {taskinstance.py:2648} INFO - Exporting env vars: AIRFLOW_CTX_DAG_EMAIL='data@engineers.com' AIRFLOW_CTX_DAG_OWNER='dataengineers' AIRFLOW_CTX_DAG_ID='update_db' AIRFLOW_CTX_TASK_ID='staging_table' AIRFLOW_CTX_EXECUTION_DATE='2026-02-19T15:00:00+00:00' AIRFLOW_CTX_TRY_NUMBER='3' AIRFLOW_CTX_DAG_RUN_ID='scheduled__2026-02-19T15:00:00+00:00'
[2026-02-20T22:55:41.198+0000] {taskinstance.py:430} INFO - ::endgroup::
[2026-02-20T22:55:41.250+0000] {data_utils.py:20} INFO - Database connection established
[2026-02-20T22:55:41.254+0000] {data_loading.py:18} INFO - Loading data from /opt/airflow/data/YT_data_2026-02-20.json
[2026-02-20T22:55:41.276+0000] {data_loading.py:23} INFO - Loaded 945 records from JSON
[2026-02-20T22:55:41.326+0000] {data_utils.py:20} INFO - Database connection established
[2026-02-20T22:55:41.330+0000] {data_utils.py:43} INFO - Schema 'staging' created or already exists
[2026-02-20T22:55:41.333+0000] {data_utils.py:33} INFO - Database connection closed
[2026-02-20T22:55:41.387+0000] {data_utils.py:20} INFO - Database connection established
[2026-02-20T22:55:41.389+0000] {data_utils.py:76} INFO - Table 'staging.yt_api' created or already exists
[2026-02-20T22:55:41.391+0000] {data_utils.py:33} INFO - Database connection closed
[2026-02-20T22:55:41.393+0000] {data_utils.py:89} INFO - Retrieved 0 video IDs from staging
[2026-02-20T22:55:41.394+0000] {data_modification.py:25} ERROR - Error inserting row with Video_Id: hjkbqeWQAM8 - column "Video_Id" of relation "yt_api" does not exist
LINE 1: INSERT INTO staging.yt_api ("Video_Id", "Video_Title", "Uplo...
                                    ^

[2026-02-20T22:55:41.395+0000] {dwh.py:51} ERROR - An error occured during the update of staging table: column "Video_Id" of relation "yt_api" does not exist
LINE 1: INSERT INTO staging.yt_api ("Video_Id", "Video_Title", "Uplo...
                                    ^

[2026-02-20T22:55:41.396+0000] {data_utils.py:33} INFO - Database connection closed
[2026-02-20T22:55:41.397+0000] {taskinstance.py:441} INFO - ::group::Post task execution logs
[2026-02-20T22:55:41.398+0000] {taskinstance.py:2905} ERROR - Task failed with exception
Traceback (most recent call last):
  File "/home/airflow/.local/lib/python3.12/site-packages/airflow/models/taskinstance.py", line 465, in _execute_task
    result = _execute_callable(context=context, **execute_callable_kwargs)
             ^^^^^^^^^^^^^^^^^^^^^^^^^^^^^^^^^^^^^^^^^^^^^^^^^^^^^^^^^^^^^
  File "/home/airflow/.local/lib/python3.12/site-packages/airflow/models/taskinstance.py", line 432, in _execute_callable
    return execute_callable(context=context, **execute_callable_kwargs)
           ^^^^^^^^^^^^^^^^^^^^^^^^^^^^^^^^^^^^^^^^^^^^^^^^^^^^^^^^^^^^
  File "/home/airflow/.local/lib/python3.12/site-packages/airflow/models/baseoperator.py", line 401, in wrapper
    return func(self, *args, **kwargs)
           ^^^^^^^^^^^^^^^^^^^^^^^^^^^
  File "/home/airflow/.local/lib/python3.12/site-packages/airflow/decorators/base.py", line 265, in execute
    return_value = super().execute(context)
                   ^^^^^^^^^^^^^^^^^^^^^^^^
  File "/home/airflow/.local/lib/python3.12/site-packages/airflow/models/baseoperator.py", line 401, in wrapper
    return func(self, *args, **kwargs)
           ^^^^^^^^^^^^^^^^^^^^^^^^^^^
  File "/home/airflow/.local/lib/python3.12/site-packages/airflow/operators/python.py", line 235, in execute
    return_value = self.execute_callable()
                   ^^^^^^^^^^^^^^^^^^^^^^^
  File "/home/airflow/.local/lib/python3.12/site-packages/airflow/operators/python.py", line 252, in execute_callable
    return self.python_callable(*self.op_args, **self.op_kwargs)
           ^^^^^^^^^^^^^^^^^^^^^^^^^^^^^^^^^^^^^^^^^^^^^^^^^^^^^
  File "/opt/airflow/dags/datawarehouse/dwh.py", line 52, in staging_table
    raise e
  File "/opt/airflow/dags/datawarehouse/dwh.py", line 33, in staging_table
    insert_rows(cur, conn, schema, row)
  File "/opt/airflow/dags/datawarehouse/data_modification.py", line 26, in insert_rows
    raise e
  File "/opt/airflow/dags/datawarehouse/data_modification.py", line 10, in insert_rows
    cur.execute(
  File "/home/airflow/.local/lib/python3.12/site-packages/psycopg2/extras.py", line 236, in execute
    return super().execute(query, vars)
           ^^^^^^^^^^^^^^^^^^^^^^^^^^^^
psycopg2.errors.UndefinedColumn: column "Video_Id" of relation "yt_api" does not exist
LINE 1: INSERT INTO staging.yt_api ("Video_Id", "Video_Title", "Uplo...
                                    ^

[2026-02-20T22:55:41.424+0000] {taskinstance.py:1206} INFO - Marking task as FAILED. dag_id=update_db, task_id=staging_table, run_id=scheduled__2026-02-19T15:00:00+00:00, execution_date=20260219T150000, start_date=20260220T225540, end_date=20260220T225541
[2026-02-20T22:55:41.444+0000] {standard_task_runner.py:110} ERROR - Failed to execute job 152 for task staging_table (column "Video_Id" of relation "yt_api" does not exist
LINE 1: INSERT INTO staging.yt_api ("Video_Id", "Video_Title", "Uplo...
                                    ^
; 203)
[2026-02-20T22:55:41.469+0000] {local_task_job_runner.py:240} INFO - Task exited with return code 1
[2026-02-20T22:55:41.505+0000] {taskinstance.py:3503} INFO - 0 downstream tasks scheduled from follow-on schedule check
[2026-02-20T22:55:41.511+0000] {local_task_job_runner.py:222} INFO - ::endgroup::
