[2026-02-22T01:27:24.689+0000] {local_task_job_runner.py:120} INFO - ::group::Pre task execution logs
[2026-02-22T01:27:24.711+0000] {taskinstance.py:2076} INFO - Dependencies all met for dep_context=non-requeueable deps ti=<TaskInstance: update_db.staging_table manual__2026-02-22T01:17:20.767933+00:00 [queued]>
[2026-02-22T01:27:24.721+0000] {taskinstance.py:2076} INFO - Dependencies all met for dep_context=requeueable deps ti=<TaskInstance: update_db.staging_table manual__2026-02-22T01:17:20.767933+00:00 [queued]>
[2026-02-22T01:27:24.721+0000] {taskinstance.py:2306} INFO - Starting attempt 3 of 3
[2026-02-22T01:27:24.735+0000] {taskinstance.py:2330} INFO - Executing <Task(_PythonDecoratedOperator): staging_table> on 2026-02-22 01:17:20.767933+00:00
[2026-02-22T01:27:24.740+0000] {warnings.py:112} WARNING - /home/airflow/.local/lib/python3.12/site-packages/airflow/task/task_runner/standard_task_runner.py:61: DeprecationWarning: This process (pid=155) is multi-threaded, use of fork() may lead to deadlocks in the child.
  pid = os.fork()

[2026-02-22T01:27:24.742+0000] {standard_task_runner.py:63} INFO - Started process 156 to run task
[2026-02-22T01:27:24.742+0000] {standard_task_runner.py:90} INFO - Running: ['airflow', 'tasks', 'run', 'update_db', 'staging_table', 'manual__2026-02-22T01:17:20.767933+00:00', '--job-id', '200', '--raw', '--subdir', 'DAGS_FOLDER/main.py', '--cfg-path', '/tmp/tmp2lj8nbx6']
[2026-02-22T01:27:24.743+0000] {standard_task_runner.py:91} INFO - Job 200: Subtask staging_table
[2026-02-22T01:27:24.808+0000] {task_command.py:426} INFO - Running <TaskInstance: update_db.staging_table manual__2026-02-22T01:17:20.767933+00:00 [running]> on host 45cda66b0026
[2026-02-22T01:27:24.895+0000] {taskinstance.py:2648} INFO - Exporting env vars: AIRFLOW_CTX_DAG_EMAIL='data@engineers.com' AIRFLOW_CTX_DAG_OWNER='dataengineers' AIRFLOW_CTX_DAG_ID='update_db' AIRFLOW_CTX_TASK_ID='staging_table' AIRFLOW_CTX_EXECUTION_DATE='2026-02-22T01:17:20.767933+00:00' AIRFLOW_CTX_TRY_NUMBER='3' AIRFLOW_CTX_DAG_RUN_ID='manual__2026-02-22T01:17:20.767933+00:00'
[2026-02-22T01:27:24.896+0000] {taskinstance.py:430} INFO - ::endgroup::
[2026-02-22T01:27:24.906+0000] {base.py:84} INFO - Using connection ID 'postgres_db_yt_elt' for task execution.
[2026-02-22T01:27:24.911+0000] {data_utils.py:13} INFO - Database connection established
[2026-02-22T01:27:24.917+0000] {data_loading.py:18} INFO - Loading data from /opt/airflow/data/YT_data_2026-02-21.json
[2026-02-22T01:27:24.926+0000] {data_loading.py:23} INFO - Loaded 946 records from JSON
[2026-02-22T01:27:24.928+0000] {base.py:84} INFO - Using connection ID 'postgres_db_yt_elt' for task execution.
[2026-02-22T01:27:24.932+0000] {data_utils.py:13} INFO - Database connection established
[2026-02-22T01:27:24.933+0000] {data_utils.py:27} INFO - Schema staging created or already exists
[2026-02-22T01:27:24.933+0000] {data_utils.py:20} INFO - Database connection closed
[2026-02-22T01:27:24.935+0000] {base.py:84} INFO - Using connection ID 'postgres_db_yt_elt' for task execution.
[2026-02-22T01:27:24.938+0000] {data_utils.py:13} INFO - Database connection established
[2026-02-22T01:27:24.939+0000] {data_utils.py:62} INFO - Table staging.yt_api created or already exists
[2026-02-22T01:27:24.940+0000] {data_utils.py:20} INFO - Database connection closed
[2026-02-22T01:27:24.941+0000] {data_utils.py:70} INFO - Retrieved 0 video IDs from staging
[2026-02-22T01:27:24.942+0000] {data_modification.py:25} ERROR - Error inserting row with Video_Id: 5OLs1GWB4OA - column "video_title" of relation "yt_api" does not exist
LINE 1: INSERT INTO staging.yt_api (video_id, video_title, upload_da...
                                              ^

[2026-02-22T01:27:24.943+0000] {dwh.py:51} ERROR - An error occured during the update of staging table: column "video_title" of relation "yt_api" does not exist
LINE 1: INSERT INTO staging.yt_api (video_id, video_title, upload_da...
                                              ^

[2026-02-22T01:27:24.943+0000] {data_utils.py:20} INFO - Database connection closed
[2026-02-22T01:27:24.944+0000] {taskinstance.py:441} INFO - ::group::Post task execution logs
[2026-02-22T01:27:24.944+0000] {taskinstance.py:2905} ERROR - Task failed with exception
Traceback (most recent call last):
  File "/home/airflow/.local/lib/python3.12/site-packages/airflow/models/taskinstance.py", line 465, in _execute_task
    result = _execute_callable(context=context, **execute_callable_kwargs)
             ^^^^^^^^^^^^^^^^^^^^^^^^^^^^^^^^^^^^^^^^^^^^^^^^^^^^^^^^^^^^^
  File "/home/airflow/.local/lib/python3.12/site-packages/airflow/models/taskinstance.py", line 432, in _execute_callable
    return execute_callable(context=context, **execute_callable_kwargs)
           ^^^^^^^^^^^^^^^^^^^^^^^^^^^^^^^^^^^^^^^^^^^^^^^^^^^^^^^^^^^^
  File "/home/airflow/.local/lib/python3.12/site-packages/airflow/models/baseoperator.py", line 401, in wrapper
    return func(self, *args, **kwargs)
           ^^^^^^^^^^^^^^^^^^^^^^^^^^^
  File "/home/airflow/.local/lib/python3.12/site-packages/airflow/decorators/base.py", line 265, in execute
    return_value = super().execute(context)
                   ^^^^^^^^^^^^^^^^^^^^^^^^
  File "/home/airflow/.local/lib/python3.12/site-packages/airflow/models/baseoperator.py", line 401, in wrapper
    return func(self, *args, **kwargs)
           ^^^^^^^^^^^^^^^^^^^^^^^^^^^
  File "/home/airflow/.local/lib/python3.12/site-packages/airflow/operators/python.py", line 235, in execute
    return_value = self.execute_callable()
                   ^^^^^^^^^^^^^^^^^^^^^^^
  File "/home/airflow/.local/lib/python3.12/site-packages/airflow/operators/python.py", line 252, in execute_callable
    return self.python_callable(*self.op_args, **self.op_kwargs)
           ^^^^^^^^^^^^^^^^^^^^^^^^^^^^^^^^^^^^^^^^^^^^^^^^^^^^^
  File "/opt/airflow/dags/datawarehouse/dwh.py", line 52, in staging_table
    raise e
  File "/opt/airflow/dags/datawarehouse/dwh.py", line 33, in staging_table
    insert_rows(cur, conn, schema, row)
  File "/opt/airflow/dags/datawarehouse/data_modification.py", line 26, in insert_rows
    raise e
  File "/opt/airflow/dags/datawarehouse/data_modification.py", line 10, in insert_rows
    cur.execute(
  File "/home/airflow/.local/lib/python3.12/site-packages/psycopg2/extras.py", line 236, in execute
    return super().execute(query, vars)
           ^^^^^^^^^^^^^^^^^^^^^^^^^^^^
psycopg2.errors.UndefinedColumn: column "video_title" of relation "yt_api" does not exist
LINE 1: INSERT INTO staging.yt_api (video_id, video_title, upload_da...
                                              ^

[2026-02-22T01:27:24.958+0000] {taskinstance.py:1206} INFO - Marking task as FAILED. dag_id=update_db, task_id=staging_table, run_id=manual__2026-02-22T01:17:20.767933+00:00, execution_date=20260222T011720, start_date=20260222T012724, end_date=20260222T012724
[2026-02-22T01:27:24.969+0000] {standard_task_runner.py:110} ERROR - Failed to execute job 200 for task staging_table (column "video_title" of relation "yt_api" does not exist
LINE 1: INSERT INTO staging.yt_api (video_id, video_title, upload_da...
                                              ^
; 156)
[2026-02-22T01:27:24.998+0000] {local_task_job_runner.py:240} INFO - Task exited with return code 1
[2026-02-22T01:27:25.016+0000] {taskinstance.py:3503} INFO - 0 downstream tasks scheduled from follow-on schedule check
[2026-02-22T01:27:25.021+0000] {local_task_job_runner.py:222} INFO - ::endgroup::
