[2026-02-21T00:15:47.607+0000] {local_task_job_runner.py:120} INFO - ::group::Pre task execution logs
[2026-02-21T00:15:47.633+0000] {taskinstance.py:2076} INFO - Dependencies all met for dep_context=non-requeueable deps ti=<TaskInstance: update_db.staging_table manual__2026-02-21T00:10:44+00:00 [queued]>
[2026-02-21T00:15:47.641+0000] {taskinstance.py:2076} INFO - Dependencies all met for dep_context=requeueable deps ti=<TaskInstance: update_db.staging_table manual__2026-02-21T00:10:44+00:00 [queued]>
[2026-02-21T00:15:47.642+0000] {taskinstance.py:2306} INFO - Starting attempt 2 of 3
[2026-02-21T00:15:47.657+0000] {taskinstance.py:2330} INFO - Executing <Task(_PythonDecoratedOperator): staging_table> on 2026-02-21 00:10:44+00:00
[2026-02-21T00:15:47.663+0000] {warnings.py:112} WARNING - /home/airflow/.local/lib/python3.12/site-packages/airflow/task/task_runner/standard_task_runner.py:61: DeprecationWarning: This process (pid=215) is multi-threaded, use of fork() may lead to deadlocks in the child.
  pid = os.fork()

[2026-02-21T00:15:47.665+0000] {standard_task_runner.py:63} INFO - Started process 216 to run task
[2026-02-21T00:15:47.665+0000] {standard_task_runner.py:90} INFO - Running: ['airflow', 'tasks', 'run', 'update_db', 'staging_table', 'manual__2026-02-21T00:10:44+00:00', '--job-id', '163', '--raw', '--subdir', 'DAGS_FOLDER/main.py', '--cfg-path', '/tmp/tmpoky7ykdh']
[2026-02-21T00:15:47.666+0000] {standard_task_runner.py:91} INFO - Job 163: Subtask staging_table
[2026-02-21T00:15:47.730+0000] {task_command.py:426} INFO - Running <TaskInstance: update_db.staging_table manual__2026-02-21T00:10:44+00:00 [running]> on host dad303c8dd6b
[2026-02-21T00:15:47.837+0000] {taskinstance.py:2648} INFO - Exporting env vars: AIRFLOW_CTX_DAG_EMAIL='data@engineers.com' AIRFLOW_CTX_DAG_OWNER='dataengineers' AIRFLOW_CTX_DAG_ID='update_db' AIRFLOW_CTX_TASK_ID='staging_table' AIRFLOW_CTX_EXECUTION_DATE='2026-02-21T00:10:44+00:00' AIRFLOW_CTX_TRY_NUMBER='2' AIRFLOW_CTX_DAG_RUN_ID='manual__2026-02-21T00:10:44+00:00'
[2026-02-21T00:15:47.838+0000] {taskinstance.py:430} INFO - ::endgroup::
[2026-02-21T00:15:47.849+0000] {base.py:84} INFO - Using connection ID 'postgres_db_yt_elt' for task execution.
[2026-02-21T00:15:47.854+0000] {data_utils.py:13} INFO - Database connection established
[2026-02-21T00:15:47.859+0000] {data_loading.py:18} INFO - Loading data from /opt/airflow/data/YT_data_2026-02-20.json
[2026-02-21T00:15:47.871+0000] {data_loading.py:23} INFO - Loaded 945 records from JSON
[2026-02-21T00:15:47.873+0000] {base.py:84} INFO - Using connection ID 'postgres_db_yt_elt' for task execution.
[2026-02-21T00:15:47.879+0000] {data_utils.py:13} INFO - Database connection established
[2026-02-21T00:15:47.880+0000] {data_utils.py:27} INFO - Schema staging created or already exists
[2026-02-21T00:15:47.881+0000] {data_utils.py:20} INFO - Database connection closed
[2026-02-21T00:15:47.882+0000] {base.py:84} INFO - Using connection ID 'postgres_db_yt_elt' for task execution.
[2026-02-21T00:15:47.887+0000] {data_utils.py:13} INFO - Database connection established
[2026-02-21T00:15:47.888+0000] {data_utils.py:62} INFO - Table staging.yt_api created or already exists
[2026-02-21T00:15:47.889+0000] {data_utils.py:20} INFO - Database connection closed
[2026-02-21T00:15:47.891+0000] {dwh.py:51} ERROR - An error occured during the update of staging table: column "Video_Id" does not exist
LINE 1: SELECT "Video_Id" FROM staging.yt_api;
               ^
HINT:  Perhaps you meant to reference the column "yt_api.video_id".

[2026-02-21T00:15:47.892+0000] {data_utils.py:20} INFO - Database connection closed
[2026-02-21T00:15:47.892+0000] {taskinstance.py:441} INFO - ::group::Post task execution logs
[2026-02-21T00:15:47.893+0000] {taskinstance.py:2905} ERROR - Task failed with exception
Traceback (most recent call last):
  File "/home/airflow/.local/lib/python3.12/site-packages/airflow/models/taskinstance.py", line 465, in _execute_task
    result = _execute_callable(context=context, **execute_callable_kwargs)
             ^^^^^^^^^^^^^^^^^^^^^^^^^^^^^^^^^^^^^^^^^^^^^^^^^^^^^^^^^^^^^
  File "/home/airflow/.local/lib/python3.12/site-packages/airflow/models/taskinstance.py", line 432, in _execute_callable
    return execute_callable(context=context, **execute_callable_kwargs)
           ^^^^^^^^^^^^^^^^^^^^^^^^^^^^^^^^^^^^^^^^^^^^^^^^^^^^^^^^^^^^
  File "/home/airflow/.local/lib/python3.12/site-packages/airflow/models/baseoperator.py", line 401, in wrapper
    return func(self, *args, **kwargs)
           ^^^^^^^^^^^^^^^^^^^^^^^^^^^
  File "/home/airflow/.local/lib/python3.12/site-packages/airflow/decorators/base.py", line 265, in execute
    return_value = super().execute(context)
                   ^^^^^^^^^^^^^^^^^^^^^^^^
  File "/home/airflow/.local/lib/python3.12/site-packages/airflow/models/baseoperator.py", line 401, in wrapper
    return func(self, *args, **kwargs)
           ^^^^^^^^^^^^^^^^^^^^^^^^^^^
  File "/home/airflow/.local/lib/python3.12/site-packages/airflow/operators/python.py", line 235, in execute
    return_value = self.execute_callable()
                   ^^^^^^^^^^^^^^^^^^^^^^^
  File "/home/airflow/.local/lib/python3.12/site-packages/airflow/operators/python.py", line 252, in execute_callable
    return self.python_callable(*self.op_args, **self.op_kwargs)
           ^^^^^^^^^^^^^^^^^^^^^^^^^^^^^^^^^^^^^^^^^^^^^^^^^^^^^
  File "/opt/airflow/dags/datawarehouse/dwh.py", line 52, in staging_table
    raise e
  File "/opt/airflow/dags/datawarehouse/dwh.py", line 28, in staging_table
    table_ids = get_video_ids(cur, schema)
                ^^^^^^^^^^^^^^^^^^^^^^^^^^
  File "/opt/airflow/dags/datawarehouse/data_utils.py", line 67, in get_video_ids
    cur.execute(f"SELECT \"Video_Id\" FROM {schema}.{table};")
  File "/home/airflow/.local/lib/python3.12/site-packages/psycopg2/extras.py", line 236, in execute
    return super().execute(query, vars)
           ^^^^^^^^^^^^^^^^^^^^^^^^^^^^
psycopg2.errors.UndefinedColumn: column "Video_Id" does not exist
LINE 1: SELECT "Video_Id" FROM staging.yt_api;
               ^
HINT:  Perhaps you meant to reference the column "yt_api.video_id".

[2026-02-21T00:15:47.913+0000] {taskinstance.py:1206} INFO - Marking task as UP_FOR_RETRY. dag_id=update_db, task_id=staging_table, run_id=manual__2026-02-21T00:10:44+00:00, execution_date=20260221T001044, start_date=20260221T001547, end_date=20260221T001547
[2026-02-21T00:15:47.925+0000] {standard_task_runner.py:110} ERROR - Failed to execute job 163 for task staging_table (column "Video_Id" does not exist
LINE 1: SELECT "Video_Id" FROM staging.yt_api;
               ^
HINT:  Perhaps you meant to reference the column "yt_api.video_id".
; 216)
[2026-02-21T00:15:47.961+0000] {local_task_job_runner.py:240} INFO - Task exited with return code 1
[2026-02-21T00:15:47.985+0000] {taskinstance.py:3503} INFO - 0 downstream tasks scheduled from follow-on schedule check
[2026-02-21T00:15:47.988+0000] {local_task_job_runner.py:222} INFO - ::endgroup::
