[2026-02-21T00:10:45.690+0000] {local_task_job_runner.py:120} INFO - ::group::Pre task execution logs
[2026-02-21T00:10:45.727+0000] {taskinstance.py:2076} INFO - Dependencies all met for dep_context=non-requeueable deps ti=<TaskInstance: update_db.staging_table manual__2026-02-21T00:10:44+00:00 [queued]>
[2026-02-21T00:10:45.735+0000] {taskinstance.py:2076} INFO - Dependencies all met for dep_context=requeueable deps ti=<TaskInstance: update_db.staging_table manual__2026-02-21T00:10:44+00:00 [queued]>
[2026-02-21T00:10:45.736+0000] {taskinstance.py:2306} INFO - Starting attempt 1 of 3
[2026-02-21T00:10:45.748+0000] {taskinstance.py:2330} INFO - Executing <Task(_PythonDecoratedOperator): staging_table> on 2026-02-21 00:10:44+00:00
[2026-02-21T00:10:45.753+0000] {warnings.py:112} WARNING - /home/airflow/.local/lib/python3.12/site-packages/airflow/task/task_runner/standard_task_runner.py:61: DeprecationWarning: This process (pid=148) is multi-threaded, use of fork() may lead to deadlocks in the child.
  pid = os.fork()

[2026-02-21T00:10:45.755+0000] {standard_task_runner.py:63} INFO - Started process 149 to run task
[2026-02-21T00:10:45.756+0000] {standard_task_runner.py:90} INFO - Running: ['airflow', 'tasks', 'run', 'update_db', 'staging_table', 'manual__2026-02-21T00:10:44+00:00', '--job-id', '162', '--raw', '--subdir', 'DAGS_FOLDER/main.py', '--cfg-path', '/tmp/tmpbj7q4x80']
[2026-02-21T00:10:45.758+0000] {standard_task_runner.py:91} INFO - Job 162: Subtask staging_table
[2026-02-21T00:10:45.826+0000] {task_command.py:426} INFO - Running <TaskInstance: update_db.staging_table manual__2026-02-21T00:10:44+00:00 [running]> on host dad303c8dd6b
[2026-02-21T00:10:45.905+0000] {taskinstance.py:2648} INFO - Exporting env vars: AIRFLOW_CTX_DAG_EMAIL='data@engineers.com' AIRFLOW_CTX_DAG_OWNER='dataengineers' AIRFLOW_CTX_DAG_ID='update_db' AIRFLOW_CTX_TASK_ID='staging_table' AIRFLOW_CTX_EXECUTION_DATE='2026-02-21T00:10:44+00:00' AIRFLOW_CTX_TRY_NUMBER='1' AIRFLOW_CTX_DAG_RUN_ID='manual__2026-02-21T00:10:44+00:00'
[2026-02-21T00:10:45.907+0000] {taskinstance.py:430} INFO - ::endgroup::
[2026-02-21T00:10:45.932+0000] {base.py:84} INFO - Using connection ID 'postgres_db_yt_elt' for task execution.
[2026-02-21T00:10:45.937+0000] {data_utils.py:13} INFO - Database connection established
[2026-02-21T00:10:45.943+0000] {data_loading.py:18} INFO - Loading data from /opt/airflow/data/YT_data_2026-02-20.json
[2026-02-21T00:10:45.958+0000] {data_loading.py:23} INFO - Loaded 945 records from JSON
[2026-02-21T00:10:45.960+0000] {base.py:84} INFO - Using connection ID 'postgres_db_yt_elt' for task execution.
[2026-02-21T00:10:45.964+0000] {data_utils.py:13} INFO - Database connection established
[2026-02-21T00:10:45.966+0000] {data_utils.py:27} INFO - Schema staging created or already exists
[2026-02-21T00:10:45.967+0000] {data_utils.py:20} INFO - Database connection closed
[2026-02-21T00:10:45.971+0000] {base.py:84} INFO - Using connection ID 'postgres_db_yt_elt' for task execution.
[2026-02-21T00:10:45.976+0000] {data_utils.py:13} INFO - Database connection established
[2026-02-21T00:10:45.977+0000] {data_utils.py:62} INFO - Table staging.yt_api created or already exists
[2026-02-21T00:10:45.978+0000] {data_utils.py:20} INFO - Database connection closed
[2026-02-21T00:10:45.981+0000] {dwh.py:51} ERROR - An error occured during the update of staging table: column "Video_Id" does not exist
LINE 1: SELECT "Video_Id" FROM staging.yt_api;
               ^
HINT:  Perhaps you meant to reference the column "yt_api.video_id".

[2026-02-21T00:10:45.981+0000] {data_utils.py:20} INFO - Database connection closed
[2026-02-21T00:10:45.982+0000] {taskinstance.py:441} INFO - ::group::Post task execution logs
[2026-02-21T00:10:45.983+0000] {taskinstance.py:2905} ERROR - Task failed with exception
Traceback (most recent call last):
  File "/home/airflow/.local/lib/python3.12/site-packages/airflow/models/taskinstance.py", line 465, in _execute_task
    result = _execute_callable(context=context, **execute_callable_kwargs)
             ^^^^^^^^^^^^^^^^^^^^^^^^^^^^^^^^^^^^^^^^^^^^^^^^^^^^^^^^^^^^^
  File "/home/airflow/.local/lib/python3.12/site-packages/airflow/models/taskinstance.py", line 432, in _execute_callable
    return execute_callable(context=context, **execute_callable_kwargs)
           ^^^^^^^^^^^^^^^^^^^^^^^^^^^^^^^^^^^^^^^^^^^^^^^^^^^^^^^^^^^^
  File "/home/airflow/.local/lib/python3.12/site-packages/airflow/models/baseoperator.py", line 401, in wrapper
    return func(self, *args, **kwargs)
           ^^^^^^^^^^^^^^^^^^^^^^^^^^^
  File "/home/airflow/.local/lib/python3.12/site-packages/airflow/decorators/base.py", line 265, in execute
    return_value = super().execute(context)
                   ^^^^^^^^^^^^^^^^^^^^^^^^
  File "/home/airflow/.local/lib/python3.12/site-packages/airflow/models/baseoperator.py", line 401, in wrapper
    return func(self, *args, **kwargs)
           ^^^^^^^^^^^^^^^^^^^^^^^^^^^
  File "/home/airflow/.local/lib/python3.12/site-packages/airflow/operators/python.py", line 235, in execute
    return_value = self.execute_callable()
                   ^^^^^^^^^^^^^^^^^^^^^^^
  File "/home/airflow/.local/lib/python3.12/site-packages/airflow/operators/python.py", line 252, in execute_callable
    return self.python_callable(*self.op_args, **self.op_kwargs)
           ^^^^^^^^^^^^^^^^^^^^^^^^^^^^^^^^^^^^^^^^^^^^^^^^^^^^^
  File "/opt/airflow/dags/datawarehouse/dwh.py", line 52, in staging_table
    raise e
  File "/opt/airflow/dags/datawarehouse/dwh.py", line 28, in staging_table
    table_ids = get_video_ids(cur, schema)
                ^^^^^^^^^^^^^^^^^^^^^^^^^^
  File "/opt/airflow/dags/datawarehouse/data_utils.py", line 67, in get_video_ids
    cur.execute(f"SELECT \"Video_Id\" FROM {schema}.{table};")
  File "/home/airflow/.local/lib/python3.12/site-packages/psycopg2/extras.py", line 236, in execute
    return super().execute(query, vars)
           ^^^^^^^^^^^^^^^^^^^^^^^^^^^^
psycopg2.errors.UndefinedColumn: column "Video_Id" does not exist
LINE 1: SELECT "Video_Id" FROM staging.yt_api;
               ^
HINT:  Perhaps you meant to reference the column "yt_api.video_id".

[2026-02-21T00:10:46.002+0000] {taskinstance.py:1206} INFO - Marking task as UP_FOR_RETRY. dag_id=update_db, task_id=staging_table, run_id=manual__2026-02-21T00:10:44+00:00, execution_date=20260221T001044, start_date=20260221T001045, end_date=20260221T001046
[2026-02-21T00:10:46.014+0000] {standard_task_runner.py:110} ERROR - Failed to execute job 162 for task staging_table (column "Video_Id" does not exist
LINE 1: SELECT "Video_Id" FROM staging.yt_api;
               ^
HINT:  Perhaps you meant to reference the column "yt_api.video_id".
; 149)
[2026-02-21T00:10:46.051+0000] {local_task_job_runner.py:240} INFO - Task exited with return code 1
[2026-02-21T00:10:46.072+0000] {taskinstance.py:3503} INFO - 0 downstream tasks scheduled from follow-on schedule check
[2026-02-21T00:10:46.075+0000] {local_task_job_runner.py:222} INFO - ::endgroup::
