[2026-02-24T14:00:01.659+0000] {local_task_job_runner.py:120} INFO - ::group::Pre task execution logs
[2026-02-24T14:00:01.683+0000] {taskinstance.py:2076} INFO - Dependencies all met for dep_context=non-requeueable deps ti=<TaskInstance: produce_json.get_playlist_id scheduled__2026-02-23T14:00:00+00:00 [queued]>
[2026-02-24T14:00:01.691+0000] {taskinstance.py:2076} INFO - Dependencies all met for dep_context=requeueable deps ti=<TaskInstance: produce_json.get_playlist_id scheduled__2026-02-23T14:00:00+00:00 [queued]>
[2026-02-24T14:00:01.692+0000] {taskinstance.py:2306} INFO - Starting attempt 1 of 3
[2026-02-24T14:00:01.705+0000] {taskinstance.py:2330} INFO - Executing <Task(_PythonDecoratedOperator): get_playlist_id> on 2026-02-23 14:00:00+00:00
[2026-02-24T14:00:01.714+0000] {warnings.py:112} WARNING - /home/airflow/.local/lib/python3.12/site-packages/airflow/task/task_runner/standard_task_runner.py:61: DeprecationWarning: This process (pid=538) is multi-threaded, use of fork() may lead to deadlocks in the child.
  pid = os.fork()

[2026-02-24T14:00:01.715+0000] {standard_task_runner.py:90} INFO - Running: ['airflow', 'tasks', 'run', 'produce_json', 'get_playlist_id', 'scheduled__2026-02-23T14:00:00+00:00', '--job-id', '254', '--raw', '--subdir', 'DAGS_FOLDER/main.py', '--cfg-path', '/tmp/tmp7bmqfw1q']
[2026-02-24T14:00:01.717+0000] {standard_task_runner.py:63} INFO - Started process 539 to run task
[2026-02-24T14:00:01.717+0000] {standard_task_runner.py:91} INFO - Job 254: Subtask get_playlist_id
[2026-02-24T14:00:01.778+0000] {task_command.py:426} INFO - Running <TaskInstance: produce_json.get_playlist_id scheduled__2026-02-23T14:00:00+00:00 [running]> on host 74dced0ada0c
[2026-02-24T14:00:01.879+0000] {taskinstance.py:2648} INFO - Exporting env vars: AIRFLOW_CTX_DAG_EMAIL='data@engineers.com' AIRFLOW_CTX_DAG_OWNER='dataengineers' AIRFLOW_CTX_DAG_ID='produce_json' AIRFLOW_CTX_TASK_ID='get_playlist_id' AIRFLOW_CTX_EXECUTION_DATE='2026-02-23T14:00:00+00:00' AIRFLOW_CTX_TRY_NUMBER='1' AIRFLOW_CTX_DAG_RUN_ID='scheduled__2026-02-23T14:00:00+00:00'
[2026-02-24T14:00:01.880+0000] {taskinstance.py:430} INFO - ::endgroup::
[2026-02-24T14:00:02.481+0000] {logging_mixin.py:188} INFO - UUX6OQ3DkcsbYNE6H8uQQuVA
[2026-02-24T14:00:02.483+0000] {python.py:237} INFO - Done. Returned value was: UUX6OQ3DkcsbYNE6H8uQQuVA
[2026-02-24T14:00:02.484+0000] {taskinstance.py:441} INFO - ::group::Post task execution logs
[2026-02-24T14:00:02.511+0000] {taskinstance.py:1206} INFO - Marking task as SUCCESS. dag_id=produce_json, task_id=get_playlist_id, run_id=scheduled__2026-02-23T14:00:00+00:00, execution_date=20260223T140000, start_date=20260224T140001, end_date=20260224T140002
[2026-02-24T14:00:02.566+0000] {local_task_job_runner.py:240} INFO - Task exited with return code 0
[2026-02-24T14:00:02.590+0000] {taskinstance.py:3503} INFO - 1 downstream tasks scheduled from follow-on schedule check
[2026-02-24T14:00:02.593+0000] {local_task_job_runner.py:222} INFO - ::endgroup::
