[2026-02-16T02:01:56.965+0000] {local_task_job_runner.py:120} INFO - ::group::Pre task execution logs
[2026-02-16T02:01:56.991+0000] {taskinstance.py:2076} INFO - Dependencies all met for dep_context=non-requeueable deps ti=<TaskInstance: produce_json.get_playlist_id scheduled__2026-02-14T14:00:00+00:00 [queued]>
[2026-02-16T02:01:57.005+0000] {taskinstance.py:2076} INFO - Dependencies all met for dep_context=requeueable deps ti=<TaskInstance: produce_json.get_playlist_id scheduled__2026-02-14T14:00:00+00:00 [queued]>
[2026-02-16T02:01:57.006+0000] {taskinstance.py:2306} INFO - Starting attempt 1 of 3
[2026-02-16T02:01:57.021+0000] {taskinstance.py:2330} INFO - Executing <Task(_PythonDecoratedOperator): get_playlist_id> on 2026-02-14 14:00:00+00:00
[2026-02-16T02:01:57.029+0000] {standard_task_runner.py:90} INFO - Running: ['airflow', 'tasks', 'run', 'produce_json', 'get_playlist_id', 'scheduled__2026-02-14T14:00:00+00:00', '--job-id', '5', '--raw', '--subdir', 'DAGS_FOLDER/main.py', '--cfg-path', '/tmp/tmpu3xal9j8']
[2026-02-16T02:01:57.027+0000] {warnings.py:112} WARNING - /home/airflow/.local/lib/python3.12/site-packages/airflow/task/task_runner/standard_task_runner.py:61: DeprecationWarning: This process (pid=141) is multi-threaded, use of fork() may lead to deadlocks in the child.
  pid = os.fork()

[2026-02-16T02:01:57.031+0000] {standard_task_runner.py:91} INFO - Job 5: Subtask get_playlist_id
[2026-02-16T02:01:57.031+0000] {standard_task_runner.py:63} INFO - Started process 142 to run task
[2026-02-16T02:01:57.106+0000] {task_command.py:426} INFO - Running <TaskInstance: produce_json.get_playlist_id scheduled__2026-02-14T14:00:00+00:00 [running]> on host b15bc811f925
[2026-02-16T02:01:57.216+0000] {taskinstance.py:2648} INFO - Exporting env vars: AIRFLOW_CTX_DAG_EMAIL='data@engineers.com' AIRFLOW_CTX_DAG_OWNER='dataengineers' AIRFLOW_CTX_DAG_ID='produce_json' AIRFLOW_CTX_TASK_ID='get_playlist_id' AIRFLOW_CTX_EXECUTION_DATE='2026-02-14T14:00:00+00:00' AIRFLOW_CTX_TRY_NUMBER='1' AIRFLOW_CTX_DAG_RUN_ID='scheduled__2026-02-14T14:00:00+00:00'
[2026-02-16T02:01:57.218+0000] {taskinstance.py:430} INFO - ::endgroup::
[2026-02-16T02:01:57.637+0000] {taskinstance.py:441} INFO - ::group::Post task execution logs
[2026-02-16T02:01:57.638+0000] {taskinstance.py:2905} ERROR - Task failed with exception
Traceback (most recent call last):
  File "/home/airflow/.local/lib/python3.12/site-packages/airflow/models/taskinstance.py", line 465, in _execute_task
    result = _execute_callable(context=context, **execute_callable_kwargs)
             ^^^^^^^^^^^^^^^^^^^^^^^^^^^^^^^^^^^^^^^^^^^^^^^^^^^^^^^^^^^^^
  File "/home/airflow/.local/lib/python3.12/site-packages/airflow/models/taskinstance.py", line 432, in _execute_callable
    return execute_callable(context=context, **execute_callable_kwargs)
           ^^^^^^^^^^^^^^^^^^^^^^^^^^^^^^^^^^^^^^^^^^^^^^^^^^^^^^^^^^^^
  File "/home/airflow/.local/lib/python3.12/site-packages/airflow/models/baseoperator.py", line 401, in wrapper
    return func(self, *args, **kwargs)
           ^^^^^^^^^^^^^^^^^^^^^^^^^^^
  File "/home/airflow/.local/lib/python3.12/site-packages/airflow/decorators/base.py", line 265, in execute
    return_value = super().execute(context)
                   ^^^^^^^^^^^^^^^^^^^^^^^^
  File "/home/airflow/.local/lib/python3.12/site-packages/airflow/models/baseoperator.py", line 401, in wrapper
    return func(self, *args, **kwargs)
           ^^^^^^^^^^^^^^^^^^^^^^^^^^^
  File "/home/airflow/.local/lib/python3.12/site-packages/airflow/operators/python.py", line 235, in execute
    return_value = self.execute_callable()
                   ^^^^^^^^^^^^^^^^^^^^^^^
  File "/home/airflow/.local/lib/python3.12/site-packages/airflow/operators/python.py", line 252, in execute_callable
    return self.python_callable(*self.op_args, **self.op_kwargs)
           ^^^^^^^^^^^^^^^^^^^^^^^^^^^^^^^^^^^^^^^^^^^^^^^^^^^^^
  File "/opt/airflow/dags/api/video_stats.py", line 41, in get_playlist_id
    raise e
  File "/opt/airflow/dags/api/video_stats.py", line 26, in get_playlist_id
    response.raise_for_status()
  File "/home/airflow/.local/lib/python3.12/site-packages/requests/models.py", line 1021, in raise_for_status
    raise HTTPError(http_error_msg, response=self)
requests.exceptions.HTTPError: 400 Client Error: Bad Request for url: https://youtube.googleapis.com/youtube/v3/channels?part=contentDetails&forHandle=@yourchannel&key=***
[2026-02-16T02:01:57.656+0000] {taskinstance.py:1206} INFO - Marking task as UP_FOR_RETRY. dag_id=produce_json, task_id=get_playlist_id, run_id=scheduled__2026-02-14T14:00:00+00:00, execution_date=20260214T140000, start_date=20260216T020156, end_date=20260216T020157
[2026-02-16T02:01:57.673+0000] {standard_task_runner.py:110} ERROR - Failed to execute job 5 for task get_playlist_id (400 Client Error: Bad Request for url: https://youtube.googleapis.com/youtube/v3/channels?part=contentDetails&forHandle=@yourchannel&key=***; 142)
[2026-02-16T02:01:57.693+0000] {local_task_job_runner.py:240} INFO - Task exited with return code 1
[2026-02-16T02:01:57.729+0000] {taskinstance.py:3503} INFO - 0 downstream tasks scheduled from follow-on schedule check
[2026-02-16T02:01:57.732+0000] {local_task_job_runner.py:222} INFO - ::endgroup::
[2026-02-16T02:28:44.633+0000] {local_task_job_runner.py:120} INFO - ::group::Pre task execution logs
[2026-02-16T02:28:44.665+0000] {taskinstance.py:2076} INFO - Dependencies all met for dep_context=non-requeueable deps ti=<TaskInstance: produce_json.get_playlist_id scheduled__2026-02-14T14:00:00+00:00 [queued]>
[2026-02-16T02:28:44.675+0000] {taskinstance.py:2076} INFO - Dependencies all met for dep_context=requeueable deps ti=<TaskInstance: produce_json.get_playlist_id scheduled__2026-02-14T14:00:00+00:00 [queued]>
[2026-02-16T02:28:44.676+0000] {taskinstance.py:2306} INFO - Starting attempt 1 of 3
[2026-02-16T02:28:44.690+0000] {taskinstance.py:2330} INFO - Executing <Task(_PythonDecoratedOperator): get_playlist_id> on 2026-02-14 14:00:00+00:00
[2026-02-16T02:28:44.696+0000] {warnings.py:112} WARNING - /home/airflow/.local/lib/python3.12/site-packages/airflow/task/task_runner/standard_task_runner.py:61: DeprecationWarning: This process (pid=134) is multi-threaded, use of fork() may lead to deadlocks in the child.
  pid = os.fork()

[2026-02-16T02:28:44.698+0000] {standard_task_runner.py:63} INFO - Started process 136 to run task
[2026-02-16T02:28:44.699+0000] {standard_task_runner.py:90} INFO - Running: ['airflow', 'tasks', 'run', 'produce_json', 'get_playlist_id', 'scheduled__2026-02-14T14:00:00+00:00', '--job-id', '2', '--raw', '--subdir', 'DAGS_FOLDER/main.py', '--cfg-path', '/tmp/tmp466_eo5s']
[2026-02-16T02:28:44.703+0000] {standard_task_runner.py:91} INFO - Job 2: Subtask get_playlist_id
[2026-02-16T02:28:44.770+0000] {task_command.py:426} INFO - Running <TaskInstance: produce_json.get_playlist_id scheduled__2026-02-14T14:00:00+00:00 [running]> on host 933a8b56490f
[2026-02-16T02:28:44.855+0000] {taskinstance.py:2648} INFO - Exporting env vars: AIRFLOW_CTX_DAG_EMAIL='data@engineers.com' AIRFLOW_CTX_DAG_OWNER='dataengineers' AIRFLOW_CTX_DAG_ID='produce_json' AIRFLOW_CTX_TASK_ID='get_playlist_id' AIRFLOW_CTX_EXECUTION_DATE='2026-02-14T14:00:00+00:00' AIRFLOW_CTX_TRY_NUMBER='1' AIRFLOW_CTX_DAG_RUN_ID='scheduled__2026-02-14T14:00:00+00:00'
[2026-02-16T02:28:44.857+0000] {taskinstance.py:430} INFO - ::endgroup::
[2026-02-16T02:28:45.221+0000] {logging_mixin.py:188} INFO - UUX6OQ3DkcsbYNE6H8uQQuVA
[2026-02-16T02:28:45.227+0000] {python.py:237} INFO - Done. Returned value was: UUX6OQ3DkcsbYNE6H8uQQuVA
[2026-02-16T02:28:45.229+0000] {taskinstance.py:441} INFO - ::group::Post task execution logs
[2026-02-16T02:28:45.256+0000] {taskinstance.py:1206} INFO - Marking task as SUCCESS. dag_id=produce_json, task_id=get_playlist_id, run_id=scheduled__2026-02-14T14:00:00+00:00, execution_date=20260214T140000, start_date=20260216T022844, end_date=20260216T022845
[2026-02-16T02:28:45.314+0000] {local_task_job_runner.py:240} INFO - Task exited with return code 0
[2026-02-16T02:28:45.338+0000] {taskinstance.py:3503} INFO - 0 downstream tasks scheduled from follow-on schedule check
[2026-02-16T02:28:45.341+0000] {local_task_job_runner.py:222} INFO - ::endgroup::
