[2026-02-22T22:40:01.490+0000] {local_task_job_runner.py:120} INFO - ::group::Pre task execution logs
[2026-02-22T22:40:01.537+0000] {taskinstance.py:2076} INFO - Dependencies all met for dep_context=non-requeueable deps ti=<TaskInstance: produce_json.get_playlist_id scheduled__2026-02-21T14:00:00+00:00 [queued]>
[2026-02-22T22:40:01.556+0000] {taskinstance.py:2076} INFO - Dependencies all met for dep_context=requeueable deps ti=<TaskInstance: produce_json.get_playlist_id scheduled__2026-02-21T14:00:00+00:00 [queued]>
[2026-02-22T22:40:01.557+0000] {taskinstance.py:2306} INFO - Starting attempt 1 of 3
[2026-02-22T22:40:01.585+0000] {taskinstance.py:2330} INFO - Executing <Task(_PythonDecoratedOperator): get_playlist_id> on 2026-02-21 14:00:00+00:00
[2026-02-22T22:40:01.596+0000] {warnings.py:112} WARNING - /home/airflow/.local/lib/python3.12/site-packages/airflow/task/task_runner/standard_task_runner.py:61: DeprecationWarning: This process (pid=68) is multi-threaded, use of fork() may lead to deadlocks in the child.
  pid = os.fork()

[2026-02-22T22:40:01.601+0000] {standard_task_runner.py:90} INFO - Running: ['airflow', 'tasks', 'run', 'produce_json', 'get_playlist_id', 'scheduled__2026-02-21T14:00:00+00:00', '--job-id', '216', '--raw', '--subdir', 'DAGS_FOLDER/main.py', '--cfg-path', '/tmp/tmp309_f4wg']
[2026-02-22T22:40:01.602+0000] {standard_task_runner.py:63} INFO - Started process 70 to run task
[2026-02-22T22:40:01.603+0000] {standard_task_runner.py:91} INFO - Job 216: Subtask get_playlist_id
[2026-02-22T22:40:01.716+0000] {task_command.py:426} INFO - Running <TaskInstance: produce_json.get_playlist_id scheduled__2026-02-21T14:00:00+00:00 [running]> on host cda60c614cff
[2026-02-22T22:40:01.925+0000] {taskinstance.py:2648} INFO - Exporting env vars: AIRFLOW_CTX_DAG_EMAIL='data@engineers.com' AIRFLOW_CTX_DAG_OWNER='dataengineers' AIRFLOW_CTX_DAG_ID='produce_json' AIRFLOW_CTX_TASK_ID='get_playlist_id' AIRFLOW_CTX_EXECUTION_DATE='2026-02-21T14:00:00+00:00' AIRFLOW_CTX_TRY_NUMBER='1' AIRFLOW_CTX_DAG_RUN_ID='scheduled__2026-02-21T14:00:00+00:00'
[2026-02-22T22:40:01.927+0000] {taskinstance.py:430} INFO - ::endgroup::
[2026-02-22T22:40:02.461+0000] {logging_mixin.py:188} INFO - UUX6OQ3DkcsbYNE6H8uQQuVA
[2026-02-22T22:40:02.466+0000] {python.py:237} INFO - Done. Returned value was: UUX6OQ3DkcsbYNE6H8uQQuVA
[2026-02-22T22:40:02.470+0000] {taskinstance.py:441} INFO - ::group::Post task execution logs
[2026-02-22T22:40:02.534+0000] {taskinstance.py:1206} INFO - Marking task as SUCCESS. dag_id=produce_json, task_id=get_playlist_id, run_id=scheduled__2026-02-21T14:00:00+00:00, execution_date=20260221T140000, start_date=20260222T224001, end_date=20260222T224002
[2026-02-22T22:40:02.628+0000] {local_task_job_runner.py:240} INFO - Task exited with return code 0
[2026-02-22T22:40:02.710+0000] {taskinstance.py:3503} INFO - 1 downstream tasks scheduled from follow-on schedule check
[2026-02-22T22:40:02.714+0000] {local_task_job_runner.py:222} INFO - ::endgroup::
[2026-02-22T23:26:15.424+0000] {local_task_job_runner.py:120} INFO - ::group::Pre task execution logs
[2026-02-22T23:26:15.462+0000] {taskinstance.py:2076} INFO - Dependencies all met for dep_context=non-requeueable deps ti=<TaskInstance: produce_json.get_playlist_id scheduled__2026-02-21T14:00:00+00:00 [queued]>
[2026-02-22T23:26:15.474+0000] {taskinstance.py:2076} INFO - Dependencies all met for dep_context=requeueable deps ti=<TaskInstance: produce_json.get_playlist_id scheduled__2026-02-21T14:00:00+00:00 [queued]>
[2026-02-22T23:26:15.475+0000] {taskinstance.py:2306} INFO - Starting attempt 1 of 3
[2026-02-22T23:26:15.494+0000] {taskinstance.py:2330} INFO - Executing <Task(_PythonDecoratedOperator): get_playlist_id> on 2026-02-21 14:00:00+00:00
[2026-02-22T23:26:15.503+0000] {warnings.py:112} WARNING - /home/airflow/.local/lib/python3.12/site-packages/airflow/task/task_runner/standard_task_runner.py:61: DeprecationWarning: This process (pid=517) is multi-threaded, use of fork() may lead to deadlocks in the child.
  pid = os.fork()

[2026-02-22T23:26:15.505+0000] {standard_task_runner.py:90} INFO - Running: ['airflow', 'tasks', 'run', 'produce_json', 'get_playlist_id', 'scheduled__2026-02-21T14:00:00+00:00', '--job-id', '230', '--raw', '--subdir', 'DAGS_FOLDER/main.py', '--cfg-path', '/tmp/tmpqce1rpl2']
[2026-02-22T23:26:15.506+0000] {standard_task_runner.py:63} INFO - Started process 518 to run task
[2026-02-22T23:26:15.507+0000] {standard_task_runner.py:91} INFO - Job 230: Subtask get_playlist_id
[2026-02-22T23:26:15.617+0000] {task_command.py:426} INFO - Running <TaskInstance: produce_json.get_playlist_id scheduled__2026-02-21T14:00:00+00:00 [running]> on host 74dced0ada0c
[2026-02-22T23:26:15.800+0000] {taskinstance.py:2648} INFO - Exporting env vars: AIRFLOW_CTX_DAG_EMAIL='data@engineers.com' AIRFLOW_CTX_DAG_OWNER='dataengineers' AIRFLOW_CTX_DAG_ID='produce_json' AIRFLOW_CTX_TASK_ID='get_playlist_id' AIRFLOW_CTX_EXECUTION_DATE='2026-02-21T14:00:00+00:00' AIRFLOW_CTX_TRY_NUMBER='1' AIRFLOW_CTX_DAG_RUN_ID='scheduled__2026-02-21T14:00:00+00:00'
[2026-02-22T23:26:15.803+0000] {taskinstance.py:430} INFO - ::endgroup::
[2026-02-22T23:26:16.374+0000] {logging_mixin.py:188} INFO - UUX6OQ3DkcsbYNE6H8uQQuVA
[2026-02-22T23:26:16.378+0000] {python.py:237} INFO - Done. Returned value was: UUX6OQ3DkcsbYNE6H8uQQuVA
[2026-02-22T23:26:16.381+0000] {taskinstance.py:441} INFO - ::group::Post task execution logs
[2026-02-22T23:26:16.419+0000] {taskinstance.py:1206} INFO - Marking task as SUCCESS. dag_id=produce_json, task_id=get_playlist_id, run_id=scheduled__2026-02-21T14:00:00+00:00, execution_date=20260221T140000, start_date=20260222T232615, end_date=20260222T232616
[2026-02-22T23:26:16.465+0000] {local_task_job_runner.py:240} INFO - Task exited with return code 0
[2026-02-22T23:26:16.502+0000] {taskinstance.py:3503} INFO - 1 downstream tasks scheduled from follow-on schedule check
[2026-02-22T23:26:16.505+0000] {local_task_job_runner.py:222} INFO - ::endgroup::
