[2026-02-23T17:54:07.426+0000] {local_task_job_runner.py:120} INFO - ::group::Pre task execution logs
[2026-02-23T17:54:07.449+0000] {taskinstance.py:2076} INFO - Dependencies all met for dep_context=non-requeueable deps ti=<TaskInstance: produce_json.extract_video_data scheduled__2026-02-22T14:00:00+00:00 [queued]>
[2026-02-23T17:54:07.458+0000] {taskinstance.py:2076} INFO - Dependencies all met for dep_context=requeueable deps ti=<TaskInstance: produce_json.extract_video_data scheduled__2026-02-22T14:00:00+00:00 [queued]>
[2026-02-23T17:54:07.459+0000] {taskinstance.py:2306} INFO - Starting attempt 1 of 3
[2026-02-23T17:54:07.476+0000] {taskinstance.py:2330} INFO - Executing <Task(_PythonDecoratedOperator): extract_video_data> on 2026-02-22 14:00:00+00:00
[2026-02-23T17:54:07.482+0000] {warnings.py:112} WARNING - /home/airflow/.local/lib/python3.12/site-packages/airflow/task/task_runner/standard_task_runner.py:61: DeprecationWarning: This process (pid=2995) is multi-threaded, use of fork() may lead to deadlocks in the child.
  pid = os.fork()

[2026-02-23T17:54:07.485+0000] {standard_task_runner.py:63} INFO - Started process 2996 to run task
[2026-02-23T17:54:07.485+0000] {standard_task_runner.py:90} INFO - Running: ['airflow', 'tasks', 'run', 'produce_json', 'extract_video_data', 'scheduled__2026-02-22T14:00:00+00:00', '--job-id', '247', '--raw', '--subdir', 'DAGS_FOLDER/main.py', '--cfg-path', '/tmp/tmpj7f7d7wj']
[2026-02-23T17:54:07.486+0000] {standard_task_runner.py:91} INFO - Job 247: Subtask extract_video_data
[2026-02-23T17:54:07.580+0000] {task_command.py:426} INFO - Running <TaskInstance: produce_json.extract_video_data scheduled__2026-02-22T14:00:00+00:00 [running]> on host 74dced0ada0c
[2026-02-23T17:54:07.714+0000] {taskinstance.py:2648} INFO - Exporting env vars: AIRFLOW_CTX_DAG_EMAIL='data@engineers.com' AIRFLOW_CTX_DAG_OWNER='dataengineers' AIRFLOW_CTX_DAG_ID='produce_json' AIRFLOW_CTX_TASK_ID='extract_video_data' AIRFLOW_CTX_EXECUTION_DATE='2026-02-22T14:00:00+00:00' AIRFLOW_CTX_TRY_NUMBER='1' AIRFLOW_CTX_DAG_RUN_ID='scheduled__2026-02-22T14:00:00+00:00'
[2026-02-23T17:54:07.716+0000] {taskinstance.py:430} INFO - ::endgroup::
[2026-02-23T21:19:48.472+0000] {taskinstance.py:441} INFO - ::group::Post task execution logs
[2026-02-23T21:19:48.494+0000] {taskinstance.py:2905} ERROR - Task failed with exception
Traceback (most recent call last):
  File "/home/airflow/.local/lib/python3.12/site-packages/urllib3/connectionpool.py", line 467, in _make_request
    self._validate_conn(conn)
  File "/home/airflow/.local/lib/python3.12/site-packages/urllib3/connectionpool.py", line 1099, in _validate_conn
    conn.connect()
  File "/home/airflow/.local/lib/python3.12/site-packages/urllib3/connection.py", line 653, in connect
    sock_and_verified = _ssl_wrap_socket_and_match_hostname(
                        ^^^^^^^^^^^^^^^^^^^^^^^^^^^^^^^^^^^^
  File "/home/airflow/.local/lib/python3.12/site-packages/urllib3/connection.py", line 806, in _ssl_wrap_socket_and_match_hostname
    ssl_sock = ssl_wrap_socket(
               ^^^^^^^^^^^^^^^^
  File "/home/airflow/.local/lib/python3.12/site-packages/urllib3/util/ssl_.py", line 465, in ssl_wrap_socket
    ssl_sock = _ssl_wrap_socket_impl(sock, context, tls_in_tls, server_hostname)
               ^^^^^^^^^^^^^^^^^^^^^^^^^^^^^^^^^^^^^^^^^^^^^^^^^^^^^^^^^^^^^^^^^
  File "/home/airflow/.local/lib/python3.12/site-packages/urllib3/util/ssl_.py", line 509, in _ssl_wrap_socket_impl
    return ssl_context.wrap_socket(sock, server_hostname=server_hostname)
           ^^^^^^^^^^^^^^^^^^^^^^^^^^^^^^^^^^^^^^^^^^^^^^^^^^^^^^^^^^^^^^
  File "/usr/local/lib/python3.12/ssl.py", line 455, in wrap_socket
    return self.sslsocket_class._create(
           ^^^^^^^^^^^^^^^^^^^^^^^^^^^^^
  File "/usr/local/lib/python3.12/ssl.py", line 1042, in _create
    self.do_handshake()
  File "/usr/local/lib/python3.12/ssl.py", line 1320, in do_handshake
    self._sslobj.do_handshake()
ssl.SSLEOFError: [SSL: UNEXPECTED_EOF_WHILE_READING] EOF occurred in violation of protocol (_ssl.c:1000)

During handling of the above exception, another exception occurred:

Traceback (most recent call last):
  File "/home/airflow/.local/lib/python3.12/site-packages/urllib3/connectionpool.py", line 793, in urlopen
    response = self._make_request(
               ^^^^^^^^^^^^^^^^^^^
  File "/home/airflow/.local/lib/python3.12/site-packages/urllib3/connectionpool.py", line 491, in _make_request
    raise new_e
urllib3.exceptions.SSLError: [SSL: UNEXPECTED_EOF_WHILE_READING] EOF occurred in violation of protocol (_ssl.c:1000)

The above exception was the direct cause of the following exception:

Traceback (most recent call last):
  File "/home/airflow/.local/lib/python3.12/site-packages/requests/adapters.py", line 486, in send
    resp = conn.urlopen(
           ^^^^^^^^^^^^^
  File "/home/airflow/.local/lib/python3.12/site-packages/urllib3/connectionpool.py", line 847, in urlopen
    retries = retries.increment(
              ^^^^^^^^^^^^^^^^^^
  File "/home/airflow/.local/lib/python3.12/site-packages/urllib3/util/retry.py", line 515, in increment
    raise MaxRetryError(_pool, url, reason) from reason  # type: ignore[arg-type]
    ^^^^^^^^^^^^^^^^^^^^^^^^^^^^^^^^^^^^^^^^^^^^^^^^^^^
urllib3.exceptions.MaxRetryError: HTTPSConnectionPool(host='youtube.googleapis.com', port=443): Max retries exceeded with url: /youtube/v3/videos?part=contentDetails&part=snippet,statistics&id=WAcmsAISniQ,kqUT-s3a6tU,NUVglXbGBfs,T-v4b3WtPAg,m8qGlpcfAIw,uZPkMnv8b-o,qVLr6SMxvJw,4AigP5OY8JE,RMoFUeBVefA,ep7S1XnuQLU,p6bzNpgbX8Y,6T17licWsQ4,1s6UOlWdpw4,3LuchpUc7PU,_f6xCA0-gAo,lfD7kMZKuNg,ejlkNGm82w4,Jtj9rUqlB1Y,ZqzFRGH_tMQ,94A-bsumX9A,gYaxI_allkQ,AjXbO2XfBkE,ZQZzR0DUujc,-V3-fhJQZkk,QX0wvWGW2qg,oODUkNQAzXU,2jWZtKTN6jU,zsADECFHY8w,Feh8o-HmthM,6Xv-LVYZQxk,8-0ZHJHp9g4,QqIG0R-KpGk,qENpZBzgaUM,4DYBVA4884Y,skEf9R0TXkM,CnMv_zTXZ38,bEIK5ni_Pzs,_oZyp4mTzSQ,is1LSWbssuA,XR_q9_LEKuc,X9UiBpDHW3w,PRU47AuQF2M,Y3Rxgf5_R_I,R6zuvKbvKyU,yCKe65Nvp0Q,XBe57FyB2xU,zpCwHwWgbsI,lh61MVUxJt0,yWnmEPgLroQ,eBklqeeIu10&key=*** (Caused by SSLError(SSLEOFError(8, '[SSL: UNEXPECTED_EOF_WHILE_READING] EOF occurred in violation of protocol (_ssl.c:1000)')))

During handling of the above exception, another exception occurred:

Traceback (most recent call last):
  File "/home/airflow/.local/lib/python3.12/site-packages/airflow/models/taskinstance.py", line 465, in _execute_task
    result = _execute_callable(context=context, **execute_callable_kwargs)
             ^^^^^^^^^^^^^^^^^^^^^^^^^^^^^^^^^^^^^^^^^^^^^^^^^^^^^^^^^^^^^
  File "/home/airflow/.local/lib/python3.12/site-packages/airflow/models/taskinstance.py", line 432, in _execute_callable
    return execute_callable(context=context, **execute_callable_kwargs)
           ^^^^^^^^^^^^^^^^^^^^^^^^^^^^^^^^^^^^^^^^^^^^^^^^^^^^^^^^^^^^
  File "/home/airflow/.local/lib/python3.12/site-packages/airflow/models/baseoperator.py", line 401, in wrapper
    return func(self, *args, **kwargs)
           ^^^^^^^^^^^^^^^^^^^^^^^^^^^
  File "/home/airflow/.local/lib/python3.12/site-packages/airflow/decorators/base.py", line 265, in execute
    return_value = super().execute(context)
                   ^^^^^^^^^^^^^^^^^^^^^^^^
  File "/home/airflow/.local/lib/python3.12/site-packages/airflow/models/baseoperator.py", line 401, in wrapper
    return func(self, *args, **kwargs)
           ^^^^^^^^^^^^^^^^^^^^^^^^^^^
  File "/home/airflow/.local/lib/python3.12/site-packages/airflow/operators/python.py", line 235, in execute
    return_value = self.execute_callable()
                   ^^^^^^^^^^^^^^^^^^^^^^^
  File "/home/airflow/.local/lib/python3.12/site-packages/airflow/operators/python.py", line 252, in execute_callable
    return self.python_callable(*self.op_args, **self.op_kwargs)
           ^^^^^^^^^^^^^^^^^^^^^^^^^^^^^^^^^^^^^^^^^^^^^^^^^^^^^
  File "/opt/airflow/dags/api/video_stats.py", line 121, in extract_video_data
    raise e
  File "/opt/airflow/dags/api/video_stats.py", line 94, in extract_video_data
    response = requests.get(url)
               ^^^^^^^^^^^^^^^^^
  File "/home/airflow/.local/lib/python3.12/site-packages/requests/api.py", line 73, in get
    return request("get", url, params=params, **kwargs)
           ^^^^^^^^^^^^^^^^^^^^^^^^^^^^^^^^^^^^^^^^^^^^
  File "/home/airflow/.local/lib/python3.12/site-packages/requests/api.py", line 59, in request
    return session.request(method=method, url=url, **kwargs)
           ^^^^^^^^^^^^^^^^^^^^^^^^^^^^^^^^^^^^^^^^^^^^^^^^^
  File "/home/airflow/.local/lib/python3.12/site-packages/requests/sessions.py", line 589, in request
    resp = self.send(prep, **send_kwargs)
           ^^^^^^^^^^^^^^^^^^^^^^^^^^^^^^
  File "/home/airflow/.local/lib/python3.12/site-packages/requests/sessions.py", line 703, in send
    r = adapter.send(request, **kwargs)
        ^^^^^^^^^^^^^^^^^^^^^^^^^^^^^^^
  File "/home/airflow/.local/lib/python3.12/site-packages/requests/adapters.py", line 517, in send
    raise SSLError(e, request=request)
requests.exceptions.SSLError: HTTPSConnectionPool(host='youtube.googleapis.com', port=443): Max retries exceeded with url: /youtube/v3/videos?part=contentDetails&part=snippet,statistics&id=WAcmsAISniQ,kqUT-s3a6tU,NUVglXbGBfs,T-v4b3WtPAg,m8qGlpcfAIw,uZPkMnv8b-o,qVLr6SMxvJw,4AigP5OY8JE,RMoFUeBVefA,ep7S1XnuQLU,p6bzNpgbX8Y,6T17licWsQ4,1s6UOlWdpw4,3LuchpUc7PU,_f6xCA0-gAo,lfD7kMZKuNg,ejlkNGm82w4,Jtj9rUqlB1Y,ZqzFRGH_tMQ,94A-bsumX9A,gYaxI_allkQ,AjXbO2XfBkE,ZQZzR0DUujc,-V3-fhJQZkk,QX0wvWGW2qg,oODUkNQAzXU,2jWZtKTN6jU,zsADECFHY8w,Feh8o-HmthM,6Xv-LVYZQxk,8-0ZHJHp9g4,QqIG0R-KpGk,qENpZBzgaUM,4DYBVA4884Y,skEf9R0TXkM,CnMv_zTXZ38,bEIK5ni_Pzs,_oZyp4mTzSQ,is1LSWbssuA,XR_q9_LEKuc,X9UiBpDHW3w,PRU47AuQF2M,Y3Rxgf5_R_I,R6zuvKbvKyU,yCKe65Nvp0Q,XBe57FyB2xU,zpCwHwWgbsI,lh61MVUxJt0,yWnmEPgLroQ,eBklqeeIu10&key=*** (Caused by SSLError(SSLEOFError(8, '[SSL: UNEXPECTED_EOF_WHILE_READING] EOF occurred in violation of protocol (_ssl.c:1000)')))
[2026-02-23T21:19:49.040+0000] {taskinstance.py:1206} INFO - Marking task as UP_FOR_RETRY. dag_id=produce_json, task_id=extract_video_data, run_id=scheduled__2026-02-22T14:00:00+00:00, execution_date=20260222T140000, start_date=20260223T175407, end_date=20260223T211949
[2026-02-23T21:19:49.100+0000] {standard_task_runner.py:110} ERROR - Failed to execute job 247 for task extract_video_data (HTTPSConnectionPool(host='youtube.googleapis.com', port=443): Max retries exceeded with url: /youtube/v3/videos?part=contentDetails&part=snippet,statistics&id=WAcmsAISniQ,kqUT-s3a6tU,NUVglXbGBfs,T-v4b3WtPAg,m8qGlpcfAIw,uZPkMnv8b-o,qVLr6SMxvJw,4AigP5OY8JE,RMoFUeBVefA,ep7S1XnuQLU,p6bzNpgbX8Y,6T17licWsQ4,1s6UOlWdpw4,3LuchpUc7PU,_f6xCA0-gAo,lfD7kMZKuNg,ejlkNGm82w4,Jtj9rUqlB1Y,ZqzFRGH_tMQ,94A-bsumX9A,gYaxI_allkQ,AjXbO2XfBkE,ZQZzR0DUujc,-V3-fhJQZkk,QX0wvWGW2qg,oODUkNQAzXU,2jWZtKTN6jU,zsADECFHY8w,Feh8o-HmthM,6Xv-LVYZQxk,8-0ZHJHp9g4,QqIG0R-KpGk,qENpZBzgaUM,4DYBVA4884Y,skEf9R0TXkM,CnMv_zTXZ38,bEIK5ni_Pzs,_oZyp4mTzSQ,is1LSWbssuA,XR_q9_LEKuc,X9UiBpDHW3w,PRU47AuQF2M,Y3Rxgf5_R_I,R6zuvKbvKyU,yCKe65Nvp0Q,XBe57FyB2xU,zpCwHwWgbsI,lh61MVUxJt0,yWnmEPgLroQ,eBklqeeIu10&key=*** (Caused by SSLError(SSLEOFError(8, '[SSL: UNEXPECTED_EOF_WHILE_READING] EOF occurred in violation of protocol (_ssl.c:1000)'))); 2996)
[2026-02-23T21:19:49.156+0000] {local_task_job_runner.py:240} INFO - Task exited with return code 1
[2026-02-23T21:19:49.226+0000] {taskinstance.py:3503} INFO - 0 downstream tasks scheduled from follow-on schedule check
[2026-02-23T21:19:49.229+0000] {local_task_job_runner.py:222} INFO - ::endgroup::
