[2026-02-22T22:40:01.455+0000] {local_task_job_runner.py:120} INFO - ::group::Pre task execution logs
[2026-02-22T22:40:01.504+0000] {taskinstance.py:2076} INFO - Dependencies all met for dep_context=non-requeueable deps ti=<TaskInstance: update_db.staging_table scheduled__2026-02-21T15:00:00+00:00 [queued]>
[2026-02-22T22:40:01.520+0000] {taskinstance.py:2076} INFO - Dependencies all met for dep_context=requeueable deps ti=<TaskInstance: update_db.staging_table scheduled__2026-02-21T15:00:00+00:00 [queued]>
[2026-02-22T22:40:01.521+0000] {taskinstance.py:2306} INFO - Starting attempt 1 of 3
[2026-02-22T22:40:01.547+0000] {taskinstance.py:2330} INFO - Executing <Task(_PythonDecoratedOperator): staging_table> on 2026-02-21 15:00:00+00:00
[2026-02-22T22:40:01.557+0000] {warnings.py:112} WARNING - /home/airflow/.local/lib/python3.12/site-packages/airflow/task/task_runner/standard_task_runner.py:61: DeprecationWarning: This process (pid=67) is multi-threaded, use of fork() may lead to deadlocks in the child.
  pid = os.fork()

[2026-02-22T22:40:01.561+0000] {standard_task_runner.py:63} INFO - Started process 69 to run task
[2026-02-22T22:40:01.562+0000] {standard_task_runner.py:90} INFO - Running: ['airflow', 'tasks', 'run', 'update_db', 'staging_table', 'scheduled__2026-02-21T15:00:00+00:00', '--job-id', '215', '--raw', '--subdir', 'DAGS_FOLDER/main.py', '--cfg-path', '/tmp/tmpb9scwzl5']
[2026-02-22T22:40:01.563+0000] {standard_task_runner.py:91} INFO - Job 215: Subtask staging_table
[2026-02-22T22:40:01.692+0000] {task_command.py:426} INFO - Running <TaskInstance: update_db.staging_table scheduled__2026-02-21T15:00:00+00:00 [running]> on host cda60c614cff
[2026-02-22T22:40:01.889+0000] {taskinstance.py:2648} INFO - Exporting env vars: AIRFLOW_CTX_DAG_EMAIL='data@engineers.com' AIRFLOW_CTX_DAG_OWNER='dataengineers' AIRFLOW_CTX_DAG_ID='update_db' AIRFLOW_CTX_TASK_ID='staging_table' AIRFLOW_CTX_EXECUTION_DATE='2026-02-21T15:00:00+00:00' AIRFLOW_CTX_TRY_NUMBER='1' AIRFLOW_CTX_DAG_RUN_ID='scheduled__2026-02-21T15:00:00+00:00'
[2026-02-22T22:40:01.892+0000] {taskinstance.py:430} INFO - ::endgroup::
[2026-02-22T22:40:01.919+0000] {base.py:84} INFO - Using connection ID 'postgres_db_yt_elt' for task execution.
[2026-02-22T22:40:01.945+0000] {data_utils.py:13} INFO - Database connection established
[2026-02-22T22:40:01.952+0000] {data_loading.py:18} INFO - Loading data from /opt/airflow/data/YT_data_2026-02-21.json
[2026-02-22T22:40:01.991+0000] {data_loading.py:23} INFO - Loaded 946 records from JSON
[2026-02-22T22:40:01.994+0000] {base.py:84} INFO - Using connection ID 'postgres_db_yt_elt' for task execution.
[2026-02-22T22:40:02.003+0000] {data_utils.py:13} INFO - Database connection established
[2026-02-22T22:40:02.008+0000] {data_utils.py:27} INFO - Schema staging created or already exists
[2026-02-22T22:40:02.010+0000] {data_utils.py:20} INFO - Database connection closed
[2026-02-22T22:40:02.013+0000] {base.py:84} INFO - Using connection ID 'postgres_db_yt_elt' for task execution.
[2026-02-22T22:40:02.025+0000] {data_utils.py:13} INFO - Database connection established
[2026-02-22T22:40:02.030+0000] {data_utils.py:62} INFO - Table staging.yt_api created or already exists
[2026-02-22T22:40:02.032+0000] {data_utils.py:20} INFO - Database connection closed
[2026-02-22T22:40:02.046+0000] {data_utils.py:70} INFO - Retrieved 0 video IDs from staging
[2026-02-22T22:40:02.048+0000] {data_modification.py:23} ERROR - Error inserting row with video_id: 5OLs1GWB4OA - column "title" of relation "yt_api" does not exist
LINE 1: INSERT INTO staging.yt_api (video_id, title, publishedat, du...
                                              ^

[2026-02-22T22:40:02.049+0000] {dwh.py:51} ERROR - An error occured during the update of staging table: column "title" of relation "yt_api" does not exist
LINE 1: INSERT INTO staging.yt_api (video_id, title, publishedat, du...
                                              ^

[2026-02-22T22:40:02.050+0000] {data_utils.py:20} INFO - Database connection closed
[2026-02-22T22:40:02.051+0000] {taskinstance.py:441} INFO - ::group::Post task execution logs
[2026-02-22T22:40:02.052+0000] {taskinstance.py:2905} ERROR - Task failed with exception
Traceback (most recent call last):
  File "/home/airflow/.local/lib/python3.12/site-packages/airflow/models/taskinstance.py", line 465, in _execute_task
    result = _execute_callable(context=context, **execute_callable_kwargs)
             ^^^^^^^^^^^^^^^^^^^^^^^^^^^^^^^^^^^^^^^^^^^^^^^^^^^^^^^^^^^^^
  File "/home/airflow/.local/lib/python3.12/site-packages/airflow/models/taskinstance.py", line 432, in _execute_callable
    return execute_callable(context=context, **execute_callable_kwargs)
           ^^^^^^^^^^^^^^^^^^^^^^^^^^^^^^^^^^^^^^^^^^^^^^^^^^^^^^^^^^^^
  File "/home/airflow/.local/lib/python3.12/site-packages/airflow/models/baseoperator.py", line 401, in wrapper
    return func(self, *args, **kwargs)
           ^^^^^^^^^^^^^^^^^^^^^^^^^^^
  File "/home/airflow/.local/lib/python3.12/site-packages/airflow/decorators/base.py", line 265, in execute
    return_value = super().execute(context)
                   ^^^^^^^^^^^^^^^^^^^^^^^^
  File "/home/airflow/.local/lib/python3.12/site-packages/airflow/models/baseoperator.py", line 401, in wrapper
    return func(self, *args, **kwargs)
           ^^^^^^^^^^^^^^^^^^^^^^^^^^^
  File "/home/airflow/.local/lib/python3.12/site-packages/airflow/operators/python.py", line 235, in execute
    return_value = self.execute_callable()
                   ^^^^^^^^^^^^^^^^^^^^^^^
  File "/home/airflow/.local/lib/python3.12/site-packages/airflow/operators/python.py", line 252, in execute_callable
    return self.python_callable(*self.op_args, **self.op_kwargs)
           ^^^^^^^^^^^^^^^^^^^^^^^^^^^^^^^^^^^^^^^^^^^^^^^^^^^^^
  File "/opt/airflow/dags/datawarehouse/dwh.py", line 52, in staging_table
    raise e
  File "/opt/airflow/dags/datawarehouse/dwh.py", line 33, in staging_table
    insert_rows(cur, conn, schema, row)
  File "/opt/airflow/dags/datawarehouse/data_modification.py", line 24, in insert_rows
    raise e
  File "/opt/airflow/dags/datawarehouse/data_modification.py", line 9, in insert_rows
    cur.execute(
  File "/home/airflow/.local/lib/python3.12/site-packages/psycopg2/extras.py", line 236, in execute
    return super().execute(query, vars)
           ^^^^^^^^^^^^^^^^^^^^^^^^^^^^
psycopg2.errors.UndefinedColumn: column "title" of relation "yt_api" does not exist
LINE 1: INSERT INTO staging.yt_api (video_id, title, publishedat, du...
                                              ^

[2026-02-22T22:40:02.116+0000] {taskinstance.py:1206} INFO - Marking task as UP_FOR_RETRY. dag_id=update_db, task_id=staging_table, run_id=scheduled__2026-02-21T15:00:00+00:00, execution_date=20260221T150000, start_date=20260222T224001, end_date=20260222T224002
[2026-02-22T22:40:02.150+0000] {standard_task_runner.py:110} ERROR - Failed to execute job 215 for task staging_table (column "title" of relation "yt_api" does not exist
LINE 1: INSERT INTO staging.yt_api (video_id, title, publishedat, du...
                                              ^
; 69)
[2026-02-22T22:40:02.186+0000] {local_task_job_runner.py:240} INFO - Task exited with return code 1
[2026-02-22T22:40:02.228+0000] {taskinstance.py:3503} INFO - 0 downstream tasks scheduled from follow-on schedule check
[2026-02-22T22:40:02.231+0000] {local_task_job_runner.py:222} INFO - ::endgroup::
[2026-02-22T22:52:57.780+0000] {local_task_job_runner.py:120} INFO - ::group::Pre task execution logs
[2026-02-22T22:52:57.832+0000] {taskinstance.py:2076} INFO - Dependencies all met for dep_context=non-requeueable deps ti=<TaskInstance: update_db.staging_table scheduled__2026-02-21T15:00:00+00:00 [queued]>
[2026-02-22T22:52:57.847+0000] {taskinstance.py:2076} INFO - Dependencies all met for dep_context=requeueable deps ti=<TaskInstance: update_db.staging_table scheduled__2026-02-21T15:00:00+00:00 [queued]>
[2026-02-22T22:52:57.848+0000] {taskinstance.py:2306} INFO - Starting attempt 1 of 3
[2026-02-22T22:52:57.907+0000] {taskinstance.py:2330} INFO - Executing <Task(_PythonDecoratedOperator): staging_table> on 2026-02-21 15:00:00+00:00
[2026-02-22T22:52:57.919+0000] {warnings.py:112} WARNING - /home/airflow/.local/lib/python3.12/site-packages/airflow/task/task_runner/standard_task_runner.py:61: DeprecationWarning: This process (pid=80) is multi-threaded, use of fork() may lead to deadlocks in the child.
  pid = os.fork()

[2026-02-22T22:52:57.924+0000] {standard_task_runner.py:63} INFO - Started process 81 to run task
[2026-02-22T22:52:57.922+0000] {standard_task_runner.py:90} INFO - Running: ['airflow', 'tasks', 'run', 'update_db', 'staging_table', 'scheduled__2026-02-21T15:00:00+00:00', '--job-id', '225', '--raw', '--subdir', 'DAGS_FOLDER/main.py', '--cfg-path', '/tmp/tmp0rqg3h6j']
[2026-02-22T22:52:57.926+0000] {standard_task_runner.py:91} INFO - Job 225: Subtask staging_table
[2026-02-22T22:52:58.087+0000] {task_command.py:426} INFO - Running <TaskInstance: update_db.staging_table scheduled__2026-02-21T15:00:00+00:00 [running]> on host 74dced0ada0c
[2026-02-22T22:52:58.225+0000] {taskinstance.py:2648} INFO - Exporting env vars: AIRFLOW_CTX_DAG_EMAIL='data@engineers.com' AIRFLOW_CTX_DAG_OWNER='dataengineers' AIRFLOW_CTX_DAG_ID='update_db' AIRFLOW_CTX_TASK_ID='staging_table' AIRFLOW_CTX_EXECUTION_DATE='2026-02-21T15:00:00+00:00' AIRFLOW_CTX_TRY_NUMBER='1' AIRFLOW_CTX_DAG_RUN_ID='scheduled__2026-02-21T15:00:00+00:00'
[2026-02-22T22:52:58.227+0000] {taskinstance.py:430} INFO - ::endgroup::
[2026-02-22T22:52:58.239+0000] {base.py:84} INFO - Using connection ID 'postgres_db_yt_elt' for task execution.
[2026-02-22T22:52:58.247+0000] {data_utils.py:13} INFO - Database connection established
[2026-02-22T22:52:58.253+0000] {data_loading.py:18} INFO - Loading data from /opt/airflow/data/YT_data_2026-02-22.json
[2026-02-22T22:52:58.270+0000] {data_loading.py:23} INFO - Loaded 947 records from JSON
[2026-02-22T22:52:58.274+0000] {base.py:84} INFO - Using connection ID 'postgres_db_yt_elt' for task execution.
[2026-02-22T22:52:58.284+0000] {data_utils.py:13} INFO - Database connection established
[2026-02-22T22:52:58.287+0000] {data_utils.py:27} INFO - Schema staging created or already exists
[2026-02-22T22:52:58.288+0000] {data_utils.py:20} INFO - Database connection closed
[2026-02-22T22:52:58.291+0000] {base.py:84} INFO - Using connection ID 'postgres_db_yt_elt' for task execution.
[2026-02-22T22:52:58.298+0000] {data_utils.py:13} INFO - Database connection established
[2026-02-22T22:52:58.301+0000] {data_utils.py:62} INFO - Table staging.yt_api created or already exists
[2026-02-22T22:52:58.302+0000] {data_utils.py:20} INFO - Database connection closed
[2026-02-22T22:52:58.305+0000] {data_utils.py:70} INFO - Retrieved 0 video IDs from staging
[2026-02-22T22:52:58.306+0000] {data_modification.py:23} ERROR - Error inserting row with video_id: KaUuPNYHFNg - column "title" of relation "yt_api" does not exist
LINE 1: INSERT INTO staging.yt_api (video_id, title, publishedat, du...
                                              ^

[2026-02-22T22:52:58.307+0000] {dwh.py:51} ERROR - An error occured during the update of staging table: column "title" of relation "yt_api" does not exist
LINE 1: INSERT INTO staging.yt_api (video_id, title, publishedat, du...
                                              ^

[2026-02-22T22:52:58.308+0000] {data_utils.py:20} INFO - Database connection closed
[2026-02-22T22:52:58.309+0000] {taskinstance.py:441} INFO - ::group::Post task execution logs
[2026-02-22T22:52:58.311+0000] {taskinstance.py:2905} ERROR - Task failed with exception
Traceback (most recent call last):
  File "/home/airflow/.local/lib/python3.12/site-packages/airflow/models/taskinstance.py", line 465, in _execute_task
    result = _execute_callable(context=context, **execute_callable_kwargs)
             ^^^^^^^^^^^^^^^^^^^^^^^^^^^^^^^^^^^^^^^^^^^^^^^^^^^^^^^^^^^^^
  File "/home/airflow/.local/lib/python3.12/site-packages/airflow/models/taskinstance.py", line 432, in _execute_callable
    return execute_callable(context=context, **execute_callable_kwargs)
           ^^^^^^^^^^^^^^^^^^^^^^^^^^^^^^^^^^^^^^^^^^^^^^^^^^^^^^^^^^^^
  File "/home/airflow/.local/lib/python3.12/site-packages/airflow/models/baseoperator.py", line 401, in wrapper
    return func(self, *args, **kwargs)
           ^^^^^^^^^^^^^^^^^^^^^^^^^^^
  File "/home/airflow/.local/lib/python3.12/site-packages/airflow/decorators/base.py", line 265, in execute
    return_value = super().execute(context)
                   ^^^^^^^^^^^^^^^^^^^^^^^^
  File "/home/airflow/.local/lib/python3.12/site-packages/airflow/models/baseoperator.py", line 401, in wrapper
    return func(self, *args, **kwargs)
           ^^^^^^^^^^^^^^^^^^^^^^^^^^^
  File "/home/airflow/.local/lib/python3.12/site-packages/airflow/operators/python.py", line 235, in execute
    return_value = self.execute_callable()
                   ^^^^^^^^^^^^^^^^^^^^^^^
  File "/home/airflow/.local/lib/python3.12/site-packages/airflow/operators/python.py", line 252, in execute_callable
    return self.python_callable(*self.op_args, **self.op_kwargs)
           ^^^^^^^^^^^^^^^^^^^^^^^^^^^^^^^^^^^^^^^^^^^^^^^^^^^^^
  File "/opt/airflow/dags/datawarehouse/dwh.py", line 52, in staging_table
    raise e
  File "/opt/airflow/dags/datawarehouse/dwh.py", line 33, in staging_table
    insert_rows(cur, conn, schema, row)
  File "/opt/airflow/dags/datawarehouse/data_modification.py", line 24, in insert_rows
    raise e
  File "/opt/airflow/dags/datawarehouse/data_modification.py", line 9, in insert_rows
    cur.execute(
  File "/home/airflow/.local/lib/python3.12/site-packages/psycopg2/extras.py", line 236, in execute
    return super().execute(query, vars)
           ^^^^^^^^^^^^^^^^^^^^^^^^^^^^
psycopg2.errors.UndefinedColumn: column "title" of relation "yt_api" does not exist
LINE 1: INSERT INTO staging.yt_api (video_id, title, publishedat, du...
                                              ^

[2026-02-22T22:52:58.343+0000] {taskinstance.py:1206} INFO - Marking task as UP_FOR_RETRY. dag_id=update_db, task_id=staging_table, run_id=scheduled__2026-02-21T15:00:00+00:00, execution_date=20260221T150000, start_date=20260222T225257, end_date=20260222T225258
[2026-02-22T22:52:58.397+0000] {standard_task_runner.py:110} ERROR - Failed to execute job 225 for task staging_table (column "title" of relation "yt_api" does not exist
LINE 1: INSERT INTO staging.yt_api (video_id, title, publishedat, du...
                                              ^
; 81)
[2026-02-22T22:52:58.427+0000] {local_task_job_runner.py:240} INFO - Task exited with return code 1
[2026-02-22T22:52:58.461+0000] {taskinstance.py:3503} INFO - 0 downstream tasks scheduled from follow-on schedule check
[2026-02-22T22:52:58.464+0000] {local_task_job_runner.py:222} INFO - ::endgroup::
[2026-02-22T23:26:45.954+0000] {local_task_job_runner.py:120} INFO - ::group::Pre task execution logs
[2026-02-22T23:26:46.001+0000] {taskinstance.py:2076} INFO - Dependencies all met for dep_context=non-requeueable deps ti=<TaskInstance: update_db.staging_table scheduled__2026-02-21T15:00:00+00:00 [queued]>
[2026-02-22T23:26:46.012+0000] {taskinstance.py:2076} INFO - Dependencies all met for dep_context=requeueable deps ti=<TaskInstance: update_db.staging_table scheduled__2026-02-21T15:00:00+00:00 [queued]>
[2026-02-22T23:26:46.013+0000] {taskinstance.py:2306} INFO - Starting attempt 1 of 3
[2026-02-22T23:26:46.028+0000] {taskinstance.py:2330} INFO - Executing <Task(_PythonDecoratedOperator): staging_table> on 2026-02-21 15:00:00+00:00
[2026-02-22T23:26:46.036+0000] {warnings.py:112} WARNING - /home/airflow/.local/lib/python3.12/site-packages/airflow/task/task_runner/standard_task_runner.py:61: DeprecationWarning: This process (pid=532) is multi-threaded, use of fork() may lead to deadlocks in the child.
  pid = os.fork()

[2026-02-22T23:26:46.039+0000] {standard_task_runner.py:63} INFO - Started process 533 to run task
[2026-02-22T23:26:46.039+0000] {standard_task_runner.py:90} INFO - Running: ['airflow', 'tasks', 'run', 'update_db', 'staging_table', 'scheduled__2026-02-21T15:00:00+00:00', '--job-id', '234', '--raw', '--subdir', 'DAGS_FOLDER/main.py', '--cfg-path', '/tmp/tmplccau21t']
[2026-02-22T23:26:46.040+0000] {standard_task_runner.py:91} INFO - Job 234: Subtask staging_table
[2026-02-22T23:26:46.158+0000] {task_command.py:426} INFO - Running <TaskInstance: update_db.staging_table scheduled__2026-02-21T15:00:00+00:00 [running]> on host 74dced0ada0c
[2026-02-22T23:26:46.302+0000] {taskinstance.py:2648} INFO - Exporting env vars: AIRFLOW_CTX_DAG_EMAIL='data@engineers.com' AIRFLOW_CTX_DAG_OWNER='dataengineers' AIRFLOW_CTX_DAG_ID='update_db' AIRFLOW_CTX_TASK_ID='staging_table' AIRFLOW_CTX_EXECUTION_DATE='2026-02-21T15:00:00+00:00' AIRFLOW_CTX_TRY_NUMBER='1' AIRFLOW_CTX_DAG_RUN_ID='scheduled__2026-02-21T15:00:00+00:00'
[2026-02-22T23:26:46.304+0000] {taskinstance.py:430} INFO - ::endgroup::
[2026-02-22T23:26:46.332+0000] {base.py:84} INFO - Using connection ID 'postgres_db_yt_elt' for task execution.
[2026-02-22T23:26:46.340+0000] {data_utils.py:13} INFO - Database connection established
[2026-02-22T23:26:46.347+0000] {data_loading.py:18} INFO - Loading data from /opt/airflow/data/YT_data_2026-02-22.json
[2026-02-22T23:26:46.364+0000] {data_loading.py:23} INFO - Loaded 947 records from JSON
[2026-02-22T23:26:46.367+0000] {base.py:84} INFO - Using connection ID 'postgres_db_yt_elt' for task execution.
[2026-02-22T23:26:46.373+0000] {data_utils.py:13} INFO - Database connection established
[2026-02-22T23:26:46.375+0000] {data_utils.py:27} INFO - Schema staging created or already exists
[2026-02-22T23:26:46.377+0000] {data_utils.py:20} INFO - Database connection closed
[2026-02-22T23:26:46.380+0000] {base.py:84} INFO - Using connection ID 'postgres_db_yt_elt' for task execution.
[2026-02-22T23:26:46.386+0000] {data_utils.py:13} INFO - Database connection established
[2026-02-22T23:26:46.426+0000] {data_utils.py:62} INFO - Table staging.yt_api created or already exists
[2026-02-22T23:26:46.427+0000] {data_utils.py:20} INFO - Database connection closed
[2026-02-22T23:26:46.433+0000] {data_utils.py:70} INFO - Retrieved 0 video IDs from staging
[2026-02-22T23:26:46.435+0000] {data_modification.py:23} ERROR - Error inserting row with video_id: KaUuPNYHFNg - column "title" of relation "yt_api" does not exist
LINE 1: INSERT INTO staging.yt_api (video_id, title, publishedat, du...
                                              ^

[2026-02-22T23:26:46.437+0000] {dwh.py:51} ERROR - An error occured during the update of staging table: column "title" of relation "yt_api" does not exist
LINE 1: INSERT INTO staging.yt_api (video_id, title, publishedat, du...
                                              ^

[2026-02-22T23:26:46.438+0000] {data_utils.py:20} INFO - Database connection closed
[2026-02-22T23:26:46.440+0000] {taskinstance.py:441} INFO - ::group::Post task execution logs
[2026-02-22T23:26:46.441+0000] {taskinstance.py:2905} ERROR - Task failed with exception
Traceback (most recent call last):
  File "/home/airflow/.local/lib/python3.12/site-packages/airflow/models/taskinstance.py", line 465, in _execute_task
    result = _execute_callable(context=context, **execute_callable_kwargs)
             ^^^^^^^^^^^^^^^^^^^^^^^^^^^^^^^^^^^^^^^^^^^^^^^^^^^^^^^^^^^^^
  File "/home/airflow/.local/lib/python3.12/site-packages/airflow/models/taskinstance.py", line 432, in _execute_callable
    return execute_callable(context=context, **execute_callable_kwargs)
           ^^^^^^^^^^^^^^^^^^^^^^^^^^^^^^^^^^^^^^^^^^^^^^^^^^^^^^^^^^^^
  File "/home/airflow/.local/lib/python3.12/site-packages/airflow/models/baseoperator.py", line 401, in wrapper
    return func(self, *args, **kwargs)
           ^^^^^^^^^^^^^^^^^^^^^^^^^^^
  File "/home/airflow/.local/lib/python3.12/site-packages/airflow/decorators/base.py", line 265, in execute
    return_value = super().execute(context)
                   ^^^^^^^^^^^^^^^^^^^^^^^^
  File "/home/airflow/.local/lib/python3.12/site-packages/airflow/models/baseoperator.py", line 401, in wrapper
    return func(self, *args, **kwargs)
           ^^^^^^^^^^^^^^^^^^^^^^^^^^^
  File "/home/airflow/.local/lib/python3.12/site-packages/airflow/operators/python.py", line 235, in execute
    return_value = self.execute_callable()
                   ^^^^^^^^^^^^^^^^^^^^^^^
  File "/home/airflow/.local/lib/python3.12/site-packages/airflow/operators/python.py", line 252, in execute_callable
    return self.python_callable(*self.op_args, **self.op_kwargs)
           ^^^^^^^^^^^^^^^^^^^^^^^^^^^^^^^^^^^^^^^^^^^^^^^^^^^^^
  File "/opt/airflow/dags/datawarehouse/dwh.py", line 52, in staging_table
    raise e
  File "/opt/airflow/dags/datawarehouse/dwh.py", line 33, in staging_table
    insert_rows(cur, conn, schema, row)
  File "/opt/airflow/dags/datawarehouse/data_modification.py", line 24, in insert_rows
    raise e
  File "/opt/airflow/dags/datawarehouse/data_modification.py", line 9, in insert_rows
    cur.execute(
  File "/home/airflow/.local/lib/python3.12/site-packages/psycopg2/extras.py", line 236, in execute
    return super().execute(query, vars)
           ^^^^^^^^^^^^^^^^^^^^^^^^^^^^
psycopg2.errors.UndefinedColumn: column "title" of relation "yt_api" does not exist
LINE 1: INSERT INTO staging.yt_api (video_id, title, publishedat, du...
                                              ^

[2026-02-22T23:26:46.476+0000] {taskinstance.py:1206} INFO - Marking task as UP_FOR_RETRY. dag_id=update_db, task_id=staging_table, run_id=scheduled__2026-02-21T15:00:00+00:00, execution_date=20260221T150000, start_date=20260222T232646, end_date=20260222T232646
[2026-02-22T23:26:46.504+0000] {standard_task_runner.py:110} ERROR - Failed to execute job 234 for task staging_table (column "title" of relation "yt_api" does not exist
LINE 1: INSERT INTO staging.yt_api (video_id, title, publishedat, du...
                                              ^
; 533)
[2026-02-22T23:26:46.541+0000] {local_task_job_runner.py:240} INFO - Task exited with return code 1
[2026-02-22T23:26:46.574+0000] {taskinstance.py:3503} INFO - 0 downstream tasks scheduled from follow-on schedule check
[2026-02-22T23:26:46.576+0000] {local_task_job_runner.py:222} INFO - ::endgroup::
