[2026-02-22T22:45:03.388+0000] {local_task_job_runner.py:120} INFO - ::group::Pre task execution logs
[2026-02-22T22:45:03.428+0000] {taskinstance.py:2076} INFO - Dependencies all met for dep_context=non-requeueable deps ti=<TaskInstance: update_db.staging_table scheduled__2026-02-21T15:00:00+00:00 [queued]>
[2026-02-22T22:45:03.441+0000] {taskinstance.py:2076} INFO - Dependencies all met for dep_context=requeueable deps ti=<TaskInstance: update_db.staging_table scheduled__2026-02-21T15:00:00+00:00 [queued]>
[2026-02-22T22:45:03.442+0000] {taskinstance.py:2306} INFO - Starting attempt 2 of 3
[2026-02-22T22:45:03.459+0000] {taskinstance.py:2330} INFO - Executing <Task(_PythonDecoratedOperator): staging_table> on 2026-02-21 15:00:00+00:00
[2026-02-22T22:45:03.468+0000] {warnings.py:112} WARNING - /home/airflow/.local/lib/python3.12/site-packages/airflow/task/task_runner/standard_task_runner.py:61: DeprecationWarning: This process (pid=143) is multi-threaded, use of fork() may lead to deadlocks in the child.
  pid = os.fork()

[2026-02-22T22:45:03.471+0000] {standard_task_runner.py:63} INFO - Started process 144 to run task
[2026-02-22T22:45:03.471+0000] {standard_task_runner.py:90} INFO - Running: ['airflow', 'tasks', 'run', 'update_db', 'staging_table', 'scheduled__2026-02-21T15:00:00+00:00', '--job-id', '220', '--raw', '--subdir', 'DAGS_FOLDER/main.py', '--cfg-path', '/tmp/tmp3wgggmfa']
[2026-02-22T22:45:03.472+0000] {standard_task_runner.py:91} INFO - Job 220: Subtask staging_table
[2026-02-22T22:45:03.566+0000] {task_command.py:426} INFO - Running <TaskInstance: update_db.staging_table scheduled__2026-02-21T15:00:00+00:00 [running]> on host cda60c614cff
[2026-02-22T22:45:03.684+0000] {taskinstance.py:2648} INFO - Exporting env vars: AIRFLOW_CTX_DAG_EMAIL='data@engineers.com' AIRFLOW_CTX_DAG_OWNER='dataengineers' AIRFLOW_CTX_DAG_ID='update_db' AIRFLOW_CTX_TASK_ID='staging_table' AIRFLOW_CTX_EXECUTION_DATE='2026-02-21T15:00:00+00:00' AIRFLOW_CTX_TRY_NUMBER='2' AIRFLOW_CTX_DAG_RUN_ID='scheduled__2026-02-21T15:00:00+00:00'
[2026-02-22T22:45:03.686+0000] {taskinstance.py:430} INFO - ::endgroup::
[2026-02-22T22:45:03.704+0000] {base.py:84} INFO - Using connection ID 'postgres_db_yt_elt' for task execution.
[2026-02-22T22:45:03.711+0000] {data_utils.py:13} INFO - Database connection established
[2026-02-22T22:45:03.717+0000] {data_loading.py:18} INFO - Loading data from /opt/airflow/data/YT_data_2026-02-22.json
[2026-02-22T22:45:03.731+0000] {data_loading.py:23} INFO - Loaded 947 records from JSON
[2026-02-22T22:45:03.734+0000] {base.py:84} INFO - Using connection ID 'postgres_db_yt_elt' for task execution.
[2026-02-22T22:45:03.740+0000] {data_utils.py:13} INFO - Database connection established
[2026-02-22T22:45:03.742+0000] {data_utils.py:27} INFO - Schema staging created or already exists
[2026-02-22T22:45:03.743+0000] {data_utils.py:20} INFO - Database connection closed
[2026-02-22T22:45:03.746+0000] {base.py:84} INFO - Using connection ID 'postgres_db_yt_elt' for task execution.
[2026-02-22T22:45:03.752+0000] {data_utils.py:13} INFO - Database connection established
[2026-02-22T22:45:03.754+0000] {data_utils.py:62} INFO - Table staging.yt_api created or already exists
[2026-02-22T22:45:03.755+0000] {data_utils.py:20} INFO - Database connection closed
[2026-02-22T22:45:03.757+0000] {data_utils.py:70} INFO - Retrieved 0 video IDs from staging
[2026-02-22T22:45:03.759+0000] {data_modification.py:23} ERROR - Error inserting row with video_id: KaUuPNYHFNg - column "title" of relation "yt_api" does not exist
LINE 1: INSERT INTO staging.yt_api (video_id, title, publishedat, du...
                                              ^

[2026-02-22T22:45:03.760+0000] {dwh.py:51} ERROR - An error occured during the update of staging table: column "title" of relation "yt_api" does not exist
LINE 1: INSERT INTO staging.yt_api (video_id, title, publishedat, du...
                                              ^

[2026-02-22T22:45:03.760+0000] {data_utils.py:20} INFO - Database connection closed
[2026-02-22T22:45:03.761+0000] {taskinstance.py:441} INFO - ::group::Post task execution logs
[2026-02-22T22:45:03.762+0000] {taskinstance.py:2905} ERROR - Task failed with exception
Traceback (most recent call last):
  File "/home/airflow/.local/lib/python3.12/site-packages/airflow/models/taskinstance.py", line 465, in _execute_task
    result = _execute_callable(context=context, **execute_callable_kwargs)
             ^^^^^^^^^^^^^^^^^^^^^^^^^^^^^^^^^^^^^^^^^^^^^^^^^^^^^^^^^^^^^
  File "/home/airflow/.local/lib/python3.12/site-packages/airflow/models/taskinstance.py", line 432, in _execute_callable
    return execute_callable(context=context, **execute_callable_kwargs)
           ^^^^^^^^^^^^^^^^^^^^^^^^^^^^^^^^^^^^^^^^^^^^^^^^^^^^^^^^^^^^
  File "/home/airflow/.local/lib/python3.12/site-packages/airflow/models/baseoperator.py", line 401, in wrapper
    return func(self, *args, **kwargs)
           ^^^^^^^^^^^^^^^^^^^^^^^^^^^
  File "/home/airflow/.local/lib/python3.12/site-packages/airflow/decorators/base.py", line 265, in execute
    return_value = super().execute(context)
                   ^^^^^^^^^^^^^^^^^^^^^^^^
  File "/home/airflow/.local/lib/python3.12/site-packages/airflow/models/baseoperator.py", line 401, in wrapper
    return func(self, *args, **kwargs)
           ^^^^^^^^^^^^^^^^^^^^^^^^^^^
  File "/home/airflow/.local/lib/python3.12/site-packages/airflow/operators/python.py", line 235, in execute
    return_value = self.execute_callable()
                   ^^^^^^^^^^^^^^^^^^^^^^^
  File "/home/airflow/.local/lib/python3.12/site-packages/airflow/operators/python.py", line 252, in execute_callable
    return self.python_callable(*self.op_args, **self.op_kwargs)
           ^^^^^^^^^^^^^^^^^^^^^^^^^^^^^^^^^^^^^^^^^^^^^^^^^^^^^
  File "/opt/airflow/dags/datawarehouse/dwh.py", line 52, in staging_table
    raise e
  File "/opt/airflow/dags/datawarehouse/dwh.py", line 33, in staging_table
    insert_rows(cur, conn, schema, row)
  File "/opt/airflow/dags/datawarehouse/data_modification.py", line 24, in insert_rows
    raise e
  File "/opt/airflow/dags/datawarehouse/data_modification.py", line 9, in insert_rows
    cur.execute(
  File "/home/airflow/.local/lib/python3.12/site-packages/psycopg2/extras.py", line 236, in execute
    return super().execute(query, vars)
           ^^^^^^^^^^^^^^^^^^^^^^^^^^^^
psycopg2.errors.UndefinedColumn: column "title" of relation "yt_api" does not exist
LINE 1: INSERT INTO staging.yt_api (video_id, title, publishedat, du...
                                              ^

[2026-02-22T22:45:03.786+0000] {taskinstance.py:1206} INFO - Marking task as UP_FOR_RETRY. dag_id=update_db, task_id=staging_table, run_id=scheduled__2026-02-21T15:00:00+00:00, execution_date=20260221T150000, start_date=20260222T224503, end_date=20260222T224503
[2026-02-22T22:45:03.836+0000] {standard_task_runner.py:110} ERROR - Failed to execute job 220 for task staging_table (column "title" of relation "yt_api" does not exist
LINE 1: INSERT INTO staging.yt_api (video_id, title, publishedat, du...
                                              ^
; 144)
[2026-02-22T22:45:03.890+0000] {local_task_job_runner.py:240} INFO - Task exited with return code 1
[2026-02-22T22:45:03.921+0000] {taskinstance.py:3503} INFO - 0 downstream tasks scheduled from follow-on schedule check
[2026-02-22T22:45:03.924+0000] {local_task_job_runner.py:222} INFO - ::endgroup::
[2026-02-22T22:57:59.553+0000] {local_task_job_runner.py:120} INFO - ::group::Pre task execution logs
[2026-02-22T22:57:59.603+0000] {taskinstance.py:2076} INFO - Dependencies all met for dep_context=non-requeueable deps ti=<TaskInstance: update_db.staging_table scheduled__2026-02-21T15:00:00+00:00 [queued]>
[2026-02-22T22:57:59.619+0000] {taskinstance.py:2076} INFO - Dependencies all met for dep_context=requeueable deps ti=<TaskInstance: update_db.staging_table scheduled__2026-02-21T15:00:00+00:00 [queued]>
[2026-02-22T22:57:59.620+0000] {taskinstance.py:2306} INFO - Starting attempt 2 of 3
[2026-02-22T22:57:59.646+0000] {taskinstance.py:2330} INFO - Executing <Task(_PythonDecoratedOperator): staging_table> on 2026-02-21 15:00:00+00:00
[2026-02-22T22:57:59.662+0000] {warnings.py:112} WARNING - /home/airflow/.local/lib/python3.12/site-packages/airflow/task/task_runner/standard_task_runner.py:61: DeprecationWarning: This process (pid=147) is multi-threaded, use of fork() may lead to deadlocks in the child.
  pid = os.fork()

[2026-02-22T22:57:59.665+0000] {standard_task_runner.py:63} INFO - Started process 148 to run task
[2026-02-22T22:57:59.664+0000] {standard_task_runner.py:90} INFO - Running: ['airflow', 'tasks', 'run', 'update_db', 'staging_table', 'scheduled__2026-02-21T15:00:00+00:00', '--job-id', '227', '--raw', '--subdir', 'DAGS_FOLDER/main.py', '--cfg-path', '/tmp/tmpsr6q679y']
[2026-02-22T22:57:59.667+0000] {standard_task_runner.py:91} INFO - Job 227: Subtask staging_table
[2026-02-22T22:57:59.821+0000] {task_command.py:426} INFO - Running <TaskInstance: update_db.staging_table scheduled__2026-02-21T15:00:00+00:00 [running]> on host 74dced0ada0c
[2026-02-22T22:58:00.002+0000] {taskinstance.py:2648} INFO - Exporting env vars: AIRFLOW_CTX_DAG_EMAIL='data@engineers.com' AIRFLOW_CTX_DAG_OWNER='dataengineers' AIRFLOW_CTX_DAG_ID='update_db' AIRFLOW_CTX_TASK_ID='staging_table' AIRFLOW_CTX_EXECUTION_DATE='2026-02-21T15:00:00+00:00' AIRFLOW_CTX_TRY_NUMBER='2' AIRFLOW_CTX_DAG_RUN_ID='scheduled__2026-02-21T15:00:00+00:00'
[2026-02-22T22:58:00.004+0000] {taskinstance.py:430} INFO - ::endgroup::
[2026-02-22T22:58:00.021+0000] {base.py:84} INFO - Using connection ID 'postgres_db_yt_elt' for task execution.
[2026-02-22T22:58:00.028+0000] {data_utils.py:13} INFO - Database connection established
[2026-02-22T22:58:00.033+0000] {data_loading.py:18} INFO - Loading data from /opt/airflow/data/YT_data_2026-02-22.json
[2026-02-22T22:58:00.048+0000] {data_loading.py:23} INFO - Loaded 947 records from JSON
[2026-02-22T22:58:00.051+0000] {base.py:84} INFO - Using connection ID 'postgres_db_yt_elt' for task execution.
[2026-02-22T22:58:00.060+0000] {data_utils.py:13} INFO - Database connection established
[2026-02-22T22:58:00.062+0000] {data_utils.py:27} INFO - Schema staging created or already exists
[2026-02-22T22:58:00.063+0000] {data_utils.py:20} INFO - Database connection closed
[2026-02-22T22:58:00.066+0000] {base.py:84} INFO - Using connection ID 'postgres_db_yt_elt' for task execution.
[2026-02-22T22:58:00.075+0000] {data_utils.py:13} INFO - Database connection established
[2026-02-22T22:58:00.078+0000] {data_utils.py:62} INFO - Table staging.yt_api created or already exists
[2026-02-22T22:58:00.080+0000] {data_utils.py:20} INFO - Database connection closed
[2026-02-22T22:58:00.082+0000] {data_utils.py:70} INFO - Retrieved 0 video IDs from staging
[2026-02-22T22:58:00.084+0000] {data_modification.py:23} ERROR - Error inserting row with video_id: KaUuPNYHFNg - column "title" of relation "yt_api" does not exist
LINE 1: INSERT INTO staging.yt_api (video_id, title, publishedat, du...
                                              ^

[2026-02-22T22:58:00.085+0000] {dwh.py:51} ERROR - An error occured during the update of staging table: column "title" of relation "yt_api" does not exist
LINE 1: INSERT INTO staging.yt_api (video_id, title, publishedat, du...
                                              ^

[2026-02-22T22:58:00.085+0000] {data_utils.py:20} INFO - Database connection closed
[2026-02-22T22:58:00.086+0000] {taskinstance.py:441} INFO - ::group::Post task execution logs
[2026-02-22T22:58:00.087+0000] {taskinstance.py:2905} ERROR - Task failed with exception
Traceback (most recent call last):
  File "/home/airflow/.local/lib/python3.12/site-packages/airflow/models/taskinstance.py", line 465, in _execute_task
    result = _execute_callable(context=context, **execute_callable_kwargs)
             ^^^^^^^^^^^^^^^^^^^^^^^^^^^^^^^^^^^^^^^^^^^^^^^^^^^^^^^^^^^^^
  File "/home/airflow/.local/lib/python3.12/site-packages/airflow/models/taskinstance.py", line 432, in _execute_callable
    return execute_callable(context=context, **execute_callable_kwargs)
           ^^^^^^^^^^^^^^^^^^^^^^^^^^^^^^^^^^^^^^^^^^^^^^^^^^^^^^^^^^^^
  File "/home/airflow/.local/lib/python3.12/site-packages/airflow/models/baseoperator.py", line 401, in wrapper
    return func(self, *args, **kwargs)
           ^^^^^^^^^^^^^^^^^^^^^^^^^^^
  File "/home/airflow/.local/lib/python3.12/site-packages/airflow/decorators/base.py", line 265, in execute
    return_value = super().execute(context)
                   ^^^^^^^^^^^^^^^^^^^^^^^^
  File "/home/airflow/.local/lib/python3.12/site-packages/airflow/models/baseoperator.py", line 401, in wrapper
    return func(self, *args, **kwargs)
           ^^^^^^^^^^^^^^^^^^^^^^^^^^^
  File "/home/airflow/.local/lib/python3.12/site-packages/airflow/operators/python.py", line 235, in execute
    return_value = self.execute_callable()
                   ^^^^^^^^^^^^^^^^^^^^^^^
  File "/home/airflow/.local/lib/python3.12/site-packages/airflow/operators/python.py", line 252, in execute_callable
    return self.python_callable(*self.op_args, **self.op_kwargs)
           ^^^^^^^^^^^^^^^^^^^^^^^^^^^^^^^^^^^^^^^^^^^^^^^^^^^^^
  File "/opt/airflow/dags/datawarehouse/dwh.py", line 52, in staging_table
    raise e
  File "/opt/airflow/dags/datawarehouse/dwh.py", line 33, in staging_table
    insert_rows(cur, conn, schema, row)
  File "/opt/airflow/dags/datawarehouse/data_modification.py", line 24, in insert_rows
    raise e
  File "/opt/airflow/dags/datawarehouse/data_modification.py", line 9, in insert_rows
    cur.execute(
  File "/home/airflow/.local/lib/python3.12/site-packages/psycopg2/extras.py", line 236, in execute
    return super().execute(query, vars)
           ^^^^^^^^^^^^^^^^^^^^^^^^^^^^
psycopg2.errors.UndefinedColumn: column "title" of relation "yt_api" does not exist
LINE 1: INSERT INTO staging.yt_api (video_id, title, publishedat, du...
                                              ^

[2026-02-22T22:58:00.119+0000] {taskinstance.py:1206} INFO - Marking task as UP_FOR_RETRY. dag_id=update_db, task_id=staging_table, run_id=scheduled__2026-02-21T15:00:00+00:00, execution_date=20260221T150000, start_date=20260222T225759, end_date=20260222T225800
[2026-02-22T22:58:00.174+0000] {standard_task_runner.py:110} ERROR - Failed to execute job 227 for task staging_table (column "title" of relation "yt_api" does not exist
LINE 1: INSERT INTO staging.yt_api (video_id, title, publishedat, du...
                                              ^
; 148)
[2026-02-22T22:58:00.206+0000] {local_task_job_runner.py:240} INFO - Task exited with return code 1
[2026-02-22T22:58:00.249+0000] {taskinstance.py:3503} INFO - 0 downstream tasks scheduled from follow-on schedule check
[2026-02-22T22:58:00.253+0000] {local_task_job_runner.py:222} INFO - ::endgroup::
[2026-02-22T23:31:47.621+0000] {local_task_job_runner.py:120} INFO - ::group::Pre task execution logs
[2026-02-22T23:31:47.671+0000] {taskinstance.py:2076} INFO - Dependencies all met for dep_context=non-requeueable deps ti=<TaskInstance: update_db.staging_table scheduled__2026-02-21T15:00:00+00:00 [queued]>
[2026-02-22T23:31:47.685+0000] {taskinstance.py:2076} INFO - Dependencies all met for dep_context=requeueable deps ti=<TaskInstance: update_db.staging_table scheduled__2026-02-21T15:00:00+00:00 [queued]>
[2026-02-22T23:31:47.686+0000] {taskinstance.py:2306} INFO - Starting attempt 2 of 3
[2026-02-22T23:31:47.707+0000] {taskinstance.py:2330} INFO - Executing <Task(_PythonDecoratedOperator): staging_table> on 2026-02-21 15:00:00+00:00
[2026-02-22T23:31:47.718+0000] {warnings.py:112} WARNING - /home/airflow/.local/lib/python3.12/site-packages/airflow/task/task_runner/standard_task_runner.py:61: DeprecationWarning: This process (pid=599) is multi-threaded, use of fork() may lead to deadlocks in the child.
  pid = os.fork()

[2026-02-22T23:31:47.721+0000] {standard_task_runner.py:63} INFO - Started process 600 to run task
[2026-02-22T23:31:47.721+0000] {standard_task_runner.py:90} INFO - Running: ['airflow', 'tasks', 'run', 'update_db', 'staging_table', 'scheduled__2026-02-21T15:00:00+00:00', '--job-id', '236', '--raw', '--subdir', 'DAGS_FOLDER/main.py', '--cfg-path', '/tmp/tmpi1sm9_2e']
[2026-02-22T23:31:47.723+0000] {standard_task_runner.py:91} INFO - Job 236: Subtask staging_table
[2026-02-22T23:31:47.848+0000] {task_command.py:426} INFO - Running <TaskInstance: update_db.staging_table scheduled__2026-02-21T15:00:00+00:00 [running]> on host 74dced0ada0c
[2026-02-22T23:31:47.973+0000] {taskinstance.py:2648} INFO - Exporting env vars: AIRFLOW_CTX_DAG_EMAIL='data@engineers.com' AIRFLOW_CTX_DAG_OWNER='dataengineers' AIRFLOW_CTX_DAG_ID='update_db' AIRFLOW_CTX_TASK_ID='staging_table' AIRFLOW_CTX_EXECUTION_DATE='2026-02-21T15:00:00+00:00' AIRFLOW_CTX_TRY_NUMBER='2' AIRFLOW_CTX_DAG_RUN_ID='scheduled__2026-02-21T15:00:00+00:00'
[2026-02-22T23:31:47.975+0000] {taskinstance.py:430} INFO - ::endgroup::
[2026-02-22T23:31:47.988+0000] {base.py:84} INFO - Using connection ID 'postgres_db_yt_elt' for task execution.
[2026-02-22T23:31:47.994+0000] {data_utils.py:13} INFO - Database connection established
[2026-02-22T23:31:47.998+0000] {data_loading.py:18} INFO - Loading data from /opt/airflow/data/YT_data_2026-02-22.json
[2026-02-22T23:31:48.009+0000] {data_loading.py:23} INFO - Loaded 947 records from JSON
[2026-02-22T23:31:48.011+0000] {base.py:84} INFO - Using connection ID 'postgres_db_yt_elt' for task execution.
[2026-02-22T23:31:48.017+0000] {data_utils.py:13} INFO - Database connection established
[2026-02-22T23:31:48.019+0000] {data_utils.py:27} INFO - Schema staging created or already exists
[2026-02-22T23:31:48.021+0000] {data_utils.py:20} INFO - Database connection closed
[2026-02-22T23:31:48.024+0000] {base.py:84} INFO - Using connection ID 'postgres_db_yt_elt' for task execution.
[2026-02-22T23:31:48.030+0000] {data_utils.py:13} INFO - Database connection established
[2026-02-22T23:31:48.044+0000] {data_utils.py:62} INFO - Table staging.yt_api created or already exists
[2026-02-22T23:31:48.045+0000] {data_utils.py:20} INFO - Database connection closed
[2026-02-22T23:31:48.047+0000] {data_utils.py:70} INFO - Retrieved 0 video IDs from staging
[2026-02-22T23:31:48.049+0000] {data_modification.py:23} ERROR - Error inserting row with video_id: KaUuPNYHFNg - column "title" of relation "yt_api" does not exist
LINE 1: INSERT INTO staging.yt_api (video_id, title, publishedat, du...
                                              ^

[2026-02-22T23:31:48.049+0000] {dwh.py:51} ERROR - An error occured during the update of staging table: column "title" of relation "yt_api" does not exist
LINE 1: INSERT INTO staging.yt_api (video_id, title, publishedat, du...
                                              ^

[2026-02-22T23:31:48.050+0000] {data_utils.py:20} INFO - Database connection closed
[2026-02-22T23:31:48.052+0000] {taskinstance.py:441} INFO - ::group::Post task execution logs
[2026-02-22T23:31:48.054+0000] {taskinstance.py:2905} ERROR - Task failed with exception
Traceback (most recent call last):
  File "/home/airflow/.local/lib/python3.12/site-packages/airflow/models/taskinstance.py", line 465, in _execute_task
    result = _execute_callable(context=context, **execute_callable_kwargs)
             ^^^^^^^^^^^^^^^^^^^^^^^^^^^^^^^^^^^^^^^^^^^^^^^^^^^^^^^^^^^^^
  File "/home/airflow/.local/lib/python3.12/site-packages/airflow/models/taskinstance.py", line 432, in _execute_callable
    return execute_callable(context=context, **execute_callable_kwargs)
           ^^^^^^^^^^^^^^^^^^^^^^^^^^^^^^^^^^^^^^^^^^^^^^^^^^^^^^^^^^^^
  File "/home/airflow/.local/lib/python3.12/site-packages/airflow/models/baseoperator.py", line 401, in wrapper
    return func(self, *args, **kwargs)
           ^^^^^^^^^^^^^^^^^^^^^^^^^^^
  File "/home/airflow/.local/lib/python3.12/site-packages/airflow/decorators/base.py", line 265, in execute
    return_value = super().execute(context)
                   ^^^^^^^^^^^^^^^^^^^^^^^^
  File "/home/airflow/.local/lib/python3.12/site-packages/airflow/models/baseoperator.py", line 401, in wrapper
    return func(self, *args, **kwargs)
           ^^^^^^^^^^^^^^^^^^^^^^^^^^^
  File "/home/airflow/.local/lib/python3.12/site-packages/airflow/operators/python.py", line 235, in execute
    return_value = self.execute_callable()
                   ^^^^^^^^^^^^^^^^^^^^^^^
  File "/home/airflow/.local/lib/python3.12/site-packages/airflow/operators/python.py", line 252, in execute_callable
    return self.python_callable(*self.op_args, **self.op_kwargs)
           ^^^^^^^^^^^^^^^^^^^^^^^^^^^^^^^^^^^^^^^^^^^^^^^^^^^^^
  File "/opt/airflow/dags/datawarehouse/dwh.py", line 52, in staging_table
    raise e
  File "/opt/airflow/dags/datawarehouse/dwh.py", line 33, in staging_table
    insert_rows(cur, conn, schema, row)
  File "/opt/airflow/dags/datawarehouse/data_modification.py", line 24, in insert_rows
    raise e
  File "/opt/airflow/dags/datawarehouse/data_modification.py", line 9, in insert_rows
    cur.execute(
  File "/home/airflow/.local/lib/python3.12/site-packages/psycopg2/extras.py", line 236, in execute
    return super().execute(query, vars)
           ^^^^^^^^^^^^^^^^^^^^^^^^^^^^
psycopg2.errors.UndefinedColumn: column "title" of relation "yt_api" does not exist
LINE 1: INSERT INTO staging.yt_api (video_id, title, publishedat, du...
                                              ^

[2026-02-22T23:31:48.121+0000] {taskinstance.py:1206} INFO - Marking task as UP_FOR_RETRY. dag_id=update_db, task_id=staging_table, run_id=scheduled__2026-02-21T15:00:00+00:00, execution_date=20260221T150000, start_date=20260222T233147, end_date=20260222T233148
[2026-02-22T23:31:48.140+0000] {standard_task_runner.py:110} ERROR - Failed to execute job 236 for task staging_table (column "title" of relation "yt_api" does not exist
LINE 1: INSERT INTO staging.yt_api (video_id, title, publishedat, du...
                                              ^
; 600)
[2026-02-22T23:31:48.182+0000] {local_task_job_runner.py:240} INFO - Task exited with return code 1
[2026-02-22T23:31:48.233+0000] {taskinstance.py:3503} INFO - 0 downstream tasks scheduled from follow-on schedule check
[2026-02-22T23:31:48.237+0000] {local_task_job_runner.py:222} INFO - ::endgroup::
