[2026-02-19T22:33:21.723+0000] {local_task_job_runner.py:120} INFO - ::group::Pre task execution logs
[2026-02-19T22:33:21.769+0000] {taskinstance.py:2076} INFO - Dependencies all met for dep_context=non-requeueable deps ti=<TaskInstance: produce_json.get_playlist_id scheduled__2026-02-18T14:00:00+00:00 [queued]>
[2026-02-19T22:33:21.784+0000] {taskinstance.py:2076} INFO - Dependencies all met for dep_context=requeueable deps ti=<TaskInstance: produce_json.get_playlist_id scheduled__2026-02-18T14:00:00+00:00 [queued]>
[2026-02-19T22:33:21.785+0000] {taskinstance.py:2306} INFO - Starting attempt 2 of 3
[2026-02-19T22:33:21.804+0000] {taskinstance.py:2330} INFO - Executing <Task(_PythonDecoratedOperator): get_playlist_id> on 2026-02-18 14:00:00+00:00
[2026-02-19T22:33:21.815+0000] {warnings.py:112} WARNING - /home/airflow/.local/lib/python3.12/site-packages/airflow/task/task_runner/standard_task_runner.py:61: DeprecationWarning: This process (pid=5979) is multi-threaded, use of fork() may lead to deadlocks in the child.
  pid = os.fork()

[2026-02-19T22:33:21.817+0000] {standard_task_runner.py:63} INFO - Started process 5980 to run task
[2026-02-19T22:33:21.817+0000] {standard_task_runner.py:90} INFO - Running: ['airflow', 'tasks', 'run', 'produce_json', 'get_playlist_id', 'scheduled__2026-02-18T14:00:00+00:00', '--job-id', '60', '--raw', '--subdir', 'DAGS_FOLDER/main.py', '--cfg-path', '/tmp/tmp3hqxjfpw']
[2026-02-19T22:33:21.819+0000] {standard_task_runner.py:91} INFO - Job 60: Subtask get_playlist_id
[2026-02-19T22:33:21.932+0000] {task_command.py:426} INFO - Running <TaskInstance: produce_json.get_playlist_id scheduled__2026-02-18T14:00:00+00:00 [running]> on host dad303c8dd6b
[2026-02-19T22:33:22.128+0000] {taskinstance.py:2648} INFO - Exporting env vars: AIRFLOW_CTX_DAG_EMAIL='data@engineers.com' AIRFLOW_CTX_DAG_OWNER='dataengineers' AIRFLOW_CTX_DAG_ID='produce_json' AIRFLOW_CTX_TASK_ID='get_playlist_id' AIRFLOW_CTX_EXECUTION_DATE='2026-02-18T14:00:00+00:00' AIRFLOW_CTX_TRY_NUMBER='2' AIRFLOW_CTX_DAG_RUN_ID='scheduled__2026-02-18T14:00:00+00:00'
[2026-02-19T22:33:22.130+0000] {taskinstance.py:430} INFO - ::endgroup::
[2026-02-19T22:33:22.852+0000] {logging_mixin.py:188} INFO - UUX6OQ3DkcsbYNE6H8uQQuVA
[2026-02-19T22:33:22.857+0000] {python.py:237} INFO - Done. Returned value was: UUX6OQ3DkcsbYNE6H8uQQuVA
[2026-02-19T22:33:22.861+0000] {taskinstance.py:441} INFO - ::group::Post task execution logs
[2026-02-19T22:33:22.902+0000] {taskinstance.py:1206} INFO - Marking task as SUCCESS. dag_id=produce_json, task_id=get_playlist_id, run_id=scheduled__2026-02-18T14:00:00+00:00, execution_date=20260218T140000, start_date=20260219T223321, end_date=20260219T223322
[2026-02-19T22:33:22.956+0000] {local_task_job_runner.py:240} INFO - Task exited with return code 0
[2026-02-19T22:33:22.996+0000] {taskinstance.py:3503} INFO - 1 downstream tasks scheduled from follow-on schedule check
[2026-02-19T22:33:22.998+0000] {local_task_job_runner.py:222} INFO - ::endgroup::
