[2026-02-18T23:31:12.563+0000] {local_task_job_runner.py:120} INFO - ::group::Pre task execution logs
[2026-02-18T23:31:12.584+0000] {taskinstance.py:2076} INFO - Dependencies all met for dep_context=non-requeueable deps ti=<TaskInstance: update_db.staging_table manual__2026-02-18T23:26:10.309567+00:00 [queued]>
[2026-02-18T23:31:12.591+0000] {taskinstance.py:2076} INFO - Dependencies all met for dep_context=requeueable deps ti=<TaskInstance: update_db.staging_table manual__2026-02-18T23:26:10.309567+00:00 [queued]>
[2026-02-18T23:31:12.592+0000] {taskinstance.py:2306} INFO - Starting attempt 2 of 3
[2026-02-18T23:31:12.605+0000] {taskinstance.py:2330} INFO - Executing <Task(_PythonDecoratedOperator): staging_table> on 2026-02-18 23:26:10.309567+00:00
[2026-02-18T23:31:12.612+0000] {warnings.py:112} WARNING - /home/airflow/.local/lib/python3.12/site-packages/airflow/task/task_runner/standard_task_runner.py:61: DeprecationWarning: This process (pid=545) is multi-threaded, use of fork() may lead to deadlocks in the child.
  pid = os.fork()

[2026-02-18T23:31:12.613+0000] {standard_task_runner.py:63} INFO - Started process 546 to run task
[2026-02-18T23:31:12.614+0000] {standard_task_runner.py:90} INFO - Running: ['airflow', 'tasks', 'run', 'update_db', 'staging_table', 'manual__2026-02-18T23:26:10.309567+00:00', '--job-id', '54', '--raw', '--subdir', 'DAGS_FOLDER/main.py', '--cfg-path', '/tmp/tmpnxdz_fsy']
[2026-02-18T23:31:12.615+0000] {standard_task_runner.py:91} INFO - Job 54: Subtask staging_table
[2026-02-18T23:31:12.670+0000] {task_command.py:426} INFO - Running <TaskInstance: update_db.staging_table manual__2026-02-18T23:26:10.309567+00:00 [running]> on host dad303c8dd6b
[2026-02-18T23:31:12.747+0000] {taskinstance.py:2648} INFO - Exporting env vars: AIRFLOW_CTX_DAG_EMAIL='data@engineers.com' AIRFLOW_CTX_DAG_OWNER='dataengineers' AIRFLOW_CTX_DAG_ID='update_db' AIRFLOW_CTX_TASK_ID='staging_table' AIRFLOW_CTX_EXECUTION_DATE='2026-02-18T23:26:10.309567+00:00' AIRFLOW_CTX_TRY_NUMBER='2' AIRFLOW_CTX_DAG_RUN_ID='manual__2026-02-18T23:26:10.309567+00:00'
[2026-02-18T23:31:12.748+0000] {taskinstance.py:430} INFO - ::endgroup::
[2026-02-18T23:31:12.782+0000] {data_utils.py:20} INFO - Database connection established
[2026-02-18T23:31:12.788+0000] {data_loading.py:18} INFO - Loading data from /opt/airflow/data/YT_data_2026-02-18.json
[2026-02-18T23:31:12.798+0000] {data_loading.py:23} INFO - Loaded 945 records from JSON
[2026-02-18T23:31:12.827+0000] {data_utils.py:20} INFO - Database connection established
[2026-02-18T23:31:12.829+0000] {data_utils.py:43} INFO - Schema 'staging' created or already exists
[2026-02-18T23:31:12.829+0000] {data_utils.py:33} INFO - Database connection closed
[2026-02-18T23:31:12.859+0000] {data_utils.py:20} INFO - Database connection established
[2026-02-18T23:31:12.860+0000] {data_utils.py:76} INFO - Table 'staging.yt_api' created or already exists
[2026-02-18T23:31:12.861+0000] {data_utils.py:33} INFO - Database connection closed
[2026-02-18T23:31:12.863+0000] {data_utils.py:89} INFO - Retrieved 0 video IDs from staging
[2026-02-18T23:31:12.864+0000] {dwh.py:51} ERROR - An error occured during the update of staging table: 'list' object has no attribute 'get'
[2026-02-18T23:31:12.864+0000] {data_utils.py:33} INFO - Database connection closed
[2026-02-18T23:31:12.866+0000] {taskinstance.py:441} INFO - ::group::Post task execution logs
[2026-02-18T23:31:12.867+0000] {taskinstance.py:2905} ERROR - Task failed with exception
Traceback (most recent call last):
  File "/opt/airflow/dags/datawarehouse/data_modification.py", line 10, in insert_rows
    cur.execute(
  File "/home/airflow/.local/lib/python3.12/site-packages/psycopg2/extras.py", line 236, in execute
    return super().execute(query, vars)
           ^^^^^^^^^^^^^^^^^^^^^^^^^^^^
TypeError: list indices must be integers or slices, not str

During handling of the above exception, another exception occurred:

Traceback (most recent call last):
  File "/home/airflow/.local/lib/python3.12/site-packages/airflow/models/taskinstance.py", line 465, in _execute_task
    result = _execute_callable(context=context, **execute_callable_kwargs)
             ^^^^^^^^^^^^^^^^^^^^^^^^^^^^^^^^^^^^^^^^^^^^^^^^^^^^^^^^^^^^^
  File "/home/airflow/.local/lib/python3.12/site-packages/airflow/models/taskinstance.py", line 432, in _execute_callable
    return execute_callable(context=context, **execute_callable_kwargs)
           ^^^^^^^^^^^^^^^^^^^^^^^^^^^^^^^^^^^^^^^^^^^^^^^^^^^^^^^^^^^^
  File "/home/airflow/.local/lib/python3.12/site-packages/airflow/models/baseoperator.py", line 401, in wrapper
    return func(self, *args, **kwargs)
           ^^^^^^^^^^^^^^^^^^^^^^^^^^^
  File "/home/airflow/.local/lib/python3.12/site-packages/airflow/decorators/base.py", line 265, in execute
    return_value = super().execute(context)
                   ^^^^^^^^^^^^^^^^^^^^^^^^
  File "/home/airflow/.local/lib/python3.12/site-packages/airflow/models/baseoperator.py", line 401, in wrapper
    return func(self, *args, **kwargs)
           ^^^^^^^^^^^^^^^^^^^^^^^^^^^
  File "/home/airflow/.local/lib/python3.12/site-packages/airflow/operators/python.py", line 235, in execute
    return_value = self.execute_callable()
                   ^^^^^^^^^^^^^^^^^^^^^^^
  File "/home/airflow/.local/lib/python3.12/site-packages/airflow/operators/python.py", line 252, in execute_callable
    return self.python_callable(*self.op_args, **self.op_kwargs)
           ^^^^^^^^^^^^^^^^^^^^^^^^^^^^^^^^^^^^^^^^^^^^^^^^^^^^^
  File "/opt/airflow/dags/datawarehouse/dwh.py", line 52, in staging_table
    raise e
  File "/opt/airflow/dags/datawarehouse/dwh.py", line 33, in staging_table
    insert_rows(cur, conn, schema, [row])
  File "/opt/airflow/dags/datawarehouse/data_modification.py", line 25, in insert_rows
    logger.error(f"Error inserting row with Video_Id: {row.get(video_id, 'unknown')} - {e}")
                                                       ^^^^^^^
AttributeError: 'list' object has no attribute 'get'
[2026-02-18T23:31:12.883+0000] {taskinstance.py:1206} INFO - Marking task as UP_FOR_RETRY. dag_id=update_db, task_id=staging_table, run_id=manual__2026-02-18T23:26:10.309567+00:00, execution_date=20260218T232610, start_date=20260218T233112, end_date=20260218T233112
[2026-02-18T23:31:12.899+0000] {standard_task_runner.py:110} ERROR - Failed to execute job 54 for task staging_table ('list' object has no attribute 'get'; 546)
[2026-02-18T23:31:12.909+0000] {local_task_job_runner.py:240} INFO - Task exited with return code 1
[2026-02-18T23:31:12.930+0000] {taskinstance.py:3503} INFO - 0 downstream tasks scheduled from follow-on schedule check
[2026-02-18T23:31:12.933+0000] {local_task_job_runner.py:222} INFO - ::endgroup::
