[2026-02-19T19:38:25.158+0000] {local_task_job_runner.py:120} INFO - ::group::Pre task execution logs
[2026-02-19T19:38:25.244+0000] {taskinstance.py:2076} INFO - Dependencies all met for dep_context=non-requeueable deps ti=<TaskInstance: update_db.staging_table scheduled__2026-02-18T15:00:00+00:00 [queued]>
[2026-02-19T19:38:25.270+0000] {taskinstance.py:2076} INFO - Dependencies all met for dep_context=requeueable deps ti=<TaskInstance: update_db.staging_table scheduled__2026-02-18T15:00:00+00:00 [queued]>
[2026-02-19T19:38:25.272+0000] {taskinstance.py:2306} INFO - Starting attempt 1 of 3
[2026-02-19T19:38:25.335+0000] {taskinstance.py:2330} INFO - Executing <Task(_PythonDecoratedOperator): staging_table> on 2026-02-18 15:00:00+00:00
[2026-02-19T19:38:25.398+0000] {warnings.py:112} WARNING - /home/airflow/.local/lib/python3.12/site-packages/airflow/task/task_runner/standard_task_runner.py:61: DeprecationWarning: This process (pid=5910) is multi-threaded, use of fork() may lead to deadlocks in the child.
  pid = os.fork()

[2026-02-19T19:38:25.410+0000] {standard_task_runner.py:63} INFO - Started process 5911 to run task
[2026-02-19T19:38:25.402+0000] {standard_task_runner.py:90} INFO - Running: ['airflow', 'tasks', 'run', 'update_db', 'staging_table', 'scheduled__2026-02-18T15:00:00+00:00', '--job-id', '57', '--raw', '--subdir', 'DAGS_FOLDER/main.py', '--cfg-path', '/tmp/tmpwkyx_fz0']
[2026-02-19T19:38:25.435+0000] {standard_task_runner.py:91} INFO - Job 57: Subtask staging_table
[2026-02-19T19:38:25.708+0000] {task_command.py:426} INFO - Running <TaskInstance: update_db.staging_table scheduled__2026-02-18T15:00:00+00:00 [running]> on host dad303c8dd6b
[2026-02-19T22:28:16.502+0000] {taskinstance.py:2648} INFO - Exporting env vars: AIRFLOW_CTX_DAG_EMAIL='data@engineers.com' AIRFLOW_CTX_DAG_OWNER='dataengineers' AIRFLOW_CTX_DAG_ID='update_db' AIRFLOW_CTX_TASK_ID='staging_table' AIRFLOW_CTX_EXECUTION_DATE='2026-02-18T15:00:00+00:00' AIRFLOW_CTX_TRY_NUMBER='1' AIRFLOW_CTX_DAG_RUN_ID='scheduled__2026-02-18T15:00:00+00:00'
[2026-02-19T22:28:16.510+0000] {taskinstance.py:430} INFO - ::endgroup::
[2026-02-19T22:28:16.621+0000] {data_utils.py:20} INFO - Database connection established
[2026-02-19T22:28:16.635+0000] {data_loading.py:18} INFO - Loading data from /opt/airflow/data/YT_data_2026-02-18.json
[2026-02-19T22:28:16.719+0000] {data_loading.py:23} INFO - Loaded 945 records from JSON
[2026-02-19T22:28:16.825+0000] {data_utils.py:20} INFO - Database connection established
[2026-02-19T22:28:16.831+0000] {data_utils.py:43} INFO - Schema 'staging' created or already exists
[2026-02-19T22:28:16.832+0000] {data_utils.py:33} INFO - Database connection closed
[2026-02-19T22:28:16.918+0000] {data_utils.py:20} INFO - Database connection established
[2026-02-19T22:28:16.923+0000] {data_utils.py:76} INFO - Table 'staging.yt_api' created or already exists
[2026-02-19T22:28:16.926+0000] {data_utils.py:33} INFO - Database connection closed
[2026-02-19T22:28:16.933+0000] {data_utils.py:89} INFO - Retrieved 0 video IDs from staging
[2026-02-19T22:28:16.942+0000] {data_modification.py:25} ERROR - Error inserting row with Video_Id: hjkbqeWQAM8 - column "Video_Id" of relation "yt_api" does not exist
LINE 1: INSERT INTO staging.yt_api ("Video_Id", "Video_Title", "Uplo...
                                    ^

[2026-02-19T22:28:16.943+0000] {dwh.py:51} ERROR - An error occured during the update of staging table: column "Video_Id" of relation "yt_api" does not exist
LINE 1: INSERT INTO staging.yt_api ("Video_Id", "Video_Title", "Uplo...
                                    ^

[2026-02-19T22:28:16.944+0000] {data_utils.py:33} INFO - Database connection closed
[2026-02-19T22:28:16.946+0000] {taskinstance.py:441} INFO - ::group::Post task execution logs
[2026-02-19T22:28:16.949+0000] {taskinstance.py:2905} ERROR - Task failed with exception
Traceback (most recent call last):
  File "/home/airflow/.local/lib/python3.12/site-packages/airflow/models/taskinstance.py", line 465, in _execute_task
    result = _execute_callable(context=context, **execute_callable_kwargs)
             ^^^^^^^^^^^^^^^^^^^^^^^^^^^^^^^^^^^^^^^^^^^^^^^^^^^^^^^^^^^^^
  File "/home/airflow/.local/lib/python3.12/site-packages/airflow/models/taskinstance.py", line 432, in _execute_callable
    return execute_callable(context=context, **execute_callable_kwargs)
           ^^^^^^^^^^^^^^^^^^^^^^^^^^^^^^^^^^^^^^^^^^^^^^^^^^^^^^^^^^^^
  File "/home/airflow/.local/lib/python3.12/site-packages/airflow/models/baseoperator.py", line 401, in wrapper
    return func(self, *args, **kwargs)
           ^^^^^^^^^^^^^^^^^^^^^^^^^^^
  File "/home/airflow/.local/lib/python3.12/site-packages/airflow/decorators/base.py", line 265, in execute
    return_value = super().execute(context)
                   ^^^^^^^^^^^^^^^^^^^^^^^^
  File "/home/airflow/.local/lib/python3.12/site-packages/airflow/models/baseoperator.py", line 401, in wrapper
    return func(self, *args, **kwargs)
           ^^^^^^^^^^^^^^^^^^^^^^^^^^^
  File "/home/airflow/.local/lib/python3.12/site-packages/airflow/operators/python.py", line 235, in execute
    return_value = self.execute_callable()
                   ^^^^^^^^^^^^^^^^^^^^^^^
  File "/home/airflow/.local/lib/python3.12/site-packages/airflow/operators/python.py", line 252, in execute_callable
    return self.python_callable(*self.op_args, **self.op_kwargs)
           ^^^^^^^^^^^^^^^^^^^^^^^^^^^^^^^^^^^^^^^^^^^^^^^^^^^^^
  File "/opt/airflow/dags/datawarehouse/dwh.py", line 52, in staging_table
    raise e
  File "/opt/airflow/dags/datawarehouse/dwh.py", line 33, in staging_table
    insert_rows(cur, conn, schema, row)
  File "/opt/airflow/dags/datawarehouse/data_modification.py", line 26, in insert_rows
    raise e
  File "/opt/airflow/dags/datawarehouse/data_modification.py", line 10, in insert_rows
    cur.execute(
  File "/home/airflow/.local/lib/python3.12/site-packages/psycopg2/extras.py", line 236, in execute
    return super().execute(query, vars)
           ^^^^^^^^^^^^^^^^^^^^^^^^^^^^
psycopg2.errors.UndefinedColumn: column "Video_Id" of relation "yt_api" does not exist
LINE 1: INSERT INTO staging.yt_api ("Video_Id", "Video_Title", "Uplo...
                                    ^

[2026-02-19T22:28:17.015+0000] {taskinstance.py:1206} INFO - Marking task as UP_FOR_RETRY. dag_id=update_db, task_id=staging_table, run_id=scheduled__2026-02-18T15:00:00+00:00, execution_date=20260218T150000, start_date=20260219T193825, end_date=20260219T222817
[2026-02-19T22:28:17.056+0000] {standard_task_runner.py:110} ERROR - Failed to execute job 57 for task staging_table (column "Video_Id" of relation "yt_api" does not exist
LINE 1: INSERT INTO staging.yt_api ("Video_Id", "Video_Title", "Uplo...
                                    ^
; 5911)
[2026-02-19T22:28:17.128+0000] {local_task_job_runner.py:240} INFO - Task exited with return code 1
[2026-02-19T22:28:17.205+0000] {taskinstance.py:3503} INFO - 0 downstream tasks scheduled from follow-on schedule check
[2026-02-19T22:28:17.210+0000] {local_task_job_runner.py:222} INFO - ::endgroup::
[2026-02-19T23:45:28.200+0000] {local_task_job_runner.py:120} INFO - ::group::Pre task execution logs
[2026-02-19T23:45:28.229+0000] {taskinstance.py:2076} INFO - Dependencies all met for dep_context=non-requeueable deps ti=<TaskInstance: update_db.staging_table scheduled__2026-02-18T15:00:00+00:00 [queued]>
[2026-02-19T23:45:28.239+0000] {taskinstance.py:2076} INFO - Dependencies all met for dep_context=requeueable deps ti=<TaskInstance: update_db.staging_table scheduled__2026-02-18T15:00:00+00:00 [queued]>
[2026-02-19T23:45:28.240+0000] {taskinstance.py:2306} INFO - Starting attempt 1 of 3
[2026-02-19T23:45:28.261+0000] {taskinstance.py:2330} INFO - Executing <Task(_PythonDecoratedOperator): staging_table> on 2026-02-18 15:00:00+00:00
[2026-02-19T23:45:28.271+0000] {warnings.py:112} WARNING - /home/airflow/.local/lib/python3.12/site-packages/airflow/task/task_runner/standard_task_runner.py:61: DeprecationWarning: This process (pid=295) is multi-threaded, use of fork() may lead to deadlocks in the child.
  pid = os.fork()

[2026-02-19T23:45:28.273+0000] {standard_task_runner.py:63} INFO - Started process 296 to run task
[2026-02-19T23:45:28.273+0000] {standard_task_runner.py:90} INFO - Running: ['airflow', 'tasks', 'run', 'update_db', 'staging_table', 'scheduled__2026-02-18T15:00:00+00:00', '--job-id', '108', '--raw', '--subdir', 'DAGS_FOLDER/main.py', '--cfg-path', '/tmp/tmpu70kdtn0']
[2026-02-19T23:45:28.275+0000] {standard_task_runner.py:91} INFO - Job 108: Subtask staging_table
[2026-02-19T23:45:28.382+0000] {task_command.py:426} INFO - Running <TaskInstance: update_db.staging_table scheduled__2026-02-18T15:00:00+00:00 [running]> on host dad303c8dd6b
[2026-02-19T23:45:28.547+0000] {taskinstance.py:2648} INFO - Exporting env vars: AIRFLOW_CTX_DAG_EMAIL='data@engineers.com' AIRFLOW_CTX_DAG_OWNER='dataengineers' AIRFLOW_CTX_DAG_ID='update_db' AIRFLOW_CTX_TASK_ID='staging_table' AIRFLOW_CTX_EXECUTION_DATE='2026-02-18T15:00:00+00:00' AIRFLOW_CTX_TRY_NUMBER='1' AIRFLOW_CTX_DAG_RUN_ID='scheduled__2026-02-18T15:00:00+00:00'
[2026-02-19T23:45:28.550+0000] {taskinstance.py:430} INFO - ::endgroup::
[2026-02-19T23:45:28.614+0000] {data_utils.py:20} INFO - Database connection established
[2026-02-19T23:45:28.619+0000] {data_loading.py:18} INFO - Loading data from /opt/airflow/data/YT_data_2026-02-19.json
[2026-02-19T23:45:28.631+0000] {data_loading.py:23} INFO - Loaded 945 records from JSON
[2026-02-19T23:45:28.687+0000] {data_utils.py:20} INFO - Database connection established
[2026-02-19T23:45:28.689+0000] {data_utils.py:43} INFO - Schema 'staging' created or already exists
[2026-02-19T23:45:28.690+0000] {data_utils.py:33} INFO - Database connection closed
[2026-02-19T23:45:28.730+0000] {data_utils.py:20} INFO - Database connection established
[2026-02-19T23:45:28.732+0000] {data_utils.py:76} INFO - Table 'staging.yt_api' created or already exists
[2026-02-19T23:45:28.733+0000] {data_utils.py:33} INFO - Database connection closed
[2026-02-19T23:45:28.734+0000] {data_utils.py:89} INFO - Retrieved 0 video IDs from staging
[2026-02-19T23:45:28.735+0000] {data_modification.py:25} ERROR - Error inserting row with Video_Id: hjkbqeWQAM8 - column "Video_Id" of relation "yt_api" does not exist
LINE 1: INSERT INTO staging.yt_api ("Video_Id", "Video_Title", "Uplo...
                                    ^

[2026-02-19T23:45:28.736+0000] {dwh.py:51} ERROR - An error occured during the update of staging table: column "Video_Id" of relation "yt_api" does not exist
LINE 1: INSERT INTO staging.yt_api ("Video_Id", "Video_Title", "Uplo...
                                    ^

[2026-02-19T23:45:28.736+0000] {data_utils.py:33} INFO - Database connection closed
[2026-02-19T23:45:28.737+0000] {taskinstance.py:441} INFO - ::group::Post task execution logs
[2026-02-19T23:45:28.738+0000] {taskinstance.py:2905} ERROR - Task failed with exception
Traceback (most recent call last):
  File "/home/airflow/.local/lib/python3.12/site-packages/airflow/models/taskinstance.py", line 465, in _execute_task
    result = _execute_callable(context=context, **execute_callable_kwargs)
             ^^^^^^^^^^^^^^^^^^^^^^^^^^^^^^^^^^^^^^^^^^^^^^^^^^^^^^^^^^^^^
  File "/home/airflow/.local/lib/python3.12/site-packages/airflow/models/taskinstance.py", line 432, in _execute_callable
    return execute_callable(context=context, **execute_callable_kwargs)
           ^^^^^^^^^^^^^^^^^^^^^^^^^^^^^^^^^^^^^^^^^^^^^^^^^^^^^^^^^^^^
  File "/home/airflow/.local/lib/python3.12/site-packages/airflow/models/baseoperator.py", line 401, in wrapper
    return func(self, *args, **kwargs)
           ^^^^^^^^^^^^^^^^^^^^^^^^^^^
  File "/home/airflow/.local/lib/python3.12/site-packages/airflow/decorators/base.py", line 265, in execute
    return_value = super().execute(context)
                   ^^^^^^^^^^^^^^^^^^^^^^^^
  File "/home/airflow/.local/lib/python3.12/site-packages/airflow/models/baseoperator.py", line 401, in wrapper
    return func(self, *args, **kwargs)
           ^^^^^^^^^^^^^^^^^^^^^^^^^^^
  File "/home/airflow/.local/lib/python3.12/site-packages/airflow/operators/python.py", line 235, in execute
    return_value = self.execute_callable()
                   ^^^^^^^^^^^^^^^^^^^^^^^
  File "/home/airflow/.local/lib/python3.12/site-packages/airflow/operators/python.py", line 252, in execute_callable
    return self.python_callable(*self.op_args, **self.op_kwargs)
           ^^^^^^^^^^^^^^^^^^^^^^^^^^^^^^^^^^^^^^^^^^^^^^^^^^^^^
  File "/opt/airflow/dags/datawarehouse/dwh.py", line 52, in staging_table
    raise e
  File "/opt/airflow/dags/datawarehouse/dwh.py", line 33, in staging_table
    insert_rows(cur, conn, schema, row)
  File "/opt/airflow/dags/datawarehouse/data_modification.py", line 26, in insert_rows
    raise e
  File "/opt/airflow/dags/datawarehouse/data_modification.py", line 10, in insert_rows
    cur.execute(
  File "/home/airflow/.local/lib/python3.12/site-packages/psycopg2/extras.py", line 236, in execute
    return super().execute(query, vars)
           ^^^^^^^^^^^^^^^^^^^^^^^^^^^^
psycopg2.errors.UndefinedColumn: column "Video_Id" of relation "yt_api" does not exist
LINE 1: INSERT INTO staging.yt_api ("Video_Id", "Video_Title", "Uplo...
                                    ^

[2026-02-19T23:45:28.762+0000] {taskinstance.py:1206} INFO - Marking task as UP_FOR_RETRY. dag_id=update_db, task_id=staging_table, run_id=scheduled__2026-02-18T15:00:00+00:00, execution_date=20260218T150000, start_date=20260219T234528, end_date=20260219T234528
[2026-02-19T23:45:28.781+0000] {standard_task_runner.py:110} ERROR - Failed to execute job 108 for task staging_table (column "Video_Id" of relation "yt_api" does not exist
LINE 1: INSERT INTO staging.yt_api ("Video_Id", "Video_Title", "Uplo...
                                    ^
; 296)
[2026-02-19T23:45:28.812+0000] {local_task_job_runner.py:240} INFO - Task exited with return code 1
[2026-02-19T23:45:28.844+0000] {taskinstance.py:3503} INFO - 0 downstream tasks scheduled from follow-on schedule check
[2026-02-19T23:45:28.848+0000] {local_task_job_runner.py:222} INFO - ::endgroup::
