[2026-02-19T22:33:18.700+0000] {local_task_job_runner.py:120} INFO - ::group::Pre task execution logs
[2026-02-19T22:33:18.745+0000] {taskinstance.py:2076} INFO - Dependencies all met for dep_context=non-requeueable deps ti=<TaskInstance: update_db.staging_table scheduled__2026-02-18T15:00:00+00:00 [queued]>
[2026-02-19T22:33:18.757+0000] {taskinstance.py:2076} INFO - Dependencies all met for dep_context=requeueable deps ti=<TaskInstance: update_db.staging_table scheduled__2026-02-18T15:00:00+00:00 [queued]>
[2026-02-19T22:33:18.758+0000] {taskinstance.py:2306} INFO - Starting attempt 2 of 3
[2026-02-19T22:33:18.776+0000] {taskinstance.py:2330} INFO - Executing <Task(_PythonDecoratedOperator): staging_table> on 2026-02-18 15:00:00+00:00
[2026-02-19T22:33:18.786+0000] {warnings.py:112} WARNING - /home/airflow/.local/lib/python3.12/site-packages/airflow/task/task_runner/standard_task_runner.py:61: DeprecationWarning: This process (pid=5977) is multi-threaded, use of fork() may lead to deadlocks in the child.
  pid = os.fork()

[2026-02-19T22:33:18.787+0000] {standard_task_runner.py:90} INFO - Running: ['airflow', 'tasks', 'run', 'update_db', 'staging_table', 'scheduled__2026-02-18T15:00:00+00:00', '--job-id', '59', '--raw', '--subdir', 'DAGS_FOLDER/main.py', '--cfg-path', '/tmp/tmp0orknm92']
[2026-02-19T22:33:18.789+0000] {standard_task_runner.py:63} INFO - Started process 5978 to run task
[2026-02-19T22:33:18.789+0000] {standard_task_runner.py:91} INFO - Job 59: Subtask staging_table
[2026-02-19T22:33:18.887+0000] {task_command.py:426} INFO - Running <TaskInstance: update_db.staging_table scheduled__2026-02-18T15:00:00+00:00 [running]> on host dad303c8dd6b
[2026-02-19T22:33:19.024+0000] {taskinstance.py:2648} INFO - Exporting env vars: AIRFLOW_CTX_DAG_EMAIL='data@engineers.com' AIRFLOW_CTX_DAG_OWNER='dataengineers' AIRFLOW_CTX_DAG_ID='update_db' AIRFLOW_CTX_TASK_ID='staging_table' AIRFLOW_CTX_EXECUTION_DATE='2026-02-18T15:00:00+00:00' AIRFLOW_CTX_TRY_NUMBER='2' AIRFLOW_CTX_DAG_RUN_ID='scheduled__2026-02-18T15:00:00+00:00'
[2026-02-19T22:33:19.027+0000] {taskinstance.py:430} INFO - ::endgroup::
[2026-02-19T22:33:19.088+0000] {data_utils.py:20} INFO - Database connection established
[2026-02-19T22:33:19.093+0000] {data_loading.py:18} INFO - Loading data from /opt/airflow/data/YT_data_2026-02-18.json
[2026-02-19T22:33:19.135+0000] {data_loading.py:23} INFO - Loaded 945 records from JSON
[2026-02-19T22:33:19.178+0000] {data_utils.py:20} INFO - Database connection established
[2026-02-19T22:33:19.180+0000] {data_utils.py:43} INFO - Schema 'staging' created or already exists
[2026-02-19T22:33:19.181+0000] {data_utils.py:33} INFO - Database connection closed
[2026-02-19T22:33:19.224+0000] {data_utils.py:20} INFO - Database connection established
[2026-02-19T22:33:19.226+0000] {data_utils.py:76} INFO - Table 'staging.yt_api' created or already exists
[2026-02-19T22:33:19.227+0000] {data_utils.py:33} INFO - Database connection closed
[2026-02-19T22:33:19.231+0000] {data_utils.py:89} INFO - Retrieved 0 video IDs from staging
[2026-02-19T22:33:19.233+0000] {data_modification.py:25} ERROR - Error inserting row with Video_Id: hjkbqeWQAM8 - column "Video_Id" of relation "yt_api" does not exist
LINE 1: INSERT INTO staging.yt_api ("Video_Id", "Video_Title", "Uplo...
                                    ^

[2026-02-19T22:33:19.234+0000] {dwh.py:51} ERROR - An error occured during the update of staging table: column "Video_Id" of relation "yt_api" does not exist
LINE 1: INSERT INTO staging.yt_api ("Video_Id", "Video_Title", "Uplo...
                                    ^

[2026-02-19T22:33:19.234+0000] {data_utils.py:33} INFO - Database connection closed
[2026-02-19T22:33:19.235+0000] {taskinstance.py:441} INFO - ::group::Post task execution logs
[2026-02-19T22:33:19.236+0000] {taskinstance.py:2905} ERROR - Task failed with exception
Traceback (most recent call last):
  File "/home/airflow/.local/lib/python3.12/site-packages/airflow/models/taskinstance.py", line 465, in _execute_task
    result = _execute_callable(context=context, **execute_callable_kwargs)
             ^^^^^^^^^^^^^^^^^^^^^^^^^^^^^^^^^^^^^^^^^^^^^^^^^^^^^^^^^^^^^
  File "/home/airflow/.local/lib/python3.12/site-packages/airflow/models/taskinstance.py", line 432, in _execute_callable
    return execute_callable(context=context, **execute_callable_kwargs)
           ^^^^^^^^^^^^^^^^^^^^^^^^^^^^^^^^^^^^^^^^^^^^^^^^^^^^^^^^^^^^
  File "/home/airflow/.local/lib/python3.12/site-packages/airflow/models/baseoperator.py", line 401, in wrapper
    return func(self, *args, **kwargs)
           ^^^^^^^^^^^^^^^^^^^^^^^^^^^
  File "/home/airflow/.local/lib/python3.12/site-packages/airflow/decorators/base.py", line 265, in execute
    return_value = super().execute(context)
                   ^^^^^^^^^^^^^^^^^^^^^^^^
  File "/home/airflow/.local/lib/python3.12/site-packages/airflow/models/baseoperator.py", line 401, in wrapper
    return func(self, *args, **kwargs)
           ^^^^^^^^^^^^^^^^^^^^^^^^^^^
  File "/home/airflow/.local/lib/python3.12/site-packages/airflow/operators/python.py", line 235, in execute
    return_value = self.execute_callable()
                   ^^^^^^^^^^^^^^^^^^^^^^^
  File "/home/airflow/.local/lib/python3.12/site-packages/airflow/operators/python.py", line 252, in execute_callable
    return self.python_callable(*self.op_args, **self.op_kwargs)
           ^^^^^^^^^^^^^^^^^^^^^^^^^^^^^^^^^^^^^^^^^^^^^^^^^^^^^
  File "/opt/airflow/dags/datawarehouse/dwh.py", line 52, in staging_table
    raise e
  File "/opt/airflow/dags/datawarehouse/dwh.py", line 33, in staging_table
    insert_rows(cur, conn, schema, row)
  File "/opt/airflow/dags/datawarehouse/data_modification.py", line 26, in insert_rows
    raise e
  File "/opt/airflow/dags/datawarehouse/data_modification.py", line 10, in insert_rows
    cur.execute(
  File "/home/airflow/.local/lib/python3.12/site-packages/psycopg2/extras.py", line 236, in execute
    return super().execute(query, vars)
           ^^^^^^^^^^^^^^^^^^^^^^^^^^^^
psycopg2.errors.UndefinedColumn: column "Video_Id" of relation "yt_api" does not exist
LINE 1: INSERT INTO staging.yt_api ("Video_Id", "Video_Title", "Uplo...
                                    ^

[2026-02-19T22:33:19.271+0000] {taskinstance.py:1206} INFO - Marking task as UP_FOR_RETRY. dag_id=update_db, task_id=staging_table, run_id=scheduled__2026-02-18T15:00:00+00:00, execution_date=20260218T150000, start_date=20260219T223318, end_date=20260219T223319
[2026-02-19T22:33:19.291+0000] {standard_task_runner.py:110} ERROR - Failed to execute job 59 for task staging_table (column "Video_Id" of relation "yt_api" does not exist
LINE 1: INSERT INTO staging.yt_api ("Video_Id", "Video_Title", "Uplo...
                                    ^
; 5978)
[2026-02-19T22:33:19.326+0000] {local_task_job_runner.py:240} INFO - Task exited with return code 1
[2026-02-19T22:33:19.375+0000] {taskinstance.py:3503} INFO - 0 downstream tasks scheduled from follow-on schedule check
[2026-02-19T22:33:19.379+0000] {local_task_job_runner.py:222} INFO - ::endgroup::
[2026-02-19T23:50:30.011+0000] {local_task_job_runner.py:120} INFO - ::group::Pre task execution logs
[2026-02-19T23:50:30.044+0000] {taskinstance.py:2076} INFO - Dependencies all met for dep_context=non-requeueable deps ti=<TaskInstance: update_db.staging_table scheduled__2026-02-18T15:00:00+00:00 [queued]>
[2026-02-19T23:50:30.058+0000] {taskinstance.py:2076} INFO - Dependencies all met for dep_context=requeueable deps ti=<TaskInstance: update_db.staging_table scheduled__2026-02-18T15:00:00+00:00 [queued]>
[2026-02-19T23:50:30.059+0000] {taskinstance.py:2306} INFO - Starting attempt 2 of 3
[2026-02-19T23:50:30.123+0000] {taskinstance.py:2330} INFO - Executing <Task(_PythonDecoratedOperator): staging_table> on 2026-02-18 15:00:00+00:00
[2026-02-19T23:50:30.132+0000] {warnings.py:112} WARNING - /home/airflow/.local/lib/python3.12/site-packages/airflow/task/task_runner/standard_task_runner.py:61: DeprecationWarning: This process (pid=363) is multi-threaded, use of fork() may lead to deadlocks in the child.
  pid = os.fork()

[2026-02-19T23:50:30.134+0000] {standard_task_runner.py:90} INFO - Running: ['airflow', 'tasks', 'run', 'update_db', 'staging_table', 'scheduled__2026-02-18T15:00:00+00:00', '--job-id', '110', '--raw', '--subdir', 'DAGS_FOLDER/main.py', '--cfg-path', '/tmp/tmpu6miady0']
[2026-02-19T23:50:30.135+0000] {standard_task_runner.py:63} INFO - Started process 371 to run task
[2026-02-19T23:50:30.135+0000] {standard_task_runner.py:91} INFO - Job 110: Subtask staging_table
[2026-02-19T23:50:30.241+0000] {task_command.py:426} INFO - Running <TaskInstance: update_db.staging_table scheduled__2026-02-18T15:00:00+00:00 [running]> on host dad303c8dd6b
[2026-02-19T23:50:30.359+0000] {taskinstance.py:2648} INFO - Exporting env vars: AIRFLOW_CTX_DAG_EMAIL='data@engineers.com' AIRFLOW_CTX_DAG_OWNER='dataengineers' AIRFLOW_CTX_DAG_ID='update_db' AIRFLOW_CTX_TASK_ID='staging_table' AIRFLOW_CTX_EXECUTION_DATE='2026-02-18T15:00:00+00:00' AIRFLOW_CTX_TRY_NUMBER='2' AIRFLOW_CTX_DAG_RUN_ID='scheduled__2026-02-18T15:00:00+00:00'
[2026-02-19T23:50:30.363+0000] {taskinstance.py:430} INFO - ::endgroup::
[2026-02-19T23:50:30.410+0000] {data_utils.py:20} INFO - Database connection established
[2026-02-19T23:50:30.415+0000] {data_loading.py:18} INFO - Loading data from /opt/airflow/data/YT_data_2026-02-19.json
[2026-02-19T23:50:30.425+0000] {data_loading.py:23} INFO - Loaded 945 records from JSON
[2026-02-19T23:50:30.471+0000] {data_utils.py:20} INFO - Database connection established
[2026-02-19T23:50:30.473+0000] {data_utils.py:43} INFO - Schema 'staging' created or already exists
[2026-02-19T23:50:30.474+0000] {data_utils.py:33} INFO - Database connection closed
[2026-02-19T23:50:30.517+0000] {data_utils.py:20} INFO - Database connection established
[2026-02-19T23:50:30.519+0000] {data_utils.py:76} INFO - Table 'staging.yt_api' created or already exists
[2026-02-19T23:50:30.520+0000] {data_utils.py:33} INFO - Database connection closed
[2026-02-19T23:50:30.523+0000] {data_utils.py:89} INFO - Retrieved 0 video IDs from staging
[2026-02-19T23:50:30.525+0000] {data_modification.py:25} ERROR - Error inserting row with Video_Id: hjkbqeWQAM8 - column "Video_Id" of relation "yt_api" does not exist
LINE 1: INSERT INTO staging.yt_api ("Video_Id", "Video_Title", "Uplo...
                                    ^

[2026-02-19T23:50:30.526+0000] {dwh.py:51} ERROR - An error occured during the update of staging table: column "Video_Id" of relation "yt_api" does not exist
LINE 1: INSERT INTO staging.yt_api ("Video_Id", "Video_Title", "Uplo...
                                    ^

[2026-02-19T23:50:30.526+0000] {data_utils.py:33} INFO - Database connection closed
[2026-02-19T23:50:30.527+0000] {taskinstance.py:441} INFO - ::group::Post task execution logs
[2026-02-19T23:50:30.528+0000] {taskinstance.py:2905} ERROR - Task failed with exception
Traceback (most recent call last):
  File "/home/airflow/.local/lib/python3.12/site-packages/airflow/models/taskinstance.py", line 465, in _execute_task
    result = _execute_callable(context=context, **execute_callable_kwargs)
             ^^^^^^^^^^^^^^^^^^^^^^^^^^^^^^^^^^^^^^^^^^^^^^^^^^^^^^^^^^^^^
  File "/home/airflow/.local/lib/python3.12/site-packages/airflow/models/taskinstance.py", line 432, in _execute_callable
    return execute_callable(context=context, **execute_callable_kwargs)
           ^^^^^^^^^^^^^^^^^^^^^^^^^^^^^^^^^^^^^^^^^^^^^^^^^^^^^^^^^^^^
  File "/home/airflow/.local/lib/python3.12/site-packages/airflow/models/baseoperator.py", line 401, in wrapper
    return func(self, *args, **kwargs)
           ^^^^^^^^^^^^^^^^^^^^^^^^^^^
  File "/home/airflow/.local/lib/python3.12/site-packages/airflow/decorators/base.py", line 265, in execute
    return_value = super().execute(context)
                   ^^^^^^^^^^^^^^^^^^^^^^^^
  File "/home/airflow/.local/lib/python3.12/site-packages/airflow/models/baseoperator.py", line 401, in wrapper
    return func(self, *args, **kwargs)
           ^^^^^^^^^^^^^^^^^^^^^^^^^^^
  File "/home/airflow/.local/lib/python3.12/site-packages/airflow/operators/python.py", line 235, in execute
    return_value = self.execute_callable()
                   ^^^^^^^^^^^^^^^^^^^^^^^
  File "/home/airflow/.local/lib/python3.12/site-packages/airflow/operators/python.py", line 252, in execute_callable
    return self.python_callable(*self.op_args, **self.op_kwargs)
           ^^^^^^^^^^^^^^^^^^^^^^^^^^^^^^^^^^^^^^^^^^^^^^^^^^^^^
  File "/opt/airflow/dags/datawarehouse/dwh.py", line 52, in staging_table
    raise e
  File "/opt/airflow/dags/datawarehouse/dwh.py", line 33, in staging_table
    insert_rows(cur, conn, schema, row)
  File "/opt/airflow/dags/datawarehouse/data_modification.py", line 26, in insert_rows
    raise e
  File "/opt/airflow/dags/datawarehouse/data_modification.py", line 10, in insert_rows
    cur.execute(
  File "/home/airflow/.local/lib/python3.12/site-packages/psycopg2/extras.py", line 236, in execute
    return super().execute(query, vars)
           ^^^^^^^^^^^^^^^^^^^^^^^^^^^^
psycopg2.errors.UndefinedColumn: column "Video_Id" of relation "yt_api" does not exist
LINE 1: INSERT INTO staging.yt_api ("Video_Id", "Video_Title", "Uplo...
                                    ^

[2026-02-19T23:50:30.552+0000] {taskinstance.py:1206} INFO - Marking task as UP_FOR_RETRY. dag_id=update_db, task_id=staging_table, run_id=scheduled__2026-02-18T15:00:00+00:00, execution_date=20260218T150000, start_date=20260219T235030, end_date=20260219T235030
[2026-02-19T23:50:30.573+0000] {standard_task_runner.py:110} ERROR - Failed to execute job 110 for task staging_table (column "Video_Id" of relation "yt_api" does not exist
LINE 1: INSERT INTO staging.yt_api ("Video_Id", "Video_Title", "Uplo...
                                    ^
; 371)
[2026-02-19T23:50:30.591+0000] {local_task_job_runner.py:240} INFO - Task exited with return code 1
[2026-02-19T23:50:30.630+0000] {taskinstance.py:3503} INFO - 0 downstream tasks scheduled from follow-on schedule check
[2026-02-19T23:50:30.633+0000] {local_task_job_runner.py:222} INFO - ::endgroup::
