[2026-02-19T22:38:21.009+0000] {local_task_job_runner.py:120} INFO - ::group::Pre task execution logs
[2026-02-19T22:38:21.043+0000] {taskinstance.py:2076} INFO - Dependencies all met for dep_context=non-requeueable deps ti=<TaskInstance: update_db.staging_table scheduled__2026-02-18T15:00:00+00:00 [queued]>
[2026-02-19T22:38:21.054+0000] {taskinstance.py:2076} INFO - Dependencies all met for dep_context=requeueable deps ti=<TaskInstance: update_db.staging_table scheduled__2026-02-18T15:00:00+00:00 [queued]>
[2026-02-19T22:38:21.055+0000] {taskinstance.py:2306} INFO - Starting attempt 3 of 3
[2026-02-19T22:38:21.074+0000] {taskinstance.py:2330} INFO - Executing <Task(_PythonDecoratedOperator): staging_table> on 2026-02-18 15:00:00+00:00
[2026-02-19T22:38:21.081+0000] {warnings.py:112} WARNING - /home/airflow/.local/lib/python3.12/site-packages/airflow/task/task_runner/standard_task_runner.py:61: DeprecationWarning: This process (pid=6050) is multi-threaded, use of fork() may lead to deadlocks in the child.
  pid = os.fork()

[2026-02-19T22:38:21.083+0000] {standard_task_runner.py:63} INFO - Started process 6051 to run task
[2026-02-19T22:38:21.084+0000] {standard_task_runner.py:90} INFO - Running: ['airflow', 'tasks', 'run', 'update_db', 'staging_table', 'scheduled__2026-02-18T15:00:00+00:00', '--job-id', '64', '--raw', '--subdir', 'DAGS_FOLDER/main.py', '--cfg-path', '/tmp/tmpx8i8xd2l']
[2026-02-19T22:38:21.085+0000] {standard_task_runner.py:91} INFO - Job 64: Subtask staging_table
[2026-02-19T22:38:21.188+0000] {task_command.py:426} INFO - Running <TaskInstance: update_db.staging_table scheduled__2026-02-18T15:00:00+00:00 [running]> on host dad303c8dd6b
[2026-02-19T22:38:21.338+0000] {taskinstance.py:2648} INFO - Exporting env vars: AIRFLOW_CTX_DAG_EMAIL='data@engineers.com' AIRFLOW_CTX_DAG_OWNER='dataengineers' AIRFLOW_CTX_DAG_ID='update_db' AIRFLOW_CTX_TASK_ID='staging_table' AIRFLOW_CTX_EXECUTION_DATE='2026-02-18T15:00:00+00:00' AIRFLOW_CTX_TRY_NUMBER='3' AIRFLOW_CTX_DAG_RUN_ID='scheduled__2026-02-18T15:00:00+00:00'
[2026-02-19T22:38:21.340+0000] {taskinstance.py:430} INFO - ::endgroup::
[2026-02-19T22:38:21.390+0000] {data_utils.py:20} INFO - Database connection established
[2026-02-19T22:38:21.395+0000] {data_loading.py:18} INFO - Loading data from /opt/airflow/data/YT_data_2026-02-19.json
[2026-02-19T22:38:21.409+0000] {data_loading.py:23} INFO - Loaded 945 records from JSON
[2026-02-19T22:38:21.456+0000] {data_utils.py:20} INFO - Database connection established
[2026-02-19T22:38:21.458+0000] {data_utils.py:43} INFO - Schema 'staging' created or already exists
[2026-02-19T22:38:21.459+0000] {data_utils.py:33} INFO - Database connection closed
[2026-02-19T22:38:21.512+0000] {data_utils.py:20} INFO - Database connection established
[2026-02-19T22:38:21.514+0000] {data_utils.py:76} INFO - Table 'staging.yt_api' created or already exists
[2026-02-19T22:38:21.515+0000] {data_utils.py:33} INFO - Database connection closed
[2026-02-19T22:38:21.517+0000] {data_utils.py:89} INFO - Retrieved 0 video IDs from staging
[2026-02-19T22:38:21.518+0000] {data_modification.py:25} ERROR - Error inserting row with Video_Id: hjkbqeWQAM8 - column "Video_Id" of relation "yt_api" does not exist
LINE 1: INSERT INTO staging.yt_api ("Video_Id", "Video_Title", "Uplo...
                                    ^

[2026-02-19T22:38:21.519+0000] {dwh.py:51} ERROR - An error occured during the update of staging table: column "Video_Id" of relation "yt_api" does not exist
LINE 1: INSERT INTO staging.yt_api ("Video_Id", "Video_Title", "Uplo...
                                    ^

[2026-02-19T22:38:21.520+0000] {data_utils.py:33} INFO - Database connection closed
[2026-02-19T22:38:21.521+0000] {taskinstance.py:441} INFO - ::group::Post task execution logs
[2026-02-19T22:38:21.522+0000] {taskinstance.py:2905} ERROR - Task failed with exception
Traceback (most recent call last):
  File "/home/airflow/.local/lib/python3.12/site-packages/airflow/models/taskinstance.py", line 465, in _execute_task
    result = _execute_callable(context=context, **execute_callable_kwargs)
             ^^^^^^^^^^^^^^^^^^^^^^^^^^^^^^^^^^^^^^^^^^^^^^^^^^^^^^^^^^^^^
  File "/home/airflow/.local/lib/python3.12/site-packages/airflow/models/taskinstance.py", line 432, in _execute_callable
    return execute_callable(context=context, **execute_callable_kwargs)
           ^^^^^^^^^^^^^^^^^^^^^^^^^^^^^^^^^^^^^^^^^^^^^^^^^^^^^^^^^^^^
  File "/home/airflow/.local/lib/python3.12/site-packages/airflow/models/baseoperator.py", line 401, in wrapper
    return func(self, *args, **kwargs)
           ^^^^^^^^^^^^^^^^^^^^^^^^^^^
  File "/home/airflow/.local/lib/python3.12/site-packages/airflow/decorators/base.py", line 265, in execute
    return_value = super().execute(context)
                   ^^^^^^^^^^^^^^^^^^^^^^^^
  File "/home/airflow/.local/lib/python3.12/site-packages/airflow/models/baseoperator.py", line 401, in wrapper
    return func(self, *args, **kwargs)
           ^^^^^^^^^^^^^^^^^^^^^^^^^^^
  File "/home/airflow/.local/lib/python3.12/site-packages/airflow/operators/python.py", line 235, in execute
    return_value = self.execute_callable()
                   ^^^^^^^^^^^^^^^^^^^^^^^
  File "/home/airflow/.local/lib/python3.12/site-packages/airflow/operators/python.py", line 252, in execute_callable
    return self.python_callable(*self.op_args, **self.op_kwargs)
           ^^^^^^^^^^^^^^^^^^^^^^^^^^^^^^^^^^^^^^^^^^^^^^^^^^^^^
  File "/opt/airflow/dags/datawarehouse/dwh.py", line 52, in staging_table
    raise e
  File "/opt/airflow/dags/datawarehouse/dwh.py", line 33, in staging_table
    insert_rows(cur, conn, schema, row)
  File "/opt/airflow/dags/datawarehouse/data_modification.py", line 26, in insert_rows
    raise e
  File "/opt/airflow/dags/datawarehouse/data_modification.py", line 10, in insert_rows
    cur.execute(
  File "/home/airflow/.local/lib/python3.12/site-packages/psycopg2/extras.py", line 236, in execute
    return super().execute(query, vars)
           ^^^^^^^^^^^^^^^^^^^^^^^^^^^^
psycopg2.errors.UndefinedColumn: column "Video_Id" of relation "yt_api" does not exist
LINE 1: INSERT INTO staging.yt_api ("Video_Id", "Video_Title", "Uplo...
                                    ^

[2026-02-19T22:38:21.545+0000] {taskinstance.py:1206} INFO - Marking task as FAILED. dag_id=update_db, task_id=staging_table, run_id=scheduled__2026-02-18T15:00:00+00:00, execution_date=20260218T150000, start_date=20260219T223821, end_date=20260219T223821
[2026-02-19T22:38:21.600+0000] {standard_task_runner.py:110} ERROR - Failed to execute job 64 for task staging_table (column "Video_Id" of relation "yt_api" does not exist
LINE 1: INSERT INTO staging.yt_api ("Video_Id", "Video_Title", "Uplo...
                                    ^
; 6051)
[2026-02-19T22:38:21.621+0000] {local_task_job_runner.py:240} INFO - Task exited with return code 1
[2026-02-19T22:38:21.652+0000] {taskinstance.py:3503} INFO - 0 downstream tasks scheduled from follow-on schedule check
[2026-02-19T22:38:21.658+0000] {local_task_job_runner.py:222} INFO - ::endgroup::
[2026-02-19T23:55:31.423+0000] {local_task_job_runner.py:120} INFO - ::group::Pre task execution logs
[2026-02-19T23:55:31.454+0000] {taskinstance.py:2076} INFO - Dependencies all met for dep_context=non-requeueable deps ti=<TaskInstance: update_db.staging_table scheduled__2026-02-18T15:00:00+00:00 [queued]>
[2026-02-19T23:55:31.466+0000] {taskinstance.py:2076} INFO - Dependencies all met for dep_context=requeueable deps ti=<TaskInstance: update_db.staging_table scheduled__2026-02-18T15:00:00+00:00 [queued]>
[2026-02-19T23:55:31.467+0000] {taskinstance.py:2306} INFO - Starting attempt 3 of 3
[2026-02-19T23:55:31.488+0000] {taskinstance.py:2330} INFO - Executing <Task(_PythonDecoratedOperator): staging_table> on 2026-02-18 15:00:00+00:00
[2026-02-19T23:55:31.497+0000] {warnings.py:112} WARNING - /home/airflow/.local/lib/python3.12/site-packages/airflow/task/task_runner/standard_task_runner.py:61: DeprecationWarning: This process (pid=437) is multi-threaded, use of fork() may lead to deadlocks in the child.
  pid = os.fork()

[2026-02-19T23:55:31.499+0000] {standard_task_runner.py:63} INFO - Started process 438 to run task
[2026-02-19T23:55:31.499+0000] {standard_task_runner.py:90} INFO - Running: ['airflow', 'tasks', 'run', 'update_db', 'staging_table', 'scheduled__2026-02-18T15:00:00+00:00', '--job-id', '112', '--raw', '--subdir', 'DAGS_FOLDER/main.py', '--cfg-path', '/tmp/tmp53hwjyka']
[2026-02-19T23:55:31.501+0000] {standard_task_runner.py:91} INFO - Job 112: Subtask staging_table
[2026-02-19T23:55:31.601+0000] {task_command.py:426} INFO - Running <TaskInstance: update_db.staging_table scheduled__2026-02-18T15:00:00+00:00 [running]> on host dad303c8dd6b
[2026-02-19T23:55:31.749+0000] {taskinstance.py:2648} INFO - Exporting env vars: AIRFLOW_CTX_DAG_EMAIL='data@engineers.com' AIRFLOW_CTX_DAG_OWNER='dataengineers' AIRFLOW_CTX_DAG_ID='update_db' AIRFLOW_CTX_TASK_ID='staging_table' AIRFLOW_CTX_EXECUTION_DATE='2026-02-18T15:00:00+00:00' AIRFLOW_CTX_TRY_NUMBER='3' AIRFLOW_CTX_DAG_RUN_ID='scheduled__2026-02-18T15:00:00+00:00'
[2026-02-19T23:55:31.751+0000] {taskinstance.py:430} INFO - ::endgroup::
[2026-02-19T23:55:31.806+0000] {data_utils.py:20} INFO - Database connection established
[2026-02-19T23:55:31.811+0000] {data_loading.py:18} INFO - Loading data from /opt/airflow/data/YT_data_2026-02-19.json
[2026-02-19T23:55:31.824+0000] {data_loading.py:23} INFO - Loaded 945 records from JSON
[2026-02-19T23:55:31.872+0000] {data_utils.py:20} INFO - Database connection established
[2026-02-19T23:55:31.874+0000] {data_utils.py:43} INFO - Schema 'staging' created or already exists
[2026-02-19T23:55:31.875+0000] {data_utils.py:33} INFO - Database connection closed
[2026-02-19T23:55:31.917+0000] {data_utils.py:20} INFO - Database connection established
[2026-02-19T23:55:31.918+0000] {data_utils.py:76} INFO - Table 'staging.yt_api' created or already exists
[2026-02-19T23:55:31.919+0000] {data_utils.py:33} INFO - Database connection closed
[2026-02-19T23:55:31.922+0000] {data_utils.py:89} INFO - Retrieved 0 video IDs from staging
[2026-02-19T23:55:31.923+0000] {data_modification.py:25} ERROR - Error inserting row with Video_Id: hjkbqeWQAM8 - column "Video_Id" of relation "yt_api" does not exist
LINE 1: INSERT INTO staging.yt_api ("Video_Id", "Video_Title", "Uplo...
                                    ^

[2026-02-19T23:55:31.924+0000] {dwh.py:51} ERROR - An error occured during the update of staging table: column "Video_Id" of relation "yt_api" does not exist
LINE 1: INSERT INTO staging.yt_api ("Video_Id", "Video_Title", "Uplo...
                                    ^

[2026-02-19T23:55:31.925+0000] {data_utils.py:33} INFO - Database connection closed
[2026-02-19T23:55:31.927+0000] {taskinstance.py:441} INFO - ::group::Post task execution logs
[2026-02-19T23:55:31.929+0000] {taskinstance.py:2905} ERROR - Task failed with exception
Traceback (most recent call last):
  File "/home/airflow/.local/lib/python3.12/site-packages/airflow/models/taskinstance.py", line 465, in _execute_task
    result = _execute_callable(context=context, **execute_callable_kwargs)
             ^^^^^^^^^^^^^^^^^^^^^^^^^^^^^^^^^^^^^^^^^^^^^^^^^^^^^^^^^^^^^
  File "/home/airflow/.local/lib/python3.12/site-packages/airflow/models/taskinstance.py", line 432, in _execute_callable
    return execute_callable(context=context, **execute_callable_kwargs)
           ^^^^^^^^^^^^^^^^^^^^^^^^^^^^^^^^^^^^^^^^^^^^^^^^^^^^^^^^^^^^
  File "/home/airflow/.local/lib/python3.12/site-packages/airflow/models/baseoperator.py", line 401, in wrapper
    return func(self, *args, **kwargs)
           ^^^^^^^^^^^^^^^^^^^^^^^^^^^
  File "/home/airflow/.local/lib/python3.12/site-packages/airflow/decorators/base.py", line 265, in execute
    return_value = super().execute(context)
                   ^^^^^^^^^^^^^^^^^^^^^^^^
  File "/home/airflow/.local/lib/python3.12/site-packages/airflow/models/baseoperator.py", line 401, in wrapper
    return func(self, *args, **kwargs)
           ^^^^^^^^^^^^^^^^^^^^^^^^^^^
  File "/home/airflow/.local/lib/python3.12/site-packages/airflow/operators/python.py", line 235, in execute
    return_value = self.execute_callable()
                   ^^^^^^^^^^^^^^^^^^^^^^^
  File "/home/airflow/.local/lib/python3.12/site-packages/airflow/operators/python.py", line 252, in execute_callable
    return self.python_callable(*self.op_args, **self.op_kwargs)
           ^^^^^^^^^^^^^^^^^^^^^^^^^^^^^^^^^^^^^^^^^^^^^^^^^^^^^
  File "/opt/airflow/dags/datawarehouse/dwh.py", line 52, in staging_table
    raise e
  File "/opt/airflow/dags/datawarehouse/dwh.py", line 33, in staging_table
    insert_rows(cur, conn, schema, row)
  File "/opt/airflow/dags/datawarehouse/data_modification.py", line 26, in insert_rows
    raise e
  File "/opt/airflow/dags/datawarehouse/data_modification.py", line 10, in insert_rows
    cur.execute(
  File "/home/airflow/.local/lib/python3.12/site-packages/psycopg2/extras.py", line 236, in execute
    return super().execute(query, vars)
           ^^^^^^^^^^^^^^^^^^^^^^^^^^^^
psycopg2.errors.UndefinedColumn: column "Video_Id" of relation "yt_api" does not exist
LINE 1: INSERT INTO staging.yt_api ("Video_Id", "Video_Title", "Uplo...
                                    ^

[2026-02-19T23:55:31.950+0000] {taskinstance.py:1206} INFO - Marking task as FAILED. dag_id=update_db, task_id=staging_table, run_id=scheduled__2026-02-18T15:00:00+00:00, execution_date=20260218T150000, start_date=20260219T235531, end_date=20260219T235531
[2026-02-19T23:55:31.984+0000] {standard_task_runner.py:110} ERROR - Failed to execute job 112 for task staging_table (column "Video_Id" of relation "yt_api" does not exist
LINE 1: INSERT INTO staging.yt_api ("Video_Id", "Video_Title", "Uplo...
                                    ^
; 438)
[2026-02-19T23:55:32.036+0000] {local_task_job_runner.py:240} INFO - Task exited with return code 1
[2026-02-19T23:55:32.062+0000] {taskinstance.py:3503} INFO - 0 downstream tasks scheduled from follow-on schedule check
[2026-02-19T23:55:32.068+0000] {local_task_job_runner.py:222} INFO - ::endgroup::
