[2026-02-24T15:10:03.705+0000] {local_task_job_runner.py:120} INFO - ::group::Pre task execution logs
[2026-02-24T15:10:03.728+0000] {taskinstance.py:2076} INFO - Dependencies all met for dep_context=non-requeueable deps ti=<TaskInstance: update_db.staging_table scheduled__2026-02-23T15:00:00+00:00 [queued]>
[2026-02-24T15:10:03.736+0000] {taskinstance.py:2076} INFO - Dependencies all met for dep_context=requeueable deps ti=<TaskInstance: update_db.staging_table scheduled__2026-02-23T15:00:00+00:00 [queued]>
[2026-02-24T15:10:03.737+0000] {taskinstance.py:2306} INFO - Starting attempt 3 of 3
[2026-02-24T15:10:03.751+0000] {taskinstance.py:2330} INFO - Executing <Task(_PythonDecoratedOperator): staging_table> on 2026-02-23 15:00:00+00:00
[2026-02-24T15:10:03.757+0000] {warnings.py:112} WARNING - /home/airflow/.local/lib/python3.12/site-packages/airflow/task/task_runner/standard_task_runner.py:61: DeprecationWarning: This process (pid=1503) is multi-threaded, use of fork() may lead to deadlocks in the child.
  pid = os.fork()

[2026-02-24T15:10:03.759+0000] {standard_task_runner.py:63} INFO - Started process 1504 to run task
[2026-02-24T15:10:03.759+0000] {standard_task_runner.py:90} INFO - Running: ['airflow', 'tasks', 'run', 'update_db', 'staging_table', 'scheduled__2026-02-23T15:00:00+00:00', '--job-id', '260', '--raw', '--subdir', 'DAGS_FOLDER/main.py', '--cfg-path', '/tmp/tmpdc3fr0c3']
[2026-02-24T15:10:03.760+0000] {standard_task_runner.py:91} INFO - Job 260: Subtask staging_table
[2026-02-24T15:10:03.823+0000] {task_command.py:426} INFO - Running <TaskInstance: update_db.staging_table scheduled__2026-02-23T15:00:00+00:00 [running]> on host 74dced0ada0c
[2026-02-24T15:10:03.933+0000] {taskinstance.py:2648} INFO - Exporting env vars: AIRFLOW_CTX_DAG_EMAIL='data@engineers.com' AIRFLOW_CTX_DAG_OWNER='dataengineers' AIRFLOW_CTX_DAG_ID='update_db' AIRFLOW_CTX_TASK_ID='staging_table' AIRFLOW_CTX_EXECUTION_DATE='2026-02-23T15:00:00+00:00' AIRFLOW_CTX_TRY_NUMBER='3' AIRFLOW_CTX_DAG_RUN_ID='scheduled__2026-02-23T15:00:00+00:00'
[2026-02-24T15:10:03.936+0000] {taskinstance.py:430} INFO - ::endgroup::
[2026-02-24T15:10:03.947+0000] {base.py:84} INFO - Using connection ID 'postgres_db_yt_elt' for task execution.
[2026-02-24T15:10:03.952+0000] {dwh.py:52} ERROR - An error occured during the update of staging table: connection to server at "postgres" (172.18.0.6), port 5432 failed: FATAL:  password authentication failed for user "elt_user"

[2026-02-24T15:10:03.953+0000] {taskinstance.py:441} INFO - ::group::Post task execution logs
[2026-02-24T15:10:03.955+0000] {taskinstance.py:2905} ERROR - Task failed with exception
Traceback (most recent call last):
  File "/home/airflow/.local/lib/python3.12/site-packages/airflow/models/taskinstance.py", line 465, in _execute_task
    result = _execute_callable(context=context, **execute_callable_kwargs)
             ^^^^^^^^^^^^^^^^^^^^^^^^^^^^^^^^^^^^^^^^^^^^^^^^^^^^^^^^^^^^^
  File "/home/airflow/.local/lib/python3.12/site-packages/airflow/models/taskinstance.py", line 432, in _execute_callable
    return execute_callable(context=context, **execute_callable_kwargs)
           ^^^^^^^^^^^^^^^^^^^^^^^^^^^^^^^^^^^^^^^^^^^^^^^^^^^^^^^^^^^^
  File "/home/airflow/.local/lib/python3.12/site-packages/airflow/models/baseoperator.py", line 401, in wrapper
    return func(self, *args, **kwargs)
           ^^^^^^^^^^^^^^^^^^^^^^^^^^^
  File "/home/airflow/.local/lib/python3.12/site-packages/airflow/decorators/base.py", line 265, in execute
    return_value = super().execute(context)
                   ^^^^^^^^^^^^^^^^^^^^^^^^
  File "/home/airflow/.local/lib/python3.12/site-packages/airflow/models/baseoperator.py", line 401, in wrapper
    return func(self, *args, **kwargs)
           ^^^^^^^^^^^^^^^^^^^^^^^^^^^
  File "/home/airflow/.local/lib/python3.12/site-packages/airflow/operators/python.py", line 235, in execute
    return_value = self.execute_callable()
                   ^^^^^^^^^^^^^^^^^^^^^^^
  File "/home/airflow/.local/lib/python3.12/site-packages/airflow/operators/python.py", line 252, in execute_callable
    return self.python_callable(*self.op_args, **self.op_kwargs)
           ^^^^^^^^^^^^^^^^^^^^^^^^^^^^^^^^^^^^^^^^^^^^^^^^^^^^^
  File "/opt/airflow/dags/datawarehouse/dwh.py", line 53, in staging_table
    raise e
  File "/opt/airflow/dags/datawarehouse/dwh.py", line 22, in staging_table
    conn, cur = get_conn_cursor()
                ^^^^^^^^^^^^^^^^^
  File "/opt/airflow/dags/datawarehouse/data_utils.py", line 12, in get_conn_cursor
    conn = hook.get_conn()
           ^^^^^^^^^^^^^^^
  File "/home/airflow/.local/lib/python3.12/site-packages/airflow/providers/postgres/hooks/postgres.py", line 175, in get_conn
    self.conn = psycopg2.connect(**conn_args)
                ^^^^^^^^^^^^^^^^^^^^^^^^^^^^^
  File "/home/airflow/.local/lib/python3.12/site-packages/psycopg2/__init__.py", line 122, in connect
    conn = _connect(dsn, connection_factory=connection_factory, **kwasync)
           ^^^^^^^^^^^^^^^^^^^^^^^^^^^^^^^^^^^^^^^^^^^^^^^^^^^^^^^^^^^^^^^
psycopg2.OperationalError: connection to server at "postgres" (172.18.0.6), port 5432 failed: FATAL:  password authentication failed for user "elt_user"

[2026-02-24T15:10:03.974+0000] {taskinstance.py:1206} INFO - Marking task as FAILED. dag_id=update_db, task_id=staging_table, run_id=scheduled__2026-02-23T15:00:00+00:00, execution_date=20260223T150000, start_date=20260224T151003, end_date=20260224T151003
[2026-02-24T15:10:03.986+0000] {standard_task_runner.py:110} ERROR - Failed to execute job 260 for task staging_table (connection to server at "postgres" (172.18.0.6), port 5432 failed: FATAL:  password authentication failed for user "elt_user"
; 1504)
[2026-02-24T15:10:04.019+0000] {local_task_job_runner.py:240} INFO - Task exited with return code 1
[2026-02-24T15:10:04.042+0000] {taskinstance.py:3503} INFO - 0 downstream tasks scheduled from follow-on schedule check
[2026-02-24T15:10:04.047+0000] {local_task_job_runner.py:222} INFO - ::endgroup::
